<html>
<body>
<pre>
<h1>µVision Build Log</h1>
<h2>Tool Versions:</h2>
IDE-Version: ¦ÌVision V5.36.0.0
Copyright (C) 2021 ARM Ltd and ARM Germany GmbH. All rights reserved.
License Information: lll sunlord lll Flex license: MDK Plus 5.36 (Flex): 3 user(s) (mdk_plus) Support: Dec 2022
 
Tool Versions:
Toolchain:       MDK Plus 5.36 (Flex): 3 user(s)  Version: 5.36.0.0
Toolchain Path:  C:\Keil_v5\ARM\ARMCLANG\Bin
C Compiler:      ArmClang.exe V6.16
Assembler:       Armasm.exe V6.16
Linker/Locator:  ArmLink.exe V6.16
Library Manager: ArmAr.exe V6.16
Hex Converter:   FromElf.exe V6.16
CPU DLL:         
Dialog DLL:      
Target DLL:      CMSIS_AGDI_V8M.DLL V1.7.0.0
Dialog DLL:      TCM.DLL V1.53.0.0
 
<h2>Project:</h2>
E:\OneDrive\Going-On\20230925 - BOE_ChengDu\HSJM\v1.0\APPP\Template\Keil_project\Project.uvprojx
Project File Date:  01/15/2024

<h2>Output:</h2>
*** Using Compiler 'V6.16', folder: 'C:\Keil_v5\ARM\ARMCLANG\Bin'
Rebuild target 'GD32A50x'
compiling systick.c...
compiling gd32a50x_it.c...
compiling system_gd32a50x.c...
compiling gd32a50x_can.c...
compiling main.c...
compiling gd32a50x_bkp.c...
compiling gd32a50x_cmp.c...
compiling gd32a50x_adc.c...
compiling gd32a50x_crc.c...
compiling gd32a50x_dbg.c...
compiling gd32a50x_dac.c...
compiling gd32a50x_fwdgt.c...
compiling gd32a50x_gpio.c...
compiling gd32a50x_dma.c...
compiling gd32a50x_exti.c...
compiling gd32a50x_fmc.c...
compiling gd32a50x_i2c.c...
compiling gd32a50x_mfcom.c...
compiling gd32a50x_pmu.c...
compiling gd32a50x_misc.c...
compiling gd32a50x_rcu.c...
compiling gd32a50x_rtc.c...
compiling gd32a50x_spi.c...
compiling gd32a50x_syscfg.c...
assembling startup_gd32a50x.s...
compiling gd32a50x_trigsel.c...
compiling gd32a50x_wwdgt.c...
compiling gd32a50x_usart.c...
compiling gd32a50x_timer.c...
linking...
Program Size: Code=580 RO-data=364 RW-data=0 ZI-data=2056  
FromELF: creating hex file...
After Build - User command #1: fromelf.exe --bin --bincombined --bincombined_padding=1,0xff --output outfile.bin  .\Objects\Project.axf
".\Objects\Project.axf" - 0 Error(s), 0 Warning(s).

<h2>Software Packages used:</h2>

Package Vendor: ARM
                http://www.keil.com/pack/ARM.CMSIS.5.8.0.pack
                ARM.CMSIS.5.8.0
                CMSIS (Common Microcontroller Software Interface Standard)
   * Component: CORE Version: 5.5.0

Package Vendor: GigaDevice
                http://gd32mcu.21ic.com/data/documents/yingyongruanjian/GigaDevice.GD32A50x_DFP.1.1.0.pack
                GigaDevice.GD32A50x_DFP.1.1.0
                GigaDevice GD32A50x Series Device Support and Examples

<h2>Collection of Component include folders:</h2>
  .\RTE\_GD32A50x
  C:\Users\sunlord\AppData\Local\Arm\Packs\ARM\CMSIS\5.8.0\CMSIS\Core\Include

<h2>Collection of Component Files used:</h2>

   * Component: ARM::CMSIS:CORE:5.5.0
Build Time Elapsed:  00:00:03
</pre>
</body>
</html>
