<!doctype html public "-//w3c//dtd html 4.0 transitional//en">
<html><head>
<title>Static Call Graph - [.\Objects\Project.axf]</title></head>
<body><HR>
<H1>Static Call Graph for image .\Objects\Project.axf</H1><HR>
<BR><P>#&#060CALLGRAPH&#062# ARM Linker, 6160001: Last Updated: Tue Dec 12 10:49:08 2023
<BR><P>
<H3>Maximum Stack Usage =         68 bytes + Unknown(Cycles, Untraceable Function Pointers)</H3><H3>
Call chain for Maximum Stack Depth:</H3>
main &rArr; gpio_mode_set
<P>
<H3>
Mutually Recursive functions
</H3> <LI><a href="#[3]">MemManage_Handler</a>&nbsp;&nbsp;&nbsp;&rArr;&nbsp;&nbsp;&nbsp;<a href="#[3]">MemManage_Handler</a><BR>
 <LI><a href="#[4]">BusFault_Handler</a>&nbsp;&nbsp;&nbsp;&rArr;&nbsp;&nbsp;&nbsp;<a href="#[4]">BusFault_Handler</a><BR>
 <LI><a href="#[5]">UsageFault_Handler</a>&nbsp;&nbsp;&nbsp;&rArr;&nbsp;&nbsp;&nbsp;<a href="#[5]">UsageFault_Handler</a><BR>
 <LI><a href="#[7]">DebugMon_Handler</a>&nbsp;&nbsp;&nbsp;&rArr;&nbsp;&nbsp;&nbsp;<a href="#[7]">DebugMon_Handler</a><BR>
 <LI><a href="#[1b]">ADC0_1_IRQHandler</a>&nbsp;&nbsp;&nbsp;&rArr;&nbsp;&nbsp;&nbsp;<a href="#[1b]">ADC0_1_IRQHandler</a><BR>
</UL>
<P>
<H3>
Function Pointers
</H3><UL>
 <LI><a href="#[1b]">ADC0_1_IRQHandler</a> from startup_gd32a50x.o(.text) referenced from startup_gd32a50x.o(RESET)
 <LI><a href="#[4]">BusFault_Handler</a> from startup_gd32a50x.o(.text) referenced from startup_gd32a50x.o(RESET)
 <LI><a href="#[1d]">CAN0_Busoff_IRQHandler</a> from startup_gd32a50x.o(.text) referenced from startup_gd32a50x.o(RESET)
 <LI><a href="#[1e]">CAN0_Error_IRQHandler</a> from startup_gd32a50x.o(.text) referenced from startup_gd32a50x.o(RESET)
 <LI><a href="#[1f]">CAN0_FastError_IRQHandler</a> from startup_gd32a50x.o(.text) referenced from startup_gd32a50x.o(RESET)
 <LI><a href="#[1c]">CAN0_Message_IRQHandler</a> from startup_gd32a50x.o(.text) referenced from startup_gd32a50x.o(RESET)
 <LI><a href="#[21]">CAN0_REC_IRQHandler</a> from startup_gd32a50x.o(.text) referenced from startup_gd32a50x.o(RESET)
 <LI><a href="#[20]">CAN0_TEC_IRQHandler</a> from startup_gd32a50x.o(.text) referenced from startup_gd32a50x.o(RESET)
 <LI><a href="#[22]">CAN0_WKUP_IRQHandler</a> from startup_gd32a50x.o(.text) referenced from startup_gd32a50x.o(RESET)
 <LI><a href="#[45]">CAN1_Busoff_IRQHandler</a> from startup_gd32a50x.o(.text) referenced from startup_gd32a50x.o(RESET)
 <LI><a href="#[46]">CAN1_Error_IRQHandler</a> from startup_gd32a50x.o(.text) referenced from startup_gd32a50x.o(RESET)
 <LI><a href="#[47]">CAN1_FastError_IRQHandler</a> from startup_gd32a50x.o(.text) referenced from startup_gd32a50x.o(RESET)
 <LI><a href="#[44]">CAN1_Message_IRQHandler</a> from startup_gd32a50x.o(.text) referenced from startup_gd32a50x.o(RESET)
 <LI><a href="#[49]">CAN1_REC_IRQHandler</a> from startup_gd32a50x.o(.text) referenced from startup_gd32a50x.o(RESET)
 <LI><a href="#[48]">CAN1_TEC_IRQHandler</a> from startup_gd32a50x.o(.text) referenced from startup_gd32a50x.o(RESET)
 <LI><a href="#[43]">CAN1_WKUP_IRQHandler</a> from startup_gd32a50x.o(.text) referenced from startup_gd32a50x.o(RESET)
 <LI><a href="#[3a]">CMP_IRQHandler</a> from startup_gd32a50x.o(.text) referenced from startup_gd32a50x.o(RESET)
 <LI><a href="#[14]">DMA0_Channel0_IRQHandler</a> from startup_gd32a50x.o(.text) referenced from startup_gd32a50x.o(RESET)
 <LI><a href="#[15]">DMA0_Channel1_IRQHandler</a> from startup_gd32a50x.o(.text) referenced from startup_gd32a50x.o(RESET)
 <LI><a href="#[16]">DMA0_Channel2_IRQHandler</a> from startup_gd32a50x.o(.text) referenced from startup_gd32a50x.o(RESET)
 <LI><a href="#[17]">DMA0_Channel3_IRQHandler</a> from startup_gd32a50x.o(.text) referenced from startup_gd32a50x.o(RESET)
 <LI><a href="#[18]">DMA0_Channel4_IRQHandler</a> from startup_gd32a50x.o(.text) referenced from startup_gd32a50x.o(RESET)
 <LI><a href="#[19]">DMA0_Channel5_IRQHandler</a> from startup_gd32a50x.o(.text) referenced from startup_gd32a50x.o(RESET)
 <LI><a href="#[1a]">DMA0_Channel6_IRQHandler</a> from startup_gd32a50x.o(.text) referenced from startup_gd32a50x.o(RESET)
 <LI><a href="#[3e]">DMA1_Channel0_IRQHandler</a> from startup_gd32a50x.o(.text) referenced from startup_gd32a50x.o(RESET)
 <LI><a href="#[3f]">DMA1_Channel1_IRQHandler</a> from startup_gd32a50x.o(.text) referenced from startup_gd32a50x.o(RESET)
 <LI><a href="#[40]">DMA1_Channel2_IRQHandler</a> from startup_gd32a50x.o(.text) referenced from startup_gd32a50x.o(RESET)
 <LI><a href="#[41]">DMA1_Channel3_IRQHandler</a> from startup_gd32a50x.o(.text) referenced from startup_gd32a50x.o(RESET)
 <LI><a href="#[42]">DMA1_Channel4_IRQHandler</a> from startup_gd32a50x.o(.text) referenced from startup_gd32a50x.o(RESET)
 <LI><a href="#[38]">DMAMUX_IRQHandler</a> from startup_gd32a50x.o(.text) referenced from startup_gd32a50x.o(RESET)
 <LI><a href="#[7]">DebugMon_Handler</a> from startup_gd32a50x.o(.text) referenced from startup_gd32a50x.o(RESET)
 <LI><a href="#[f]">EXTI0_IRQHandler</a> from startup_gd32a50x.o(.text) referenced from startup_gd32a50x.o(RESET)
 <LI><a href="#[31]">EXTI10_15_IRQHandler</a> from startup_gd32a50x.o(.text) referenced from startup_gd32a50x.o(RESET)
 <LI><a href="#[10]">EXTI1_IRQHandler</a> from startup_gd32a50x.o(.text) referenced from startup_gd32a50x.o(RESET)
 <LI><a href="#[11]">EXTI2_IRQHandler</a> from startup_gd32a50x.o(.text) referenced from startup_gd32a50x.o(RESET)
 <LI><a href="#[12]">EXTI3_IRQHandler</a> from startup_gd32a50x.o(.text) referenced from startup_gd32a50x.o(RESET)
 <LI><a href="#[13]">EXTI4_IRQHandler</a> from startup_gd32a50x.o(.text) referenced from startup_gd32a50x.o(RESET)
 <LI><a href="#[32]">EXTI5_9_IRQHandler</a> from startup_gd32a50x.o(.text) referenced from startup_gd32a50x.o(RESET)
 <LI><a href="#[d]">FMC_IRQHandler</a> from startup_gd32a50x.o(.text) referenced from startup_gd32a50x.o(RESET)
 <LI><a href="#[4a]">FPU_IRQHandler</a> from startup_gd32a50x.o(.text) referenced from startup_gd32a50x.o(RESET)
 <LI><a href="#[2]">HardFault_Handler</a> from gd32a50x_it.o(.text.HardFault_Handler) referenced from startup_gd32a50x.o(RESET)
 <LI><a href="#[29]">I2C0_ER_IRQHandler</a> from startup_gd32a50x.o(.text) referenced from startup_gd32a50x.o(RESET)
 <LI><a href="#[28]">I2C0_EV_IRQHandler</a> from startup_gd32a50x.o(.text) referenced from startup_gd32a50x.o(RESET)
 <LI><a href="#[2b]">I2C1_ER_IRQHandler</a> from startup_gd32a50x.o(.text) referenced from startup_gd32a50x.o(RESET)
 <LI><a href="#[2a]">I2C1_EV_IRQHandler</a> from startup_gd32a50x.o(.text) referenced from startup_gd32a50x.o(RESET)
 <LI><a href="#[b]">LVD_IRQHandler</a> from startup_gd32a50x.o(.text) referenced from startup_gd32a50x.o(RESET)
 <LI><a href="#[4b]">MFCOM_IRQHandler</a> from startup_gd32a50x.o(.text) referenced from startup_gd32a50x.o(RESET)
 <LI><a href="#[3]">MemManage_Handler</a> from startup_gd32a50x.o(.text) referenced from startup_gd32a50x.o(RESET)
 <LI><a href="#[1]">NMI_Handler</a> from gd32a50x_it.o(.text.NMI_Handler) referenced from startup_gd32a50x.o(RESET)
 <LI><a href="#[3b]">OVD_IRQHandler</a> from startup_gd32a50x.o(.text) referenced from startup_gd32a50x.o(RESET)
 <LI><a href="#[8]">PendSV_Handler</a> from gd32a50x_it.o(.text.PendSV_Handler) referenced from startup_gd32a50x.o(RESET)
 <LI><a href="#[e]">RCU_IRQHandler</a> from startup_gd32a50x.o(.text) referenced from startup_gd32a50x.o(RESET)
 <LI><a href="#[c]">RTC_IRQHandler</a> from startup_gd32a50x.o(.text) referenced from startup_gd32a50x.o(RESET)
 <LI><a href="#[0]">Reset_Handler</a> from startup_gd32a50x.o(.text) referenced from startup_gd32a50x.o(RESET)
 <LI><a href="#[2c]">SPI0_IRQHandler</a> from startup_gd32a50x.o(.text) referenced from startup_gd32a50x.o(RESET)
 <LI><a href="#[2d]">SPI1_IRQHandler</a> from startup_gd32a50x.o(.text) referenced from startup_gd32a50x.o(RESET)
 <LI><a href="#[39]">SRAMC_ECCSE_IRQHandler</a> from startup_gd32a50x.o(.text) referenced from startup_gd32a50x.o(RESET)
 <LI><a href="#[6]">SVC_Handler</a> from gd32a50x_it.o(.text.SVC_Handler) referenced from startup_gd32a50x.o(RESET)
 <LI><a href="#[9]">SysTick_Handler</a> from gd32a50x_it.o(.text.SysTick_Handler) referenced from startup_gd32a50x.o(RESET)
 <LI><a href="#[33]">TAMPER_IRQHandler</a> from startup_gd32a50x.o(.text) referenced from startup_gd32a50x.o(RESET)
 <LI><a href="#[23]">TIMER0_BRK_UP_TRG_CMT_IRQHandler</a> from startup_gd32a50x.o(.text) referenced from startup_gd32a50x.o(RESET)
 <LI><a href="#[24]">TIMER0_Channel_IRQHandler</a> from startup_gd32a50x.o(.text) referenced from startup_gd32a50x.o(RESET)
 <LI><a href="#[26]">TIMER19_BRK_UP_TRG_CMT_IRQHandler</a> from startup_gd32a50x.o(.text) referenced from startup_gd32a50x.o(RESET)
 <LI><a href="#[27]">TIMER19_Channel_IRQHandler</a> from startup_gd32a50x.o(.text) referenced from startup_gd32a50x.o(RESET)
 <LI><a href="#[25]">TIMER1_IRQHandler</a> from startup_gd32a50x.o(.text) referenced from startup_gd32a50x.o(RESET)
 <LI><a href="#[34]">TIMER20_BRK_UP_TRG_CMT_IRQHandler</a> from startup_gd32a50x.o(.text) referenced from startup_gd32a50x.o(RESET)
 <LI><a href="#[35]">TIMER20_Channel_IRQHandler</a> from startup_gd32a50x.o(.text) referenced from startup_gd32a50x.o(RESET)
 <LI><a href="#[3c]">TIMER5_DAC_IRQHandler</a> from startup_gd32a50x.o(.text) referenced from startup_gd32a50x.o(RESET)
 <LI><a href="#[3d]">TIMER6_IRQHandler</a> from startup_gd32a50x.o(.text) referenced from startup_gd32a50x.o(RESET)
 <LI><a href="#[36]">TIMER7_BRK_UP_TRG_CMT_IRQHandler</a> from startup_gd32a50x.o(.text) referenced from startup_gd32a50x.o(RESET)
 <LI><a href="#[37]">TIMER7_Channel_IRQHandler</a> from startup_gd32a50x.o(.text) referenced from startup_gd32a50x.o(RESET)
 <LI><a href="#[2e]">USART0_IRQHandler</a> from startup_gd32a50x.o(.text) referenced from startup_gd32a50x.o(RESET)
 <LI><a href="#[2f]">USART1_IRQHandler</a> from startup_gd32a50x.o(.text) referenced from startup_gd32a50x.o(RESET)
 <LI><a href="#[30]">USART2_IRQHandler</a> from startup_gd32a50x.o(.text) referenced from startup_gd32a50x.o(RESET)
 <LI><a href="#[5]">UsageFault_Handler</a> from startup_gd32a50x.o(.text) referenced from startup_gd32a50x.o(RESET)
 <LI><a href="#[a]">WWDGT_IRQHandler</a> from startup_gd32a50x.o(.text) referenced from startup_gd32a50x.o(RESET)
 <LI><a href="#[4d]">__main</a> from entry.o(.ARM.Collect$$$$00000000) referenced from startup_gd32a50x.o(.text)
 <LI><a href="#[4c]">main</a> from main.o(.text.main) referenced from entry9a.o(.ARM.Collect$$$$0000000B)
</UL>
<P>
<H3>
Global Symbols
</H3>
<P><STRONG><a name="[4d]"></a>__main</STRONG> (Thumb, 0 bytes, Stack size unknown bytes, entry.o(.ARM.Collect$$$$00000000))
<BR>[Address Reference Count : 1]<UL><LI> startup_gd32a50x.o(.text)
</UL>
<P><STRONG><a name="[54]"></a>_main_stk</STRONG> (Thumb, 0 bytes, Stack size unknown bytes, entry2.o(.ARM.Collect$$$$00000001))

<P><STRONG><a name="[4e]"></a>_main_scatterload</STRONG> (Thumb, 0 bytes, Stack size unknown bytes, entry5.o(.ARM.Collect$$$$00000004))
<BR><BR>[Calls]<UL><LI><a href="#[4f]">&gt;&gt;</a>&nbsp;&nbsp;&nbsp;__scatterload
</UL>

<P><STRONG><a name="[50]"></a>__main_after_scatterload</STRONG> (Thumb, 0 bytes, Stack size unknown bytes, entry5.o(.ARM.Collect$$$$00000004))
<BR><BR>[Called By]<UL><LI><a href="#[4f]">&gt;&gt;</a>&nbsp;&nbsp;&nbsp;__scatterload
</UL>

<P><STRONG><a name="[55]"></a>_main_clock</STRONG> (Thumb, 0 bytes, Stack size unknown bytes, entry7b.o(.ARM.Collect$$$$00000008))

<P><STRONG><a name="[56]"></a>_main_cpp_init</STRONG> (Thumb, 0 bytes, Stack size unknown bytes, entry8b.o(.ARM.Collect$$$$0000000A))

<P><STRONG><a name="[57]"></a>_main_init</STRONG> (Thumb, 0 bytes, Stack size unknown bytes, entry9a.o(.ARM.Collect$$$$0000000B))

<P><STRONG><a name="[58]"></a>__rt_final_cpp</STRONG> (Thumb, 0 bytes, Stack size unknown bytes, entry10a.o(.ARM.Collect$$$$0000000D))

<P><STRONG><a name="[59]"></a>__rt_final_exit</STRONG> (Thumb, 0 bytes, Stack size unknown bytes, entry11a.o(.ARM.Collect$$$$0000000F))

<P><STRONG><a name="[0]"></a>Reset_Handler</STRONG> (Thumb, 38 bytes, Stack size 0 bytes, startup_gd32a50x.o(.text))
<BR>[Address Reference Count : 1]<UL><LI> startup_gd32a50x.o(RESET)
</UL>
<P><STRONG><a name="[3]"></a>MemManage_Handler</STRONG> (Thumb, 2 bytes, Stack size 0 bytes, startup_gd32a50x.o(.text))
<BR><BR>[Calls]<UL><LI><a href="#[3]">&gt;&gt;</a>&nbsp;&nbsp;&nbsp;MemManage_Handler
</UL>
<BR>[Called By]<UL><LI><a href="#[3]">&gt;&gt;</a>&nbsp;&nbsp;&nbsp;MemManage_Handler
</UL>
<BR>[Address Reference Count : 1]<UL><LI> startup_gd32a50x.o(RESET)
</UL>
<P><STRONG><a name="[4]"></a>BusFault_Handler</STRONG> (Thumb, 2 bytes, Stack size 0 bytes, startup_gd32a50x.o(.text))
<BR><BR>[Calls]<UL><LI><a href="#[4]">&gt;&gt;</a>&nbsp;&nbsp;&nbsp;BusFault_Handler
</UL>
<BR>[Called By]<UL><LI><a href="#[4]">&gt;&gt;</a>&nbsp;&nbsp;&nbsp;BusFault_Handler
</UL>
<BR>[Address Reference Count : 1]<UL><LI> startup_gd32a50x.o(RESET)
</UL>
<P><STRONG><a name="[5]"></a>UsageFault_Handler</STRONG> (Thumb, 2 bytes, Stack size 0 bytes, startup_gd32a50x.o(.text))
<BR><BR>[Calls]<UL><LI><a href="#[5]">&gt;&gt;</a>&nbsp;&nbsp;&nbsp;UsageFault_Handler
</UL>
<BR>[Called By]<UL><LI><a href="#[5]">&gt;&gt;</a>&nbsp;&nbsp;&nbsp;UsageFault_Handler
</UL>
<BR>[Address Reference Count : 1]<UL><LI> startup_gd32a50x.o(RESET)
</UL>
<P><STRONG><a name="[7]"></a>DebugMon_Handler</STRONG> (Thumb, 2 bytes, Stack size 0 bytes, startup_gd32a50x.o(.text))
<BR><BR>[Calls]<UL><LI><a href="#[7]">&gt;&gt;</a>&nbsp;&nbsp;&nbsp;DebugMon_Handler
</UL>
<BR>[Called By]<UL><LI><a href="#[7]">&gt;&gt;</a>&nbsp;&nbsp;&nbsp;DebugMon_Handler
</UL>
<BR>[Address Reference Count : 1]<UL><LI> startup_gd32a50x.o(RESET)
</UL>
<P><STRONG><a name="[1b]"></a>ADC0_1_IRQHandler</STRONG> (Thumb, 0 bytes, Stack size 0 bytes, startup_gd32a50x.o(.text))
<BR><BR>[Calls]<UL><LI><a href="#[1b]">&gt;&gt;</a>&nbsp;&nbsp;&nbsp;ADC0_1_IRQHandler
</UL>
<BR>[Called By]<UL><LI><a href="#[1b]">&gt;&gt;</a>&nbsp;&nbsp;&nbsp;ADC0_1_IRQHandler
</UL>
<BR>[Address Reference Count : 1]<UL><LI> startup_gd32a50x.o(RESET)
</UL>
<P><STRONG><a name="[1d]"></a>CAN0_Busoff_IRQHandler</STRONG> (Thumb, 0 bytes, Stack size 0 bytes, startup_gd32a50x.o(.text))
<BR>[Address Reference Count : 1]<UL><LI> startup_gd32a50x.o(RESET)
</UL>
<P><STRONG><a name="[1e]"></a>CAN0_Error_IRQHandler</STRONG> (Thumb, 0 bytes, Stack size 0 bytes, startup_gd32a50x.o(.text))
<BR>[Address Reference Count : 1]<UL><LI> startup_gd32a50x.o(RESET)
</UL>
<P><STRONG><a name="[1f]"></a>CAN0_FastError_IRQHandler</STRONG> (Thumb, 0 bytes, Stack size 0 bytes, startup_gd32a50x.o(.text))
<BR>[Address Reference Count : 1]<UL><LI> startup_gd32a50x.o(RESET)
</UL>
<P><STRONG><a name="[1c]"></a>CAN0_Message_IRQHandler</STRONG> (Thumb, 0 bytes, Stack size 0 bytes, startup_gd32a50x.o(.text))
<BR>[Address Reference Count : 1]<UL><LI> startup_gd32a50x.o(RESET)
</UL>
<P><STRONG><a name="[21]"></a>CAN0_REC_IRQHandler</STRONG> (Thumb, 0 bytes, Stack size 0 bytes, startup_gd32a50x.o(.text))
<BR>[Address Reference Count : 1]<UL><LI> startup_gd32a50x.o(RESET)
</UL>
<P><STRONG><a name="[20]"></a>CAN0_TEC_IRQHandler</STRONG> (Thumb, 0 bytes, Stack size 0 bytes, startup_gd32a50x.o(.text))
<BR>[Address Reference Count : 1]<UL><LI> startup_gd32a50x.o(RESET)
</UL>
<P><STRONG><a name="[22]"></a>CAN0_WKUP_IRQHandler</STRONG> (Thumb, 0 bytes, Stack size 0 bytes, startup_gd32a50x.o(.text))
<BR>[Address Reference Count : 1]<UL><LI> startup_gd32a50x.o(RESET)
</UL>
<P><STRONG><a name="[45]"></a>CAN1_Busoff_IRQHandler</STRONG> (Thumb, 0 bytes, Stack size 0 bytes, startup_gd32a50x.o(.text))
<BR>[Address Reference Count : 1]<UL><LI> startup_gd32a50x.o(RESET)
</UL>
<P><STRONG><a name="[46]"></a>CAN1_Error_IRQHandler</STRONG> (Thumb, 0 bytes, Stack size 0 bytes, startup_gd32a50x.o(.text))
<BR>[Address Reference Count : 1]<UL><LI> startup_gd32a50x.o(RESET)
</UL>
<P><STRONG><a name="[47]"></a>CAN1_FastError_IRQHandler</STRONG> (Thumb, 0 bytes, Stack size 0 bytes, startup_gd32a50x.o(.text))
<BR>[Address Reference Count : 1]<UL><LI> startup_gd32a50x.o(RESET)
</UL>
<P><STRONG><a name="[44]"></a>CAN1_Message_IRQHandler</STRONG> (Thumb, 0 bytes, Stack size 0 bytes, startup_gd32a50x.o(.text))
<BR>[Address Reference Count : 1]<UL><LI> startup_gd32a50x.o(RESET)
</UL>
<P><STRONG><a name="[49]"></a>CAN1_REC_IRQHandler</STRONG> (Thumb, 0 bytes, Stack size 0 bytes, startup_gd32a50x.o(.text))
<BR>[Address Reference Count : 1]<UL><LI> startup_gd32a50x.o(RESET)
</UL>
<P><STRONG><a name="[48]"></a>CAN1_TEC_IRQHandler</STRONG> (Thumb, 0 bytes, Stack size 0 bytes, startup_gd32a50x.o(.text))
<BR>[Address Reference Count : 1]<UL><LI> startup_gd32a50x.o(RESET)
</UL>
<P><STRONG><a name="[43]"></a>CAN1_WKUP_IRQHandler</STRONG> (Thumb, 0 bytes, Stack size 0 bytes, startup_gd32a50x.o(.text))
<BR>[Address Reference Count : 1]<UL><LI> startup_gd32a50x.o(RESET)
</UL>
<P><STRONG><a name="[3a]"></a>CMP_IRQHandler</STRONG> (Thumb, 0 bytes, Stack size 0 bytes, startup_gd32a50x.o(.text))
<BR>[Address Reference Count : 1]<UL><LI> startup_gd32a50x.o(RESET)
</UL>
<P><STRONG><a name="[14]"></a>DMA0_Channel0_IRQHandler</STRONG> (Thumb, 0 bytes, Stack size 0 bytes, startup_gd32a50x.o(.text))
<BR>[Address Reference Count : 1]<UL><LI> startup_gd32a50x.o(RESET)
</UL>
<P><STRONG><a name="[15]"></a>DMA0_Channel1_IRQHandler</STRONG> (Thumb, 0 bytes, Stack size 0 bytes, startup_gd32a50x.o(.text))
<BR>[Address Reference Count : 1]<UL><LI> startup_gd32a50x.o(RESET)
</UL>
<P><STRONG><a name="[16]"></a>DMA0_Channel2_IRQHandler</STRONG> (Thumb, 0 bytes, Stack size 0 bytes, startup_gd32a50x.o(.text))
<BR>[Address Reference Count : 1]<UL><LI> startup_gd32a50x.o(RESET)
</UL>
<P><STRONG><a name="[17]"></a>DMA0_Channel3_IRQHandler</STRONG> (Thumb, 0 bytes, Stack size 0 bytes, startup_gd32a50x.o(.text))
<BR>[Address Reference Count : 1]<UL><LI> startup_gd32a50x.o(RESET)
</UL>
<P><STRONG><a name="[18]"></a>DMA0_Channel4_IRQHandler</STRONG> (Thumb, 0 bytes, Stack size 0 bytes, startup_gd32a50x.o(.text))
<BR>[Address Reference Count : 1]<UL><LI> startup_gd32a50x.o(RESET)
</UL>
<P><STRONG><a name="[19]"></a>DMA0_Channel5_IRQHandler</STRONG> (Thumb, 0 bytes, Stack size 0 bytes, startup_gd32a50x.o(.text))
<BR>[Address Reference Count : 1]<UL><LI> startup_gd32a50x.o(RESET)
</UL>
<P><STRONG><a name="[1a]"></a>DMA0_Channel6_IRQHandler</STRONG> (Thumb, 0 bytes, Stack size 0 bytes, startup_gd32a50x.o(.text))
<BR>[Address Reference Count : 1]<UL><LI> startup_gd32a50x.o(RESET)
</UL>
<P><STRONG><a name="[3e]"></a>DMA1_Channel0_IRQHandler</STRONG> (Thumb, 0 bytes, Stack size 0 bytes, startup_gd32a50x.o(.text))
<BR>[Address Reference Count : 1]<UL><LI> startup_gd32a50x.o(RESET)
</UL>
<P><STRONG><a name="[3f]"></a>DMA1_Channel1_IRQHandler</STRONG> (Thumb, 0 bytes, Stack size 0 bytes, startup_gd32a50x.o(.text))
<BR>[Address Reference Count : 1]<UL><LI> startup_gd32a50x.o(RESET)
</UL>
<P><STRONG><a name="[40]"></a>DMA1_Channel2_IRQHandler</STRONG> (Thumb, 0 bytes, Stack size 0 bytes, startup_gd32a50x.o(.text))
<BR>[Address Reference Count : 1]<UL><LI> startup_gd32a50x.o(RESET)
</UL>
<P><STRONG><a name="[41]"></a>DMA1_Channel3_IRQHandler</STRONG> (Thumb, 0 bytes, Stack size 0 bytes, startup_gd32a50x.o(.text))
<BR>[Address Reference Count : 1]<UL><LI> startup_gd32a50x.o(RESET)
</UL>
<P><STRONG><a name="[42]"></a>DMA1_Channel4_IRQHandler</STRONG> (Thumb, 0 bytes, Stack size 0 bytes, startup_gd32a50x.o(.text))
<BR>[Address Reference Count : 1]<UL><LI> startup_gd32a50x.o(RESET)
</UL>
<P><STRONG><a name="[38]"></a>DMAMUX_IRQHandler</STRONG> (Thumb, 0 bytes, Stack size 0 bytes, startup_gd32a50x.o(.text))
<BR>[Address Reference Count : 1]<UL><LI> startup_gd32a50x.o(RESET)
</UL>
<P><STRONG><a name="[f]"></a>EXTI0_IRQHandler</STRONG> (Thumb, 0 bytes, Stack size 0 bytes, startup_gd32a50x.o(.text))
<BR>[Address Reference Count : 1]<UL><LI> startup_gd32a50x.o(RESET)
</UL>
<P><STRONG><a name="[31]"></a>EXTI10_15_IRQHandler</STRONG> (Thumb, 0 bytes, Stack size 0 bytes, startup_gd32a50x.o(.text))
<BR>[Address Reference Count : 1]<UL><LI> startup_gd32a50x.o(RESET)
</UL>
<P><STRONG><a name="[10]"></a>EXTI1_IRQHandler</STRONG> (Thumb, 0 bytes, Stack size 0 bytes, startup_gd32a50x.o(.text))
<BR>[Address Reference Count : 1]<UL><LI> startup_gd32a50x.o(RESET)
</UL>
<P><STRONG><a name="[11]"></a>EXTI2_IRQHandler</STRONG> (Thumb, 0 bytes, Stack size 0 bytes, startup_gd32a50x.o(.text))
<BR>[Address Reference Count : 1]<UL><LI> startup_gd32a50x.o(RESET)
</UL>
<P><STRONG><a name="[12]"></a>EXTI3_IRQHandler</STRONG> (Thumb, 0 bytes, Stack size 0 bytes, startup_gd32a50x.o(.text))
<BR>[Address Reference Count : 1]<UL><LI> startup_gd32a50x.o(RESET)
</UL>
<P><STRONG><a name="[13]"></a>EXTI4_IRQHandler</STRONG> (Thumb, 0 bytes, Stack size 0 bytes, startup_gd32a50x.o(.text))
<BR>[Address Reference Count : 1]<UL><LI> startup_gd32a50x.o(RESET)
</UL>
<P><STRONG><a name="[32]"></a>EXTI5_9_IRQHandler</STRONG> (Thumb, 0 bytes, Stack size 0 bytes, startup_gd32a50x.o(.text))
<BR>[Address Reference Count : 1]<UL><LI> startup_gd32a50x.o(RESET)
</UL>
<P><STRONG><a name="[d]"></a>FMC_IRQHandler</STRONG> (Thumb, 0 bytes, Stack size 0 bytes, startup_gd32a50x.o(.text))
<BR>[Address Reference Count : 1]<UL><LI> startup_gd32a50x.o(RESET)
</UL>
<P><STRONG><a name="[4a]"></a>FPU_IRQHandler</STRONG> (Thumb, 0 bytes, Stack size 0 bytes, startup_gd32a50x.o(.text))
<BR>[Address Reference Count : 1]<UL><LI> startup_gd32a50x.o(RESET)
</UL>
<P><STRONG><a name="[29]"></a>I2C0_ER_IRQHandler</STRONG> (Thumb, 0 bytes, Stack size 0 bytes, startup_gd32a50x.o(.text))
<BR>[Address Reference Count : 1]<UL><LI> startup_gd32a50x.o(RESET)
</UL>
<P><STRONG><a name="[28]"></a>I2C0_EV_IRQHandler</STRONG> (Thumb, 0 bytes, Stack size 0 bytes, startup_gd32a50x.o(.text))
<BR>[Address Reference Count : 1]<UL><LI> startup_gd32a50x.o(RESET)
</UL>
<P><STRONG><a name="[2b]"></a>I2C1_ER_IRQHandler</STRONG> (Thumb, 0 bytes, Stack size 0 bytes, startup_gd32a50x.o(.text))
<BR>[Address Reference Count : 1]<UL><LI> startup_gd32a50x.o(RESET)
</UL>
<P><STRONG><a name="[2a]"></a>I2C1_EV_IRQHandler</STRONG> (Thumb, 0 bytes, Stack size 0 bytes, startup_gd32a50x.o(.text))
<BR>[Address Reference Count : 1]<UL><LI> startup_gd32a50x.o(RESET)
</UL>
<P><STRONG><a name="[b]"></a>LVD_IRQHandler</STRONG> (Thumb, 0 bytes, Stack size 0 bytes, startup_gd32a50x.o(.text))
<BR>[Address Reference Count : 1]<UL><LI> startup_gd32a50x.o(RESET)
</UL>
<P><STRONG><a name="[4b]"></a>MFCOM_IRQHandler</STRONG> (Thumb, 0 bytes, Stack size 0 bytes, startup_gd32a50x.o(.text))
<BR>[Address Reference Count : 1]<UL><LI> startup_gd32a50x.o(RESET)
</UL>
<P><STRONG><a name="[3b]"></a>OVD_IRQHandler</STRONG> (Thumb, 0 bytes, Stack size 0 bytes, startup_gd32a50x.o(.text))
<BR>[Address Reference Count : 1]<UL><LI> startup_gd32a50x.o(RESET)
</UL>
<P><STRONG><a name="[e]"></a>RCU_IRQHandler</STRONG> (Thumb, 0 bytes, Stack size 0 bytes, startup_gd32a50x.o(.text))
<BR>[Address Reference Count : 1]<UL><LI> startup_gd32a50x.o(RESET)
</UL>
<P><STRONG><a name="[c]"></a>RTC_IRQHandler</STRONG> (Thumb, 0 bytes, Stack size 0 bytes, startup_gd32a50x.o(.text))
<BR>[Address Reference Count : 1]<UL><LI> startup_gd32a50x.o(RESET)
</UL>
<P><STRONG><a name="[2c]"></a>SPI0_IRQHandler</STRONG> (Thumb, 0 bytes, Stack size 0 bytes, startup_gd32a50x.o(.text))
<BR>[Address Reference Count : 1]<UL><LI> startup_gd32a50x.o(RESET)
</UL>
<P><STRONG><a name="[2d]"></a>SPI1_IRQHandler</STRONG> (Thumb, 0 bytes, Stack size 0 bytes, startup_gd32a50x.o(.text))
<BR>[Address Reference Count : 1]<UL><LI> startup_gd32a50x.o(RESET)
</UL>
<P><STRONG><a name="[39]"></a>SRAMC_ECCSE_IRQHandler</STRONG> (Thumb, 0 bytes, Stack size 0 bytes, startup_gd32a50x.o(.text))
<BR>[Address Reference Count : 1]<UL><LI> startup_gd32a50x.o(RESET)
</UL>
<P><STRONG><a name="[33]"></a>TAMPER_IRQHandler</STRONG> (Thumb, 0 bytes, Stack size 0 bytes, startup_gd32a50x.o(.text))
<BR>[Address Reference Count : 1]<UL><LI> startup_gd32a50x.o(RESET)
</UL>
<P><STRONG><a name="[23]"></a>TIMER0_BRK_UP_TRG_CMT_IRQHandler</STRONG> (Thumb, 0 bytes, Stack size 0 bytes, startup_gd32a50x.o(.text))
<BR>[Address Reference Count : 1]<UL><LI> startup_gd32a50x.o(RESET)
</UL>
<P><STRONG><a name="[24]"></a>TIMER0_Channel_IRQHandler</STRONG> (Thumb, 0 bytes, Stack size 0 bytes, startup_gd32a50x.o(.text))
<BR>[Address Reference Count : 1]<UL><LI> startup_gd32a50x.o(RESET)
</UL>
<P><STRONG><a name="[26]"></a>TIMER19_BRK_UP_TRG_CMT_IRQHandler</STRONG> (Thumb, 0 bytes, Stack size 0 bytes, startup_gd32a50x.o(.text))
<BR>[Address Reference Count : 1]<UL><LI> startup_gd32a50x.o(RESET)
</UL>
<P><STRONG><a name="[27]"></a>TIMER19_Channel_IRQHandler</STRONG> (Thumb, 0 bytes, Stack size 0 bytes, startup_gd32a50x.o(.text))
<BR>[Address Reference Count : 1]<UL><LI> startup_gd32a50x.o(RESET)
</UL>
<P><STRONG><a name="[25]"></a>TIMER1_IRQHandler</STRONG> (Thumb, 0 bytes, Stack size 0 bytes, startup_gd32a50x.o(.text))
<BR>[Address Reference Count : 1]<UL><LI> startup_gd32a50x.o(RESET)
</UL>
<P><STRONG><a name="[34]"></a>TIMER20_BRK_UP_TRG_CMT_IRQHandler</STRONG> (Thumb, 0 bytes, Stack size 0 bytes, startup_gd32a50x.o(.text))
<BR>[Address Reference Count : 1]<UL><LI> startup_gd32a50x.o(RESET)
</UL>
<P><STRONG><a name="[35]"></a>TIMER20_Channel_IRQHandler</STRONG> (Thumb, 0 bytes, Stack size 0 bytes, startup_gd32a50x.o(.text))
<BR>[Address Reference Count : 1]<UL><LI> startup_gd32a50x.o(RESET)
</UL>
<P><STRONG><a name="[3c]"></a>TIMER5_DAC_IRQHandler</STRONG> (Thumb, 0 bytes, Stack size 0 bytes, startup_gd32a50x.o(.text))
<BR>[Address Reference Count : 1]<UL><LI> startup_gd32a50x.o(RESET)
</UL>
<P><STRONG><a name="[3d]"></a>TIMER6_IRQHandler</STRONG> (Thumb, 0 bytes, Stack size 0 bytes, startup_gd32a50x.o(.text))
<BR>[Address Reference Count : 1]<UL><LI> startup_gd32a50x.o(RESET)
</UL>
<P><STRONG><a name="[36]"></a>TIMER7_BRK_UP_TRG_CMT_IRQHandler</STRONG> (Thumb, 0 bytes, Stack size 0 bytes, startup_gd32a50x.o(.text))
<BR>[Address Reference Count : 1]<UL><LI> startup_gd32a50x.o(RESET)
</UL>
<P><STRONG><a name="[37]"></a>TIMER7_Channel_IRQHandler</STRONG> (Thumb, 0 bytes, Stack size 0 bytes, startup_gd32a50x.o(.text))
<BR>[Address Reference Count : 1]<UL><LI> startup_gd32a50x.o(RESET)
</UL>
<P><STRONG><a name="[2e]"></a>USART0_IRQHandler</STRONG> (Thumb, 0 bytes, Stack size 0 bytes, startup_gd32a50x.o(.text))
<BR>[Address Reference Count : 1]<UL><LI> startup_gd32a50x.o(RESET)
</UL>
<P><STRONG><a name="[2f]"></a>USART1_IRQHandler</STRONG> (Thumb, 0 bytes, Stack size 0 bytes, startup_gd32a50x.o(.text))
<BR>[Address Reference Count : 1]<UL><LI> startup_gd32a50x.o(RESET)
</UL>
<P><STRONG><a name="[30]"></a>USART2_IRQHandler</STRONG> (Thumb, 0 bytes, Stack size 0 bytes, startup_gd32a50x.o(.text))
<BR>[Address Reference Count : 1]<UL><LI> startup_gd32a50x.o(RESET)
</UL>
<P><STRONG><a name="[a]"></a>WWDGT_IRQHandler</STRONG> (Thumb, 0 bytes, Stack size 0 bytes, startup_gd32a50x.o(.text))
<BR>[Address Reference Count : 1]<UL><LI> startup_gd32a50x.o(RESET)
</UL>
<P><STRONG><a name="[4f]"></a>__scatterload</STRONG> (Thumb, 28 bytes, Stack size 0 bytes, init.o(.text))
<BR><BR>[Calls]<UL><LI><a href="#[50]">&gt;&gt;</a>&nbsp;&nbsp;&nbsp;__main_after_scatterload
</UL>
<BR>[Called By]<UL><LI><a href="#[4e]">&gt;&gt;</a>&nbsp;&nbsp;&nbsp;_main_scatterload
</UL>

<P><STRONG><a name="[5a]"></a>__scatterload_rt2</STRONG> (Thumb, 0 bytes, Stack size 0 bytes, init.o(.text), UNUSED)

<P><STRONG><a name="[2]"></a>HardFault_Handler</STRONG> (Thumb, 4 bytes, Stack size 0 bytes, gd32a50x_it.o(.text.HardFault_Handler))
<BR>[Address Reference Count : 1]<UL><LI> startup_gd32a50x.o(RESET)
</UL>
<P><STRONG><a name="[1]"></a>NMI_Handler</STRONG> (Thumb, 2 bytes, Stack size 0 bytes, gd32a50x_it.o(.text.NMI_Handler))
<BR>[Address Reference Count : 1]<UL><LI> startup_gd32a50x.o(RESET)
</UL>
<P><STRONG><a name="[8]"></a>PendSV_Handler</STRONG> (Thumb, 2 bytes, Stack size 0 bytes, gd32a50x_it.o(.text.PendSV_Handler))
<BR>[Address Reference Count : 1]<UL><LI> startup_gd32a50x.o(RESET)
</UL>
<P><STRONG><a name="[6]"></a>SVC_Handler</STRONG> (Thumb, 2 bytes, Stack size 0 bytes, gd32a50x_it.o(.text.SVC_Handler))
<BR>[Address Reference Count : 1]<UL><LI> startup_gd32a50x.o(RESET)
</UL>
<P><STRONG><a name="[9]"></a>SysTick_Handler</STRONG> (Thumb, 8 bytes, Stack size 8 bytes, gd32a50x_it.o(.text.SysTick_Handler))
<BR><BR>[Stack]<UL><LI>Max Depth = 8<LI>Call Chain = SysTick_Handler
</UL>
<BR>[Calls]<UL><LI><a href="#[51]">&gt;&gt;</a>&nbsp;&nbsp;&nbsp;delay_decrement
</UL>
<BR>[Address Reference Count : 1]<UL><LI> startup_gd32a50x.o(RESET)
</UL>
<P><STRONG><a name="[51]"></a>delay_decrement</STRONG> (Thumb, 32 bytes, Stack size 0 bytes, systick.o(.text.delay_decrement))
<BR><BR>[Called By]<UL><LI><a href="#[9]">&gt;&gt;</a>&nbsp;&nbsp;&nbsp;SysTick_Handler
</UL>

<P><STRONG><a name="[53]"></a>gpio_mode_set</STRONG> (Thumb, 156 bytes, Stack size 28 bytes, gd32a50x_gpio.o(.text.gpio_mode_set))
<BR><BR>[Stack]<UL><LI>Max Depth = 28<LI>Call Chain = gpio_mode_set
</UL>
<BR>[Called By]<UL><LI><a href="#[4c]">&gt;&gt;</a>&nbsp;&nbsp;&nbsp;main
</UL>

<P><STRONG><a name="[4c]"></a>main</STRONG> (Thumb, 166 bytes, Stack size 40 bytes, main.o(.text.main))
<BR><BR>[Stack]<UL><LI>Max Depth = 68<LI>Call Chain = main &rArr; gpio_mode_set
</UL>
<BR>[Calls]<UL><LI><a href="#[52]">&gt;&gt;</a>&nbsp;&nbsp;&nbsp;nvic_vector_table_set
<LI><a href="#[53]">&gt;&gt;</a>&nbsp;&nbsp;&nbsp;gpio_mode_set
</UL>
<BR>[Address Reference Count : 1]<UL><LI> entry9a.o(.ARM.Collect$$$$0000000B)
</UL>
<P><STRONG><a name="[52]"></a>nvic_vector_table_set</STRONG> (Thumb, 40 bytes, Stack size 8 bytes, gd32a50x_misc.o(.text.nvic_vector_table_set))
<BR><BR>[Stack]<UL><LI>Max Depth = 8<LI>Call Chain = nvic_vector_table_set
</UL>
<BR>[Called By]<UL><LI><a href="#[4c]">&gt;&gt;</a>&nbsp;&nbsp;&nbsp;main
</UL>

<P><STRONG><a name="[5b]"></a>__scatterload_copy</STRONG> (Thumb, 14 bytes, Stack size unknown bytes, handlers.o(i.__scatterload_copy), UNUSED)

<P><STRONG><a name="[5c]"></a>__scatterload_null</STRONG> (Thumb, 2 bytes, Stack size unknown bytes, handlers.o(i.__scatterload_null), UNUSED)

<P><STRONG><a name="[5d]"></a>__scatterload_zeroinit</STRONG> (Thumb, 14 bytes, Stack size unknown bytes, handlers.o(i.__scatterload_zeroinit), UNUSED)
<P>
<H3>
Local Symbols
</H3><P>
<H3>
Undefined Global Symbols
</H3><HR></body></html>
