Component: ARM Compiler 6.16 Tool: armlink [5dfeaa00]

==============================================================================

Section Cross References

    main.o(.text.Timer1_Generate_1ms_Interrupt) refers to gd32a50x_rcu.o(.text.rcu_periph_clock_enable) for rcu_periph_clock_enable
    main.o(.text.Timer1_Generate_1ms_Interrupt) refers to gd32a50x_timer.o(.text.timer_deinit) for timer_deinit
    main.o(.text.Timer1_Generate_1ms_Interrupt) refers to gd32a50x_timer.o(.text.timer_struct_para_init) for timer_struct_para_init
    main.o(.text.Timer1_Generate_1ms_Interrupt) refers to gd32a50x_timer.o(.text.timer_init) for timer_init
    main.o(.text.Timer1_Generate_1ms_Interrupt) refers to gd32a50x_timer.o(.text.timer_interrupt_enable) for timer_interrupt_enable
    main.o(.text.Timer1_Generate_1ms_Interrupt) refers to gd32a50x_timer.o(.text.timer_enable) for timer_enable
    main.o(.text.Timer1_Generate_1ms_Interrupt) refers to gd32a50x_misc.o(.text.nvic_irq_enable) for nvic_irq_enable
    main.o(.ARM.exidx.text.Timer1_Generate_1ms_Interrupt) refers to main.o(.text.Timer1_Generate_1ms_Interrupt) for [Anonymous Symbol]
    main.o(.text.main) refers to update.o(.bss.S19_Fire) for S19_Fire
    main.o(.text.main) refers to memseta.o(.text) for __aeabi_memclr8
    main.o(.text.main) refers to main.o(.data.pApp_Once) for pApp_Once
    main.o(.text.main) refers to update.o(.bss.JumpAddress) for JumpAddress
    main.o(.text.main) refers to update.o(.bss.Jump_To_Application) for Jump_To_Application
    main.o(.text.main) refers to systick.o(.text.systick_config) for systick_config
    main.o(.text.main) refers to gd32a50x_rcu.o(.text.rcu_periph_clock_enable) for rcu_periph_clock_enable
    main.o(.text.main) refers to i2c_app.o(.text.I2C_Gpio_Config) for I2C_Gpio_Config
    main.o(.text.main) refers to i2c_app.o(.text.I2C_Slave_Config) for I2C_Slave_Config
    main.o(.text.main) refers to gd32a50x_gpio.o(.text.gpio_mode_set) for gpio_mode_set
    main.o(.text.main) refers to gd32a50x_gpio.o(.text.gpio_output_options_set) for gpio_output_options_set
    main.o(.text.main) refers to gd32a50x_gpio.o(.text.gpio_bit_set) for gpio_bit_set
    main.o(.text.main) refers to main.o(.text.Timer1_Generate_1ms_Interrupt) for Timer1_Generate_1ms_Interrupt
    main.o(.text.main) refers to update.o(.bss.BootloaderStatus) for BootloaderStatus
    main.o(.text.main) refers to update.o(.text.Updating) for Updating
    main.o(.text.main) refers to update.o(.data.Update_tI2cSlave) for Update_tI2cSlave
    main.o(.text.main) refers to update.o(.rodata.Std_Receive_Arr) for Std_Receive_Arr
    main.o(.text.main) refers to update.o(.text.compareArrays) for compareArrays
    main.o(.text.main) refers to fmc_app.o(.text.fmc_erase_pages) for fmc_erase_pages
    main.o(.text.main) refers to update.o(.rodata.Std_Replay_Arr) for Std_Replay_Arr
    main.o(.text.main) refers to gd32a50x_gpio.o(.text.gpio_bit_reset) for gpio_bit_reset
    main.o(.text.main) refers to update.o(.bss.Counter_1ms) for Counter_1ms
    main.o(.ARM.exidx.text.main) refers to main.o(.text.main) for [Anonymous Symbol]
    systick.o(.text.systick_config) refers to system_gd32a50x.o(.data.SystemCoreClock) for SystemCoreClock
    systick.o(.text.systick_config) refers to systick.o(.text.SysTick_Config) for SysTick_Config
    systick.o(.text.systick_config) refers to systick.o(.text.__NVIC_SetPriority) for __NVIC_SetPriority
    systick.o(.ARM.exidx.text.systick_config) refers to systick.o(.text.systick_config) for [Anonymous Symbol]
    systick.o(.text.SysTick_Config) refers to systick.o(.text.__NVIC_SetPriority) for __NVIC_SetPriority
    systick.o(.ARM.exidx.text.SysTick_Config) refers to systick.o(.text.SysTick_Config) for [Anonymous Symbol]
    systick.o(.ARM.exidx.text.__NVIC_SetPriority) refers to systick.o(.text.__NVIC_SetPriority) for [Anonymous Symbol]
    systick.o(.text.delay_1ms) refers to systick.o(.bss.delay) for delay
    systick.o(.ARM.exidx.text.delay_1ms) refers to systick.o(.text.delay_1ms) for [Anonymous Symbol]
    systick.o(.text.delay_decrement) refers to systick.o(.bss.delay) for delay
    systick.o(.ARM.exidx.text.delay_decrement) refers to systick.o(.text.delay_decrement) for [Anonymous Symbol]
    gd32a50x_it.o(.ARM.exidx.text.NMI_Handler) refers to gd32a50x_it.o(.text.NMI_Handler) for [Anonymous Symbol]
    gd32a50x_it.o(.ARM.exidx.text.HardFault_Handler) refers to gd32a50x_it.o(.text.HardFault_Handler) for [Anonymous Symbol]
    gd32a50x_it.o(.ARM.exidx.text.SVC_Handler) refers to gd32a50x_it.o(.text.SVC_Handler) for [Anonymous Symbol]
    gd32a50x_it.o(.ARM.exidx.text.PendSV_Handler) refers to gd32a50x_it.o(.text.PendSV_Handler) for [Anonymous Symbol]
    gd32a50x_it.o(.text.SysTick_Handler) refers to systick.o(.text.delay_decrement) for delay_decrement
    gd32a50x_it.o(.ARM.exidx.text.SysTick_Handler) refers to gd32a50x_it.o(.text.SysTick_Handler) for [Anonymous Symbol]
[...]
    Removing gd32a50x_spi.o(.text.i2s_disable), (18 bytes).
    Removing gd32a50x_spi.o(.ARM.exidx.text.i2s_disable), (8 bytes).
    Removing gd32a50x_spi.o(.text.spi_nss_output_enable), (18 bytes).
    Removing gd32a50x_spi.o(.ARM.exidx.text.spi_nss_output_enable), (8 bytes).
    Removing gd32a50x_spi.o(.text.spi_nss_output_disable), (18 bytes).
    Removing gd32a50x_spi.o(.ARM.exidx.text.spi_nss_output_disable), (8 bytes).
    Removing gd32a50x_spi.o(.text.spi_nss_internal_high), (18 bytes).
    Removing gd32a50x_spi.o(.ARM.exidx.text.spi_nss_internal_high), (8 bytes).
    Removing gd32a50x_spi.o(.text.spi_nss_internal_low), (18 bytes).
    Removing gd32a50x_spi.o(.ARM.exidx.text.spi_nss_internal_low), (8 bytes).
    Removing gd32a50x_spi.o(.text.spi_dma_enable), (44 bytes).
    Removing gd32a50x_spi.o(.ARM.exidx.text.spi_dma_enable), (8 bytes).
    Removing gd32a50x_spi.o(.text.spi_dma_disable), (44 bytes).
    Removing gd32a50x_spi.o(.ARM.exidx.text.spi_dma_disable), (8 bytes).
    Removing gd32a50x_spi.o(.text.spi_i2s_data_frame_format_config), (34 bytes).
    Removing gd32a50x_spi.o(.ARM.exidx.text.spi_i2s_data_frame_format_config), (8 bytes).
    Removing gd32a50x_spi.o(.text.spi_bidirectional_transfer_config), (44 bytes).
    Removing gd32a50x_spi.o(.ARM.exidx.text.spi_bidirectional_transfer_config), (8 bytes).
    Removing gd32a50x_spi.o(.text.spi_i2s_data_transmit), (20 bytes).
    Removing gd32a50x_spi.o(.ARM.exidx.text.spi_i2s_data_transmit), (8 bytes).
    Removing gd32a50x_spi.o(.text.spi_i2s_data_receive), (14 bytes).
    Removing gd32a50x_spi.o(.ARM.exidx.text.spi_i2s_data_receive), (8 bytes).
    Removing gd32a50x_spi.o(.text.spi_i2s_format_error_clear), (18 bytes).
    Removing gd32a50x_spi.o(.ARM.exidx.text.spi_i2s_format_error_clear), (8 bytes).
    Removing gd32a50x_spi.o(.text.spi_crc_polynomial_set), (30 bytes).
    Removing gd32a50x_spi.o(.ARM.exidx.text.spi_crc_polynomial_set), (8 bytes).
    Removing gd32a50x_spi.o(.text.spi_crc_polynomial_get), (14 bytes).
    Removing gd32a50x_spi.o(.ARM.exidx.text.spi_crc_polynomial_get), (8 bytes).
    Removing gd32a50x_spi.o(.text.spi_crc_on), (18 bytes).
    Removing gd32a50x_spi.o(.ARM.exidx.text.spi_crc_on), (8 bytes).
    Removing gd32a50x_spi.o(.text.spi_crc_off), (18 bytes).
    Removing gd32a50x_spi.o(.ARM.exidx.text.spi_crc_off), (8 bytes).
    Removing gd32a50x_spi.o(.text.spi_crc_next), (18 bytes).
    Removing gd32a50x_spi.o(.ARM.exidx.text.spi_crc_next), (8 bytes).
    Removing gd32a50x_spi.o(.text.spi_crc_get), (44 bytes).
    Removing gd32a50x_spi.o(.ARM.exidx.text.spi_crc_get), (8 bytes).
    Removing gd32a50x_spi.o(.text.spi_crc_error_clear), (18 bytes).
    Removing gd32a50x_spi.o(.ARM.exidx.text.spi_crc_error_clear), (8 bytes).
    Removing gd32a50x_spi.o(.text.spi_ti_mode_enable), (18 bytes).
    Removing gd32a50x_spi.o(.ARM.exidx.text.spi_ti_mode_enable), (8 bytes).
    Removing gd32a50x_spi.o(.text.spi_ti_mode_disable), (18 bytes).
    Removing gd32a50x_spi.o(.ARM.exidx.text.spi_ti_mode_disable), (8 bytes).
    Removing gd32a50x_spi.o(.text.spi_nssp_mode_enable), (18 bytes).
    Removing gd32a50x_spi.o(.ARM.exidx.text.spi_nssp_mode_enable), (8 bytes).
    Removing gd32a50x_spi.o(.text.spi_nssp_mode_disable), (18 bytes).
    Removing gd32a50x_spi.o(.ARM.exidx.text.spi_nssp_mode_disable), (8 bytes).
    Removing gd32a50x_spi.o(.text.spi_quad_enable), (22 bytes).
    Removing gd32a50x_spi.o(.ARM.exidx.text.spi_quad_enable), (8 bytes).
    Removing gd32a50x_spi.o(.text.spi_quad_disable), (22 bytes).
    Removing gd32a50x_spi.o(.ARM.exidx.text.spi_quad_disable), (8 bytes).
    Removing gd32a50x_spi.o(.text.spi_quad_write_enable), (22 bytes).
    Removing gd32a50x_spi.o(.ARM.exidx.text.spi_quad_write_enable), (8 bytes).
    Removing gd32a50x_spi.o(.text.spi_quad_read_enable), (22 bytes).
    Removing gd32a50x_spi.o(.ARM.exidx.text.spi_quad_read_enable), (8 bytes).
    Removing gd32a50x_spi.o(.text.spi_quad_io23_output_enable), (22 bytes).
    Removing gd32a50x_spi.o(.ARM.exidx.text.spi_quad_io23_output_enable), (8 bytes).
    Removing gd32a50x_spi.o(.text.spi_quad_io23_output_disable), (22 bytes).
    Removing gd32a50x_spi.o(.ARM.exidx.text.spi_quad_io23_output_disable), (8 bytes).
    Removing gd32a50x_spi.o(.text.spi_i2s_flag_get), (42 bytes).
    Removing gd32a50x_spi.o(.ARM.exidx.text.spi_i2s_flag_get), (8 bytes).
    Removing gd32a50x_spi.o(.text.spi_i2s_interrupt_enable), (24 bytes).
    Removing gd32a50x_spi.o(.ARM.exidx.text.spi_i2s_interrupt_enable), (8 bytes).
    Removing gd32a50x_spi.o(.text.spi_i2s_interrupt_disable), (24 bytes).
    Removing gd32a50x_spi.o(.ARM.exidx.text.spi_i2s_interrupt_disable), (8 bytes).
    Removing gd32a50x_spi.o(.text.spi_i2s_interrupt_flag_get), (210 bytes).
    Removing gd32a50x_spi.o(.ARM.exidx.text.spi_i2s_interrupt_flag_get), (8 bytes).
    Removing gd32a50x_syscfg.o(.text), (0 bytes).
    Removing gd32a50x_syscfg.o(.text.syscfg_deinit), (24 bytes).
    Removing gd32a50x_syscfg.o(.ARM.exidx.text.syscfg_deinit), (8 bytes).
    Removing gd32a50x_syscfg.o(.text.syscfg_exti_line_config), (172 bytes).
    Removing gd32a50x_syscfg.o(.ARM.exidx.text.syscfg_exti_line_config), (8 bytes).
    Removing gd32a50x_syscfg.o(.text.syscfg_pin_remap_enable), (22 bytes).
    Removing gd32a50x_syscfg.o(.ARM.exidx.text.syscfg_pin_remap_enable), (8 bytes).
    Removing gd32a50x_syscfg.o(.text.syscfg_pin_remap_disable), (22 bytes).
    Removing gd32a50x_syscfg.o(.ARM.exidx.text.syscfg_pin_remap_disable), (8 bytes).
    Removing gd32a50x_syscfg.o(.text.syscfg_adc_ch_remap_config), (216 bytes).
    Removing gd32a50x_syscfg.o(.ARM.exidx.text.syscfg_adc_ch_remap_config), (8 bytes).
    Removing gd32a50x_syscfg.o(.text.syscfg_timer_eti_sel), (142 bytes).
    Removing gd32a50x_syscfg.o(.ARM.exidx.text.syscfg_timer_eti_sel), (8 bytes).
    Removing gd32a50x_syscfg.o(.text.syscfg_timer_bkin_select_trigsel), (22 bytes).
    Removing gd32a50x_syscfg.o(.ARM.exidx.text.syscfg_timer_bkin_select_trigsel), (8 bytes).
    Removing gd32a50x_syscfg.o(.text.syscfg_timer_bkin_select_gpio), (22 bytes).
    Removing gd32a50x_syscfg.o(.ARM.exidx.text.syscfg_timer_bkin_select_gpio), (8 bytes).
    Removing gd32a50x_syscfg.o(.text.syscfg_timer7_ch0n_select), (48 bytes).
    Removing gd32a50x_syscfg.o(.ARM.exidx.text.syscfg_timer7_ch0n_select), (8 bytes).
    Removing gd32a50x_syscfg.o(.text.syscfg_lock_config), (22 bytes).
    Removing gd32a50x_syscfg.o(.ARM.exidx.text.syscfg_lock_config), (8 bytes).
    Removing gd32a50x_syscfg.o(.text.syscfg_flag_get), (44 bytes).
    Removing gd32a50x_syscfg.o(.ARM.exidx.text.syscfg_flag_get), (8 bytes).
    Removing gd32a50x_syscfg.o(.text.syscfg_flag_clear), (22 bytes).
    Removing gd32a50x_syscfg.o(.ARM.exidx.text.syscfg_flag_clear), (8 bytes).
    Removing gd32a50x_syscfg.o(.text.syscfg_interrupt_enable), (22 bytes).
    Removing gd32a50x_syscfg.o(.ARM.exidx.text.syscfg_interrupt_enable), (8 bytes).
    Removing gd32a50x_syscfg.o(.text.syscfg_interrupt_disable), (22 bytes).
    Removing gd32a50x_syscfg.o(.ARM.exidx.text.syscfg_interrupt_disable), (8 bytes).
    Removing gd32a50x_syscfg.o(.text.syscfg_interrupt_flag_get), (186 bytes).
    Removing gd32a50x_syscfg.o(.ARM.exidx.text.syscfg_interrupt_flag_get), (8 bytes).
    Removing gd32a50x_syscfg.o(.text.syscfg_bootmode_get), (14 bytes).
    Removing gd32a50x_syscfg.o(.ARM.exidx.text.syscfg_bootmode_get), (8 bytes).
    Removing gd32a50x_syscfg.o(.text.syscfg_sram_ecc_address_get), (12 bytes).
    Removing gd32a50x_syscfg.o(.ARM.exidx.text.syscfg_sram_ecc_address_get), (8 bytes).
    Removing gd32a50x_syscfg.o(.text.syscfg_sram_ecc_bit_get), (14 bytes).
    Removing gd32a50x_syscfg.o(.ARM.exidx.text.syscfg_sram_ecc_bit_get), (8 bytes).
    Removing gd32a50x_timer.o(.text), (0 bytes).
    Removing gd32a50x_timer.o(.ARM.exidx.text.timer_deinit), (8 bytes).
    Removing gd32a50x_timer.o(.ARM.exidx.text.timer_struct_para_init), (8 bytes).
    Removing gd32a50x_timer.o(.ARM.exidx.text.timer_init), (8 bytes).
    Removing gd32a50x_timer.o(.ARM.exidx.text.timer_enable), (8 bytes).
    Removing gd32a50x_timer.o(.text.timer_disable), (18 bytes).
    Removing gd32a50x_timer.o(.ARM.exidx.text.timer_disable), (8 bytes).
    Removing gd32a50x_timer.o(.text.timer_auto_reload_shadow_enable), (18 bytes).
    Removing gd32a50x_timer.o(.ARM.exidx.text.timer_auto_reload_shadow_enable), (8 bytes).
    Removing gd32a50x_timer.o(.text.timer_auto_reload_shadow_disable), (18 bytes).
    Removing gd32a50x_timer.o(.ARM.exidx.text.timer_auto_reload_shadow_disable), (8 bytes).
    Removing gd32a50x_timer.o(.text.timer_update_event_enable), (18 bytes).
    Removing gd32a50x_timer.o(.ARM.exidx.text.timer_update_event_enable), (8 bytes).
    Removing gd32a50x_timer.o(.text.timer_update_event_disable), (18 bytes).
    Removing gd32a50x_timer.o(.ARM.exidx.text.timer_update_event_disable), (8 bytes).
    Removing gd32a50x_timer.o(.text.timer_counter_alignment), (34 bytes).
    Removing gd32a50x_timer.o(.ARM.exidx.text.timer_counter_alignment), (8 bytes).
    Removing gd32a50x_timer.o(.text.timer_counter_up_direction), (18 bytes).
    Removing gd32a50x_timer.o(.ARM.exidx.text.timer_counter_up_direction), (8 bytes).
    Removing gd32a50x_timer.o(.text.timer_counter_down_direction), (18 bytes).
    Removing gd32a50x_timer.o(.ARM.exidx.text.timer_counter_down_direction), (8 bytes).
    Removing gd32a50x_timer.o(.text.timer_prescaler_config), (42 bytes).
    Removing gd32a50x_timer.o(.ARM.exidx.text.timer_prescaler_config), (8 bytes).
    Removing gd32a50x_timer.o(.text.timer_repetition_value_config), (20 bytes).
    Removing gd32a50x_timer.o(.ARM.exidx.text.timer_repetition_value_config), (8 bytes).
    Removing gd32a50x_timer.o(.text.timer_autoreload_value_config), (20 bytes).
    Removing gd32a50x_timer.o(.ARM.exidx.text.timer_autoreload_value_config), (8 bytes).
    Removing gd32a50x_timer.o(.text.timer_counter_value_config), (20 bytes).
    Removing gd32a50x_timer.o(.ARM.exidx.text.timer_counter_value_config), (8 bytes).
    Removing gd32a50x_timer.o(.text.timer_counter_read), (20 bytes).
    Removing gd32a50x_timer.o(.ARM.exidx.text.timer_counter_read), (8 bytes).
    Removing gd32a50x_timer.o(.text.timer_prescaler_read), (26 bytes).
    Removing gd32a50x_timer.o(.ARM.exidx.text.timer_prescaler_read), (8 bytes).
    Removing gd32a50x_timer.o(.text.timer_single_pulse_mode_config), (52 bytes).
    Removing gd32a50x_timer.o(.ARM.exidx.text.timer_single_pulse_mode_config), (8 bytes).
    Removing gd32a50x_timer.o(.text.timer_update_source_config), (52 bytes).
    Removing gd32a50x_timer.o(.ARM.exidx.text.timer_update_source_config), (8 bytes).
    Removing gd32a50x_timer.o(.text.timer_channel_control_shadow_config), (46 bytes).
    Removing gd32a50x_timer.o(.ARM.exidx.text.timer_channel_control_shadow_config), (8 bytes).
    Removing gd32a50x_timer.o(.text.timer_channel_control_shadow_update_config), (52 bytes).
    Removing gd32a50x_timer.o(.ARM.exidx.text.timer_channel_control_shadow_update_config), (8 bytes).
    Removing gd32a50x_timer.o(.text.timer_dma_enable), (20 bytes).
    Removing gd32a50x_timer.o(.ARM.exidx.text.timer_dma_enable), (8 bytes).
    Removing gd32a50x_timer.o(.text.timer_dma_disable), (20 bytes).
    Removing gd32a50x_timer.o(.ARM.exidx.text.timer_dma_disable), (8 bytes).
    Removing gd32a50x_timer.o(.text.timer_channel_dma_request_source_select), (52 bytes).
    Removing gd32a50x_timer.o(.ARM.exidx.text.timer_channel_dma_request_source_select), (8 bytes).
    Removing gd32a50x_timer.o(.text.timer_dma_transfer_config), (48 bytes).
    Removing gd32a50x_timer.o(.ARM.exidx.text.timer_dma_transfer_config), (8 bytes).
    Removing gd32a50x_timer.o(.text.timer_event_software_generate), (20 bytes).
    Removing gd32a50x_timer.o(.ARM.exidx.text.timer_event_software_generate), (8 bytes).
    Removing gd32a50x_timer.o(.text.timer_break_struct_para_init), (38 bytes).
    Removing gd32a50x_timer.o(.ARM.exidx.text.timer_break_struct_para_init), (8 bytes).
    Removing gd32a50x_timer.o(.text.timer_break_config), (42 bytes).
    Removing gd32a50x_timer.o(.ARM.exidx.text.timer_break_config), (8 bytes).
    Removing gd32a50x_timer.o(.text.timer_break_enable), (18 bytes).
    Removing gd32a50x_timer.o(.ARM.exidx.text.timer_break_enable), (8 bytes).
    Removing gd32a50x_timer.o(.text.timer_break_disable), (18 bytes).
    Removing gd32a50x_timer.o(.ARM.exidx.text.timer_break_disable), (8 bytes).
    Removing gd32a50x_timer.o(.text.timer_automatic_output_enable), (18 bytes).
    Removing gd32a50x_timer.o(.ARM.exidx.text.timer_automatic_output_enable), (8 bytes).
    Removing gd32a50x_timer.o(.text.timer_automatic_output_disable), (18 bytes).
    Removing gd32a50x_timer.o(.ARM.exidx.text.timer_automatic_output_disable), (8 bytes).
    Removing gd32a50x_timer.o(.text.timer_primary_output_config), (46 bytes).
    Removing gd32a50x_timer.o(.ARM.exidx.text.timer_primary_output_config), (8 bytes).
    Removing gd32a50x_timer.o(.text.timer_channel_output_struct_para_init), (34 bytes).
    Removing gd32a50x_timer.o(.ARM.exidx.text.timer_channel_output_struct_para_init), (8 bytes).
    Removing gd32a50x_timer.o(.text.timer_channel_output_config), (944 bytes).
    Removing gd32a50x_timer.o(.ARM.exidx.text.timer_channel_output_config), (8 bytes).
    Removing gd32a50x_timer.o(.text.timer_channel_output_mode_config), (258 bytes).
    Removing gd32a50x_timer.o(.ARM.exidx.text.timer_channel_output_mode_config), (8 bytes).
    Removing gd32a50x_timer.o(.text.timer_channel_output_pulse_value_config), (118 bytes).
    Removing gd32a50x_timer.o(.ARM.exidx.text.timer_channel_output_pulse_value_config), (8 bytes).
    Removing gd32a50x_timer.o(.text.timer_channel_output_shadow_config), (258 bytes).
    Removing gd32a50x_timer.o(.ARM.exidx.text.timer_channel_output_shadow_config), (8 bytes).
    Removing gd32a50x_timer.o(.text.timer_channel_output_clear_config), (258 bytes).
    Removing gd32a50x_timer.o(.ARM.exidx.text.timer_channel_output_clear_config), (8 bytes).
    Removing gd32a50x_timer.o(.text.timer_channel_output_polarity_config), (262 bytes).
    Removing gd32a50x_timer.o(.ARM.exidx.text.timer_channel_output_polarity_config), (8 bytes).
    Removing gd32a50x_timer.o(.text.timer_channel_complementary_output_polarity_config), (142 bytes).
    Removing gd32a50x_timer.o(.ARM.exidx.text.timer_channel_complementary_output_polarity_config), (8 bytes).
    Removing gd32a50x_timer.o(.text.timer_channel_output_state_config), (244 bytes).
    Removing gd32a50x_timer.o(.ARM.exidx.text.timer_channel_output_state_config), (8 bytes).
    Removing gd32a50x_timer.o(.text.timer_channel_complementary_output_state_config), (142 bytes).
    Removing gd32a50x_timer.o(.ARM.exidx.text.timer_channel_complementary_output_state_config), (8 bytes).
    Removing gd32a50x_timer.o(.text.timer_channel_input_struct_para_init), (28 bytes).
    Removing gd32a50x_timer.o(.ARM.exidx.text.timer_channel_input_struct_para_init), (8 bytes).
    Removing gd32a50x_timer.o(.text.timer_input_capture_config), (1298 bytes).
    Removing gd32a50x_timer.o(.ARM.exidx.text.timer_input_capture_config), (8 bytes).
    Removing gd32a50x_timer.o(.text.timer_channel_input_capture_prescaler_config), (258 bytes).
    Removing gd32a50x_timer.o(.ARM.exidx.text.timer_channel_input_capture_prescaler_config), (8 bytes).
    Removing gd32a50x_timer.o(.text.timer_channel_capture_value_register_read), (122 bytes).
    Removing gd32a50x_timer.o(.ARM.exidx.text.timer_channel_capture_value_register_read), (8 bytes).
    Removing gd32a50x_timer.o(.text.timer_input_pwm_capture_config), (522 bytes).
    Removing gd32a50x_timer.o(.ARM.exidx.text.timer_input_pwm_capture_config), (8 bytes).
    Removing gd32a50x_timer.o(.text.timer_hall_mode_config), (52 bytes).
    Removing gd32a50x_timer.o(.ARM.exidx.text.timer_hall_mode_config), (8 bytes).
    Removing gd32a50x_timer.o(.text.timer_multi_mode_channel_output_parameter_struct_init), (26 bytes).
    Removing gd32a50x_timer.o(.ARM.exidx.text.timer_multi_mode_channel_output_parameter_struct_init), (8 bytes).
    Removing gd32a50x_timer.o(.text.timer_multi_mode_channel_output_config), (398 bytes).
    Removing gd32a50x_timer.o(.ARM.exidx.text.timer_multi_mode_channel_output_config), (8 bytes).
    Removing gd32a50x_timer.o(.text.timer_multi_mode_channel_mode_config), (128 bytes).
    Removing gd32a50x_timer.o(.ARM.exidx.text.timer_multi_mode_channel_mode_config), (8 bytes).
    Removing gd32a50x_timer.o(.text.timer_input_trigger_source_select), (44 bytes).
    Removing gd32a50x_timer.o(.ARM.exidx.text.timer_input_trigger_source_select), (8 bytes).
    Removing gd32a50x_timer.o(.text.timer_master_output_trigger_source_select), (38 bytes).
    Removing gd32a50x_timer.o(.ARM.exidx.text.timer_master_output_trigger_source_select), (8 bytes).
    Removing gd32a50x_timer.o(.text.timer_slave_mode_select), (38 bytes).
    Removing gd32a50x_timer.o(.ARM.exidx.text.timer_slave_mode_select), (8 bytes).
    Removing gd32a50x_timer.o(.text.timer_master_slave_mode_config), (52 bytes).
    Removing gd32a50x_timer.o(.ARM.exidx.text.timer_master_slave_mode_config), (8 bytes).
    Removing gd32a50x_timer.o(.text.timer_external_trigger_config), (52 bytes).
    Removing gd32a50x_timer.o(.ARM.exidx.text.timer_external_trigger_config), (8 bytes).
    Removing gd32a50x_timer.o(.text.timer_quadrature_decoder_mode_config), (106 bytes).
    Removing gd32a50x_timer.o(.ARM.exidx.text.timer_quadrature_decoder_mode_config), (8 bytes).
    Removing gd32a50x_timer.o(.text.timer_internal_clock_config), (18 bytes).
    Removing gd32a50x_timer.o(.ARM.exidx.text.timer_internal_clock_config), (8 bytes).
    Removing gd32a50x_timer.o(.text.timer_internal_trigger_as_external_clock_config), (40 bytes).
    Removing gd32a50x_timer.o(.ARM.exidx.text.timer_internal_trigger_as_external_clock_config), (8 bytes).
    Removing gd32a50x_timer.o(.text.timer_external_trigger_as_external_clock_config), (240 bytes).
    Removing gd32a50x_timer.o(.ARM.exidx.text.timer_external_trigger_as_external_clock_config), (8 bytes).
    Removing gd32a50x_timer.o(.text.timer_external_clock_mode0_config), (54 bytes).
    Removing gd32a50x_timer.o(.ARM.exidx.text.timer_external_clock_mode0_config), (8 bytes).
    Removing gd32a50x_timer.o(.text.timer_external_clock_mode1_config), (38 bytes).
    Removing gd32a50x_timer.o(.ARM.exidx.text.timer_external_clock_mode1_config), (8 bytes).
    Removing gd32a50x_timer.o(.text.timer_external_clock_mode1_disable), (18 bytes).
    Removing gd32a50x_timer.o(.ARM.exidx.text.timer_external_clock_mode1_disable), (8 bytes).
    Removing gd32a50x_timer.o(.text.timer_channel_remap_config), (16 bytes).
    Removing gd32a50x_timer.o(.ARM.exidx.text.timer_channel_remap_config), (8 bytes).
    Removing gd32a50x_timer.o(.text.timer_write_chxval_register_config), (66 bytes).
    Removing gd32a50x_timer.o(.ARM.exidx.text.timer_write_chxval_register_config), (8 bytes).
    Removing gd32a50x_timer.o(.text.timer_output_value_selection_config), (66 bytes).
    Removing gd32a50x_timer.o(.ARM.exidx.text.timer_output_value_selection_config), (8 bytes).
    Removing gd32a50x_timer.o(.text.timer_output_match_pulse_select), (134 bytes).
    Removing gd32a50x_timer.o(.ARM.exidx.text.timer_output_match_pulse_select), (8 bytes).
    Removing gd32a50x_timer.o(.text.timer_channel_composite_pwm_mode_config), (64 bytes).
    Removing gd32a50x_timer.o(.ARM.exidx.text.timer_channel_composite_pwm_mode_config), (8 bytes).
    Removing gd32a50x_timer.o(.text.timer_channel_composite_pwm_mode_output_pulse_value_config), (90 bytes).
    Removing gd32a50x_timer.o(.ARM.exidx.text.timer_channel_composite_pwm_mode_output_pulse_value_config), (8 bytes).
    Removing gd32a50x_timer.o(.text.timer_channel_additional_compare_value_config), (70 bytes).
    Removing gd32a50x_timer.o(.ARM.exidx.text.timer_channel_additional_compare_value_config), (8 bytes).
    Removing gd32a50x_timer.o(.text.timer_channel_additional_output_shadow_config), (144 bytes).
    Removing gd32a50x_timer.o(.ARM.exidx.text.timer_channel_additional_output_shadow_config), (8 bytes).
    Removing gd32a50x_timer.o(.text.timer_break_external_input_struct_para_init), (22 bytes).
    Removing gd32a50x_timer.o(.ARM.exidx.text.timer_break_external_input_struct_para_init), (8 bytes).
    Removing gd32a50x_timer.o(.text.timer_break_external_input_config), (100 bytes).
    Removing gd32a50x_timer.o(.ARM.exidx.text.timer_break_external_input_config), (8 bytes).
    Removing gd32a50x_timer.o(.text.timer_break_external_input_enable), (30 bytes).
    Removing gd32a50x_timer.o(.ARM.exidx.text.timer_break_external_input_enable), (8 bytes).
    Removing gd32a50x_timer.o(.text.timer_break_external_input_disable), (30 bytes).
    Removing gd32a50x_timer.o(.ARM.exidx.text.timer_break_external_input_disable), (8 bytes).
    Removing gd32a50x_timer.o(.text.timer_break_external_input_polarity_config), (64 bytes).
    Removing gd32a50x_timer.o(.ARM.exidx.text.timer_break_external_input_polarity_config), (8 bytes).
    Removing gd32a50x_timer.o(.text.timer_channel_break_control_config), (60 bytes).
    Removing gd32a50x_timer.o(.ARM.exidx.text.timer_channel_break_control_config), (8 bytes).
    Removing gd32a50x_timer.o(.text.timer_channel_dead_time_config), (60 bytes).
    Removing gd32a50x_timer.o(.ARM.exidx.text.timer_channel_dead_time_config), (8 bytes).
    Removing gd32a50x_timer.o(.text.timer_free_complementary_struct_para_init), (26 bytes).
    Removing gd32a50x_timer.o(.ARM.exidx.text.timer_free_complementary_struct_para_init), (8 bytes).
    Removing gd32a50x_timer.o(.text.timer_channel_free_complementary_config), (364 bytes).
    Removing gd32a50x_timer.o(.ARM.exidx.text.timer_channel_free_complementary_config), (8 bytes).
    Removing gd32a50x_timer.o(.text.timer_flag_get), (42 bytes).
    Removing gd32a50x_timer.o(.ARM.exidx.text.timer_flag_get), (8 bytes).
    Removing gd32a50x_timer.o(.text.timer_flag_clear), (20 bytes).
    Removing gd32a50x_timer.o(.ARM.exidx.text.timer_flag_clear), (8 bytes).
    Removing gd32a50x_timer.o(.ARM.exidx.text.timer_interrupt_enable), (8 bytes).
    Removing gd32a50x_timer.o(.text.timer_interrupt_disable), (20 bytes).
    Removing gd32a50x_timer.o(.ARM.exidx.text.timer_interrupt_disable), (8 bytes).
    Removing gd32a50x_timer.o(.ARM.exidx.text.timer_interrupt_flag_get), (8 bytes).
    Removing gd32a50x_timer.o(.ARM.exidx.text.timer_interrupt_flag_clear), (8 bytes).
    Removing gd32a50x_trigsel.o(.text), (0 bytes).
    Removing gd32a50x_trigsel.o(.text.trigsel_init), (96 bytes).
    Removing gd32a50x_trigsel.o(.ARM.exidx.text.trigsel_init), (8 bytes).
    Removing gd32a50x_trigsel.o(.text.trigsel_register_lock_get), (54 bytes).
    Removing gd32a50x_trigsel.o(.ARM.exidx.text.trigsel_register_lock_get), (8 bytes).
    Removing gd32a50x_trigsel.o(.text.trigsel_trigger_source_get), (54 bytes).
    Removing gd32a50x_trigsel.o(.ARM.exidx.text.trigsel_trigger_source_get), (8 bytes).
    Removing gd32a50x_trigsel.o(.text.trigsel_register_lock_set), (34 bytes).
    Removing gd32a50x_trigsel.o(.ARM.exidx.text.trigsel_register_lock_set), (8 bytes).
    Removing gd32a50x_usart.o(.text), (0 bytes).
    Removing gd32a50x_usart.o(.text.usart_deinit), (116 bytes).
    Removing gd32a50x_usart.o(.ARM.exidx.text.usart_deinit), (8 bytes).
    Removing gd32a50x_usart.o(.text.usart_baudrate_set), (214 bytes).
    Removing gd32a50x_usart.o(.ARM.exidx.text.usart_baudrate_set), (8 bytes).
    Removing gd32a50x_usart.o(.text.usart_parity_config), (40 bytes).
    Removing gd32a50x_usart.o(.ARM.exidx.text.usart_parity_config), (8 bytes).
    Removing gd32a50x_usart.o(.text.usart_word_length_set), (40 bytes).
    Removing gd32a50x_usart.o(.ARM.exidx.text.usart_word_length_set), (8 bytes).
    Removing gd32a50x_usart.o(.text.usart_stop_bit_set), (40 bytes).
    Removing gd32a50x_usart.o(.ARM.exidx.text.usart_stop_bit_set), (8 bytes).
    Removing gd32a50x_usart.o(.text.usart_enable), (18 bytes).
    Removing gd32a50x_usart.o(.ARM.exidx.text.usart_enable), (8 bytes).
    Removing gd32a50x_usart.o(.text.usart_disable), (18 bytes).
    Removing gd32a50x_usart.o(.ARM.exidx.text.usart_disable), (8 bytes).
    Removing gd32a50x_usart.o(.text.usart_transmit_config), (30 bytes).
    Removing gd32a50x_usart.o(.ARM.exidx.text.usart_transmit_config), (8 bytes).
    Removing gd32a50x_usart.o(.text.usart_receive_config), (30 bytes).
    Removing gd32a50x_usart.o(.ARM.exidx.text.usart_receive_config), (8 bytes).
    Removing gd32a50x_usart.o(.text.usart_data_first_config), (40 bytes).
    Removing gd32a50x_usart.o(.ARM.exidx.text.usart_data_first_config), (8 bytes).
    Removing gd32a50x_usart.o(.text.usart_invert_config), (146 bytes).
    Removing gd32a50x_usart.o(.ARM.exidx.text.usart_invert_config), (8 bytes).
    Removing gd32a50x_usart.o(.text.usart_overrun_enable), (28 bytes).
    Removing gd32a50x_usart.o(.ARM.exidx.text.usart_overrun_enable), (8 bytes).
    Removing gd32a50x_usart.o(.text.usart_overrun_disable), (28 bytes).
    Removing gd32a50x_usart.o(.ARM.exidx.text.usart_overrun_disable), (8 bytes).
    Removing gd32a50x_usart.o(.text.usart_oversample_config), (40 bytes).
    Removing gd32a50x_usart.o(.ARM.exidx.text.usart_oversample_config), (8 bytes).
    Removing gd32a50x_usart.o(.text.usart_sample_bit_config), (40 bytes).
    Removing gd32a50x_usart.o(.ARM.exidx.text.usart_sample_bit_config), (8 bytes).
    Removing gd32a50x_usart.o(.text.usart_receiver_timeout_enable), (18 bytes).
    Removing gd32a50x_usart.o(.ARM.exidx.text.usart_receiver_timeout_enable), (8 bytes).
    Removing gd32a50x_usart.o(.text.usart_receiver_timeout_disable), (18 bytes).
    Removing gd32a50x_usart.o(.ARM.exidx.text.usart_receiver_timeout_disable), (8 bytes).
    Removing gd32a50x_usart.o(.text.usart_receiver_timeout_threshold_config), (30 bytes).
    Removing gd32a50x_usart.o(.ARM.exidx.text.usart_receiver_timeout_threshold_config), (8 bytes).
    Removing gd32a50x_usart.o(.text.usart_data_transmit), (24 bytes).
    Removing gd32a50x_usart.o(.ARM.exidx.text.usart_data_transmit), (8 bytes).
    Removing gd32a50x_usart.o(.text.usart_data_receive), (16 bytes).
    Removing gd32a50x_usart.o(.ARM.exidx.text.usart_data_receive), (8 bytes).
    Removing gd32a50x_usart.o(.text.usart_command_enable), (20 bytes).
    Removing gd32a50x_usart.o(.ARM.exidx.text.usart_command_enable), (8 bytes).
    Removing gd32a50x_usart.o(.text.usart_address_config), (46 bytes).
    Removing gd32a50x_usart.o(.ARM.exidx.text.usart_address_config), (8 bytes).
    Removing gd32a50x_usart.o(.text.usart_address_detection_mode_config), (44 bytes).
    Removing gd32a50x_usart.o(.ARM.exidx.text.usart_address_detection_mode_config), (8 bytes).
    Removing gd32a50x_usart.o(.text.usart_mute_mode_enable), (18 bytes).
    Removing gd32a50x_usart.o(.ARM.exidx.text.usart_mute_mode_enable), (8 bytes).
    Removing gd32a50x_usart.o(.text.usart_mute_mode_disable), (18 bytes).
    Removing gd32a50x_usart.o(.ARM.exidx.text.usart_mute_mode_disable), (8 bytes).
    Removing gd32a50x_usart.o(.text.usart_mute_mode_wakeup_config), (46 bytes).
    Removing gd32a50x_usart.o(.ARM.exidx.text.usart_mute_mode_wakeup_config), (8 bytes).
    Removing gd32a50x_usart.o(.text.usart_lin_mode_enable), (28 bytes).
    Removing gd32a50x_usart.o(.ARM.exidx.text.usart_lin_mode_enable), (8 bytes).
    Removing gd32a50x_usart.o(.text.usart_lin_mode_disable), (28 bytes).
    Removing gd32a50x_usart.o(.ARM.exidx.text.usart_lin_mode_disable), (8 bytes).
    Removing gd32a50x_usart.o(.text.usart_lin_break_detection_length_config), (44 bytes).
    Removing gd32a50x_usart.o(.ARM.exidx.text.usart_lin_break_detection_length_config), (8 bytes).
    Removing gd32a50x_usart.o(.text.usart_halfduplex_enable), (28 bytes).
    Removing gd32a50x_usart.o(.ARM.exidx.text.usart_halfduplex_enable), (8 bytes).
    Removing gd32a50x_usart.o(.text.usart_halfduplex_disable), (28 bytes).
    Removing gd32a50x_usart.o(.ARM.exidx.text.usart_halfduplex_disable), (8 bytes).
    Removing gd32a50x_usart.o(.text.usart_clock_enable), (28 bytes).
    Removing gd32a50x_usart.o(.ARM.exidx.text.usart_clock_enable), (8 bytes).
    Removing gd32a50x_usart.o(.text.usart_clock_disable), (28 bytes).
    Removing gd32a50x_usart.o(.ARM.exidx.text.usart_clock_disable), (8 bytes).
    Removing gd32a50x_usart.o(.text.usart_synchronous_clock_config), (76 bytes).
    Removing gd32a50x_usart.o(.ARM.exidx.text.usart_synchronous_clock_config), (8 bytes).
    Removing gd32a50x_usart.o(.text.usart_guard_time_config), (44 bytes).
    Removing gd32a50x_usart.o(.ARM.exidx.text.usart_guard_time_config), (8 bytes).
    Removing gd32a50x_usart.o(.text.usart_smartcard_mode_enable), (28 bytes).
    Removing gd32a50x_usart.o(.ARM.exidx.text.usart_smartcard_mode_enable), (8 bytes).
    Removing gd32a50x_usart.o(.text.usart_smartcard_mode_disable), (28 bytes).
    Removing gd32a50x_usart.o(.ARM.exidx.text.usart_smartcard_mode_disable), (8 bytes).
    Removing gd32a50x_usart.o(.text.usart_smartcard_mode_nack_enable), (28 bytes).
    Removing gd32a50x_usart.o(.ARM.exidx.text.usart_smartcard_mode_nack_enable), (8 bytes).
    Removing gd32a50x_usart.o(.text.usart_smartcard_mode_nack_disable), (28 bytes).
    Removing gd32a50x_usart.o(.ARM.exidx.text.usart_smartcard_mode_nack_disable), (8 bytes).
    Removing gd32a50x_usart.o(.text.usart_smartcard_mode_early_nack_enable), (22 bytes).
    Removing gd32a50x_usart.o(.ARM.exidx.text.usart_smartcard_mode_early_nack_enable), (8 bytes).
    Removing gd32a50x_usart.o(.text.usart_smartcard_mode_early_nack_disable), (22 bytes).
    Removing gd32a50x_usart.o(.ARM.exidx.text.usart_smartcard_mode_early_nack_disable), (8 bytes).
    Removing gd32a50x_usart.o(.text.usart_smartcard_autoretry_config), (46 bytes).
    Removing gd32a50x_usart.o(.ARM.exidx.text.usart_smartcard_autoretry_config), (8 bytes).
    Removing gd32a50x_usart.o(.text.usart_block_length_config), (32 bytes).
    Removing gd32a50x_usart.o(.ARM.exidx.text.usart_block_length_config), (8 bytes).
    Removing gd32a50x_usart.o(.text.usart_irda_mode_enable), (28 bytes).
    Removing gd32a50x_usart.o(.ARM.exidx.text.usart_irda_mode_enable), (8 bytes).
    Removing gd32a50x_usart.o(.text.usart_irda_mode_disable), (28 bytes).
    Removing gd32a50x_usart.o(.ARM.exidx.text.usart_irda_mode_disable), (8 bytes).
    Removing gd32a50x_usart.o(.text.usart_prescaler_config), (40 bytes).
    Removing gd32a50x_usart.o(.ARM.exidx.text.usart_prescaler_config), (8 bytes).
    Removing gd32a50x_usart.o(.text.usart_irda_lowpower_config), (44 bytes).
    Removing gd32a50x_usart.o(.ARM.exidx.text.usart_irda_lowpower_config), (8 bytes).
    Removing gd32a50x_usart.o(.text.usart_hardware_flow_rts_config), (40 bytes).
    Removing gd32a50x_usart.o(.ARM.exidx.text.usart_hardware_flow_rts_config), (8 bytes).
    Removing gd32a50x_usart.o(.text.usart_hardware_flow_cts_config), (40 bytes).
    Removing gd32a50x_usart.o(.ARM.exidx.text.usart_hardware_flow_cts_config), (8 bytes).
    Removing gd32a50x_usart.o(.text.usart_hardware_flow_coherence_config), (38 bytes).
    Removing gd32a50x_usart.o(.ARM.exidx.text.usart_hardware_flow_coherence_config), (8 bytes).
    Removing gd32a50x_usart.o(.text.usart_rs485_driver_enable), (28 bytes).
    Removing gd32a50x_usart.o(.ARM.exidx.text.usart_rs485_driver_enable), (8 bytes).
    Removing gd32a50x_usart.o(.text.usart_rs485_driver_disable), (28 bytes).
    Removing gd32a50x_usart.o(.ARM.exidx.text.usart_rs485_driver_disable), (8 bytes).
    Removing gd32a50x_usart.o(.text.usart_driver_assertime_config), (46 bytes).
    Removing gd32a50x_usart.o(.ARM.exidx.text.usart_driver_assertime_config), (8 bytes).
    Removing gd32a50x_usart.o(.text.usart_driver_deassertime_config), (46 bytes).
    Removing gd32a50x_usart.o(.ARM.exidx.text.usart_driver_deassertime_config), (8 bytes).
    Removing gd32a50x_usart.o(.text.usart_depolarity_config), (44 bytes).
    Removing gd32a50x_usart.o(.ARM.exidx.text.usart_depolarity_config), (8 bytes).
    Removing gd32a50x_usart.o(.text.usart_dma_receive_config), (38 bytes).
    Removing gd32a50x_usart.o(.ARM.exidx.text.usart_dma_receive_config), (8 bytes).
    Removing gd32a50x_usart.o(.text.usart_dma_transmit_config), (38 bytes).
    Removing gd32a50x_usart.o(.ARM.exidx.text.usart_dma_transmit_config), (8 bytes).
    Removing gd32a50x_usart.o(.text.usart_reception_error_dma_disable), (28 bytes).
    Removing gd32a50x_usart.o(.ARM.exidx.text.usart_reception_error_dma_disable), (8 bytes).
    Removing gd32a50x_usart.o(.text.usart_reception_error_dma_enable), (28 bytes).
    Removing gd32a50x_usart.o(.ARM.exidx.text.usart_reception_error_dma_enable), (8 bytes).
    Removing gd32a50x_usart.o(.text.usart_wakeup_enable), (18 bytes).
    Removing gd32a50x_usart.o(.ARM.exidx.text.usart_wakeup_enable), (8 bytes).
    Removing gd32a50x_usart.o(.text.usart_wakeup_disable), (18 bytes).
    Removing gd32a50x_usart.o(.ARM.exidx.text.usart_wakeup_disable), (8 bytes).
    Removing gd32a50x_usart.o(.text.usart_wakeup_mode_config), (44 bytes).
    Removing gd32a50x_usart.o(.ARM.exidx.text.usart_wakeup_mode_config), (8 bytes).
    Removing gd32a50x_usart.o(.text.usart_receive_fifo_enable), (22 bytes).
    Removing gd32a50x_usart.o(.ARM.exidx.text.usart_receive_fifo_enable), (8 bytes).
    Removing gd32a50x_usart.o(.text.usart_receive_fifo_disable), (22 bytes).
    Removing gd32a50x_usart.o(.ARM.exidx.text.usart_receive_fifo_disable), (8 bytes).
    Removing gd32a50x_usart.o(.text.usart_receive_fifo_counter_number), (18 bytes).
    Removing gd32a50x_usart.o(.ARM.exidx.text.usart_receive_fifo_counter_number), (8 bytes).
    Removing gd32a50x_usart.o(.text.usart_flag_get), (58 bytes).
    Removing gd32a50x_usart.o(.ARM.exidx.text.usart_flag_get), (8 bytes).
    Removing gd32a50x_usart.o(.text.usart_flag_clear), (94 bytes).
    Removing gd32a50x_usart.o(.ARM.exidx.text.usart_flag_clear), (8 bytes).
    Removing gd32a50x_usart.o(.text.usart_interrupt_enable), (36 bytes).
    Removing gd32a50x_usart.o(.ARM.exidx.text.usart_interrupt_enable), (8 bytes).
    Removing gd32a50x_usart.o(.text.usart_interrupt_disable), (36 bytes).
    Removing gd32a50x_usart.o(.ARM.exidx.text.usart_interrupt_disable), (8 bytes).
    Removing gd32a50x_usart.o(.text.usart_interrupt_flag_get), (94 bytes).
    Removing gd32a50x_usart.o(.ARM.exidx.text.usart_interrupt_flag_get), (8 bytes).
    Removing gd32a50x_usart.o(.text.usart_interrupt_flag_clear), (64 bytes).
    Removing gd32a50x_usart.o(.ARM.exidx.text.usart_interrupt_flag_clear), (8 bytes).
    Removing gd32a50x_wwdgt.o(.text), (0 bytes).
    Removing gd32a50x_wwdgt.o(.text.wwdgt_deinit), (24 bytes).
    Removing gd32a50x_wwdgt.o(.ARM.exidx.text.wwdgt_deinit), (8 bytes).
    Removing gd32a50x_wwdgt.o(.text.wwdgt_enable), (18 bytes).
    Removing gd32a50x_wwdgt.o(.ARM.exidx.text.wwdgt_enable), (8 bytes).
    Removing gd32a50x_wwdgt.o(.text.wwdgt_counter_update), (28 bytes).
    Removing gd32a50x_wwdgt.o(.ARM.exidx.text.wwdgt_counter_update), (8 bytes).
    Removing gd32a50x_wwdgt.o(.text.wwdgt_config), (56 bytes).
    Removing gd32a50x_wwdgt.o(.ARM.exidx.text.wwdgt_config), (8 bytes).
    Removing gd32a50x_wwdgt.o(.text.wwdgt_flag_get), (42 bytes).
    Removing gd32a50x_wwdgt.o(.ARM.exidx.text.wwdgt_flag_get), (8 bytes).
    Removing gd32a50x_wwdgt.o(.text.wwdgt_flag_clear), (14 bytes).
    Removing gd32a50x_wwdgt.o(.ARM.exidx.text.wwdgt_flag_clear), (8 bytes).
    Removing gd32a50x_wwdgt.o(.text.wwdgt_interrupt_enable), (18 bytes).
    Removing gd32a50x_wwdgt.o(.ARM.exidx.text.wwdgt_interrupt_enable), (8 bytes).
    Removing startup_gd32a50x.o(HEAP), (1024 bytes).
    Removing dadd.o(.text), (334 bytes).
    Removing dmul.o(.text), (228 bytes).
    Removing ddiv.o(.text), (222 bytes).
    Removing dfixul.o(.text), (48 bytes).
    Removing cdrcmple.o(.text), (48 bytes).
    Removing depilogue.o(.text), (186 bytes).

1549 unused section(s) (total 54616 bytes) removed from the image.

==============================================================================

Image Symbol Table

    Local Symbols

    Symbol Name                              Value     Ov Type        Size  Object(Section)

    ../clib/../cmprslib/zerorunl.c           0x00000000   Number         0  __dczerorl.o ABSOLUTE
    ../clib/division.s                       0x00000000   Number         0  aeabi_sdiv.o ABSOLUTE
    ../clib/microlib/division.c              0x00000000   Number         0  uidiv.o ABSOLUTE
    ../clib/microlib/division.c              0x00000000   Number         0  uldiv.o ABSOLUTE
    ../clib/microlib/init/entry.s            0x00000000   Number         0  entry.o ABSOLUTE
    ../clib/microlib/init/entry.s            0x00000000   Number         0  entry2.o ABSOLUTE
    ../clib/microlib/init/entry.s            0x00000000   Number         0  entry5.o ABSOLUTE
    ../clib/microlib/init/entry.s            0x00000000   Number         0  entry7a.o ABSOLUTE
    ../clib/microlib/init/entry.s            0x00000000   Number         0  entry7b.o ABSOLUTE
    ../clib/microlib/init/entry.s            0x00000000   Number         0  entry8a.o ABSOLUTE
    ../clib/microlib/init/entry.s            0x00000000   Number         0  entry8b.o ABSOLUTE
    ../clib/microlib/init/entry.s            0x00000000   Number         0  entry9a.o ABSOLUTE
    ../clib/microlib/init/entry.s            0x00000000   Number         0  entry9b.o ABSOLUTE
    ../clib/microlib/init/entry.s            0x00000000   Number         0  entry10a.o ABSOLUTE
    ../clib/microlib/init/entry.s            0x00000000   Number         0  entry10b.o ABSOLUTE
    ../clib/microlib/init/entry.s            0x00000000   Number         0  entry11a.o ABSOLUTE
    ../clib/microlib/init/entry.s            0x00000000   Number         0  entry11b.o ABSOLUTE
    ../clib/microlib/longlong.c              0x00000000   Number         0  llshl.o ABSOLUTE
    ../clib/microlib/longlong.c              0x00000000   Number         0  llushr.o ABSOLUTE
    ../clib/microlib/longlong.c              0x00000000   Number         0  llsshr.o ABSOLUTE
    ../clib/microlib/printf/printf.c         0x00000000   Number         0  printfa.o ABSOLUTE
    ../clib/microlib/stdio/fputc.c           0x00000000   Number         0  fputc.o ABSOLUTE
    ../clib/microlib/stdio/fputc.c           0x00000000   Number         0  fputc_h.o ABSOLUTE
    ../clib/microlib/stdio/semi.s            0x00000000   Number         0  semi.o ABSOLUTE
    ../clib/microlib/stdio/streams.c         0x00000000   Number         0  stdout.o ABSOLUTE
    ../clib/microlib/string/memcpy.c         0x00000000   Number         0  memcpya.o ABSOLUTE
    ../clib/microlib/string/memcpy.c         0x00000000   Number         0  memcpyb.o ABSOLUTE
    ../clib/microlib/string/memset.c         0x00000000   Number         0  memseta.o ABSOLUTE
    ../clib/microlib/stubs.s                 0x00000000   Number         0  iusefp.o ABSOLUTE
    ../clib/microlib/stubs.s                 0x00000000   Number         0  iusesemip.o ABSOLUTE
    ../fplib/microlib/fpadd.c                0x00000000   Number         0  dadd.o ABSOLUTE
    ../fplib/microlib/fpdiv.c                0x00000000   Number         0  ddiv.o ABSOLUTE
    ../fplib/microlib/fpepilogue.c           0x00000000   Number         0  depilogue.o ABSOLUTE
    ../fplib/microlib/fpfix.c                0x00000000   Number         0  dfixul.o ABSOLUTE
    ../fplib/microlib/fpmul.c                0x00000000   Number         0  dmul.o ABSOLUTE
    ..\..\Firmware\CMSIS\GD\GD32A50x\Source\ARM\startup_gd32a50x.s 0x00000000   Number         0  startup_gd32a50x.o ABSOLUTE
    MAX96752.c                               0x00000000   Number         0  max96752.o ABSOLUTE
    Update.c                                 0x00000000   Number         0  update.o ABSOLUTE
    cdrcmple.s                               0x00000000   Number         0  cdrcmple.o ABSOLUTE
    dc.s                                     0x00000000   Number         0  dc.o ABSOLUTE
    fmc_App.c                                0x00000000   Number         0  fmc_app.o ABSOLUTE
    gd32a50x_adc.c                           0x00000000   Number         0  gd32a50x_adc.o ABSOLUTE
    gd32a50x_bkp.c                           0x00000000   Number         0  gd32a50x_bkp.o ABSOLUTE
    gd32a50x_can.c                           0x00000000   Number         0  gd32a50x_can.o ABSOLUTE
    gd32a50x_cmp.c                           0x00000000   Number         0  gd32a50x_cmp.o ABSOLUTE
    gd32a50x_crc.c                           0x00000000   Number         0  gd32a50x_crc.o ABSOLUTE
    gd32a50x_dac.c                           0x00000000   Number         0  gd32a50x_dac.o ABSOLUTE
    gd32a50x_dbg.c                           0x00000000   Number         0  gd32a50x_dbg.o ABSOLUTE
    gd32a50x_dma.c                           0x00000000   Number         0  gd32a50x_dma.o ABSOLUTE
    gd32a50x_exti.c                          0x00000000   Number         0  gd32a50x_exti.o ABSOLUTE
    gd32a50x_fmc.c                           0x00000000   Number         0  gd32a50x_fmc.o ABSOLUTE
    gd32a50x_fwdgt.c                         0x00000000   Number         0  gd32a50x_fwdgt.o ABSOLUTE
    gd32a50x_gpio.c                          0x00000000   Number         0  gd32a50x_gpio.o ABSOLUTE
    gd32a50x_i2c.c                           0x00000000   Number         0  gd32a50x_i2c.o ABSOLUTE
    gd32a50x_it.c                            0x00000000   Number         0  gd32a50x_it.o ABSOLUTE
    gd32a50x_mfcom.c                         0x00000000   Number         0  gd32a50x_mfcom.o ABSOLUTE
    gd32a50x_misc.c                          0x00000000   Number         0  gd32a50x_misc.o ABSOLUTE
    gd32a50x_pmu.c                           0x00000000   Number         0  gd32a50x_pmu.o ABSOLUTE
    gd32a50x_rcu.c                           0x00000000   Number         0  gd32a50x_rcu.o ABSOLUTE
    gd32a50x_rtc.c                           0x00000000   Number         0  gd32a50x_rtc.o ABSOLUTE
    gd32a50x_spi.c                           0x00000000   Number         0  gd32a50x_spi.o ABSOLUTE
    gd32a50x_syscfg.c                        0x00000000   Number         0  gd32a50x_syscfg.o ABSOLUTE
    gd32a50x_timer.c                         0x00000000   Number         0  gd32a50x_timer.o ABSOLUTE
    gd32a50x_trigsel.c                       0x00000000   Number         0  gd32a50x_trigsel.o ABSOLUTE
    gd32a50x_usart.c                         0x00000000   Number         0  gd32a50x_usart.o ABSOLUTE
    gd32a50x_wwdgt.c                         0x00000000   Number         0  gd32a50x_wwdgt.o ABSOLUTE
    handlers.s                               0x00000000   Number         0  handlers.o ABSOLUTE
    i2c_App.c                                0x00000000   Number         0  i2c_app.o ABSOLUTE
    init.s                                   0x00000000   Number         0  init.o ABSOLUTE
    main.c                                   0x00000000   Number         0  main.o ABSOLUTE
    system_gd32a50x.c                        0x00000000   Number         0  system_gd32a50x.o ABSOLUTE
    systick.c                                0x00000000   Number         0  systick.o ABSOLUTE
    RESET                                    0x08000000   Section      348  startup_gd32a50x.o(RESET)
    .ARM.Collect$$$$00000000                 0x0800015c   Section        0  entry.o(.ARM.Collect$$$$00000000)
    .ARM.Collect$$$$00000001                 0x0800015c   Section        4  entry2.o(.ARM.Collect$$$$00000001)
    .ARM.Collect$$$$00000004                 0x08000160   Section        4  entry5.o(.ARM.Collect$$$$00000004)
    .ARM.Collect$$$$00000008                 0x08000164   Section        0  entry7b.o(.ARM.Collect$$$$00000008)
    .ARM.Collect$$$$0000000A                 0x08000164   Section        0  entry8b.o(.ARM.Collect$$$$0000000A)
    .ARM.Collect$$$$0000000B                 0x08000164   Section        8  entry9a.o(.ARM.Collect$$$$0000000B)
    __lit__00000000                          0x0800016c   Data           4  entry2.o(.ARM.Collect$$$$00002712)
    .ARM.Collect$$$$0000000D                 0x0800016c   Section        0  entry10a.o(.ARM.Collect$$$$0000000D)
    .ARM.Collect$$$$0000000F                 0x0800016c   Section        0  entry11a.o(.ARM.Collect$$$$0000000F)
    .ARM.Collect$$$$00002712                 0x0800016c   Section        4  entry2.o(.ARM.Collect$$$$00002712)
    $v0                                      0x08000170   Number         0  startup_gd32a50x.o(.text)
    .text                                    0x08000170   Section       80  startup_gd32a50x.o(.text)
    .text                                    0x080001c0   Section        0  memcpya.o(.text)
    .text                                    0x080001e4   Section        0  memseta.o(.text)
    .text                                    0x08000208   Section       36  init.o(.text)
    .text                                    0x0800022c   Section        0  __dczerorl.o(.text)
    [Anonymous Symbol]                       0x08000268   Section        0  update.o(.text.Calculate_Sum_of_Data)
    [Anonymous Symbol]                       0x0800031c   Section        0  update.o(.text.Calculate_Sum_of_Line)
    [Anonymous Symbol]                       0x080003d4   Section        0  gd32a50x_it.o(.text.HardFault_Handler)
    [Anonymous Symbol]                       0x080003d8   Section        0  i2c_app.o(.text.I2C0_ER_IRQHandler)
    [Anonymous Symbol]                       0x0800053c   Section        0  i2c_app.o(.text.I2C0_EV_IRQHandler)
    [Anonymous Symbol]                       0x08000770   Section        0  i2c_app.o(.text.I2C1_ER_IRQHandler)
    [Anonymous Symbol]                       0x080008d4   Section        0  i2c_app.o(.text.I2C1_EV_IRQHandler)
    [Anonymous Symbol]                       0x08000b08   Section        0  i2c_app.o(.text.I2C_Gpio_Config)
    [Anonymous Symbol]                       0x08000b4c   Section        0  i2c_app.o(.text.I2C_Slave_Config)
    [Anonymous Symbol]                       0x08000bb8   Section        0  gd32a50x_it.o(.text.NMI_Handler)
    [Anonymous Symbol]                       0x08000bbc   Section        0  gd32a50x_it.o(.text.PendSV_Handler)
    [Anonymous Symbol]                       0x08000bc0   Section        0  gd32a50x_it.o(.text.SVC_Handler)
    SaveProc                                 0x08000bc5   Thumb Code   194  update.o(.text.SaveProc)
    [Anonymous Symbol]                       0x08000bc4   Section        0  update.o(.text.SaveProc)
    SysTick_Config                           0x08000c89   Thumb Code    82  systick.o(.text.SysTick_Config)
    [Anonymous Symbol]                       0x08000c88   Section        0  systick.o(.text.SysTick_Config)
    [Anonymous Symbol]                       0x08000cdc   Section        0  gd32a50x_it.o(.text.SysTick_Handler)
    [Anonymous Symbol]                       0x08000ce4   Section        0  system_gd32a50x.o(.text.SystemInit)
    [Anonymous Symbol]                       0x08000e30   Section        0  gd32a50x_it.o(.text.TIMER1_IRQHandler)
    [Anonymous Symbol]                       0x08000ed4   Section        0  main.o(.text.Timer1_Generate_1ms_Interrupt)
    [Anonymous Symbol]                       0x08000f34   Section        0  update.o(.text.Update_Process)
    [Anonymous Symbol]                       0x08001930   Section        0  update.o(.text.Updating)
    __NVIC_SetPriority                       0x080019e1   Thumb Code    66  systick.o(.text.__NVIC_SetPriority)
    [Anonymous Symbol]                       0x080019e0   Section        0  systick.o(.text.__NVIC_SetPriority)
    [Anonymous Symbol]                       0x08001a24   Section        0  update.o(.text.compareArrays)
    [Anonymous Symbol]                       0x08001a74   Section        0  update.o(.text.cx)
    [Anonymous Symbol]                       0x08001d00   Section        0  systick.o(.text.delay_decrement)
    fmc_bank0_ready_wait                     0x08001d21   Thumb Code    92  gd32a50x_fmc.o(.text.fmc_bank0_ready_wait)
    [Anonymous Symbol]                       0x08001d20   Section        0  gd32a50x_fmc.o(.text.fmc_bank0_ready_wait)
    fmc_bank0_state_get                      0x08001d7d   Thumb Code   210  gd32a50x_fmc.o(.text.fmc_bank0_state_get)
    [Anonymous Symbol]                       0x08001d7c   Section        0  gd32a50x_fmc.o(.text.fmc_bank0_state_get)
    fmc_bank1_ready_wait                     0x08001e51   Thumb Code    92  gd32a50x_fmc.o(.text.fmc_bank1_ready_wait)
    [Anonymous Symbol]                       0x08001e50   Section        0  gd32a50x_fmc.o(.text.fmc_bank1_ready_wait)
    fmc_bank1_state_get                      0x08001ead   Thumb Code   210  gd32a50x_fmc.o(.text.fmc_bank1_state_get)
    [Anonymous Symbol]                       0x08001eac   Section        0  gd32a50x_fmc.o(.text.fmc_bank1_state_get)
    [Anonymous Symbol]                       0x08001f80   Section        0  gd32a50x_fmc.o(.text.fmc_doubleword_program)
    [Anonymous Symbol]                       0x08002054   Section        0  fmc_app.o(.text.fmc_erase_pages)
    [Anonymous Symbol]                       0x080020a0   Section        0  gd32a50x_fmc.o(.text.fmc_flag_clear)
    [Anonymous Symbol]                       0x08002110   Section        0  fmc_app.o(.text.fmc_flags_clear)
    [Anonymous Symbol]                       0x0800214c   Section        0  gd32a50x_fmc.o(.text.fmc_lock)
    [Anonymous Symbol]                       0x08002170   Section        0  gd32a50x_fmc.o(.text.fmc_page_erase)
    [Anonymous Symbol]                       0x08002248   Section        0  fmc_app.o(.text.fmc_program)
    [Anonymous Symbol]                       0x0800229c   Section        0  fmc_app.o(.text.fmc_program_check)
    [Anonymous Symbol]                       0x08002308   Section        0  fmc_app.o(.text.fmc_uint64_program)
    [Anonymous Symbol]                       0x08002334   Section        0  gd32a50x_fmc.o(.text.fmc_unlock)
    [Anonymous Symbol]                       0x08002398   Section        0  fmc_app.o(.text.get_Bin64_Data_Array)
    [Anonymous Symbol]                       0x08002440   Section        0  update.o(.text.get_Bin_Data_Array)
    [Anonymous Symbol]                       0x080024ec   Section        0  gd32a50x_gpio.o(.text.gpio_af_set)
    [Anonymous Symbol]                       0x080025c0   Section        0  gd32a50x_gpio.o(.text.gpio_bit_reset)
    [Anonymous Symbol]                       0x080025d0   Section        0  gd32a50x_gpio.o(.text.gpio_bit_set)
    [Anonymous Symbol]                       0x080025e0   Section        0  gd32a50x_gpio.o(.text.gpio_deinit)
    [Anonymous Symbol]                       0x080026b4   Section        0  gd32a50x_gpio.o(.text.gpio_mode_set)
    [Anonymous Symbol]                       0x08002750   Section        0  gd32a50x_gpio.o(.text.gpio_output_options_set)
    [Anonymous Symbol]                       0x080027e4   Section        0  gd32a50x_i2c.o(.text.i2c_address_config)
    [Anonymous Symbol]                       0x0800280c   Section        0  gd32a50x_i2c.o(.text.i2c_data_receive)
    [Anonymous Symbol]                       0x0800281c   Section        0  gd32a50x_i2c.o(.text.i2c_data_transmit)
    [Anonymous Symbol]                       0x08002830   Section        0  gd32a50x_i2c.o(.text.i2c_deinit)
    [Anonymous Symbol]                       0x08002884   Section        0  gd32a50x_i2c.o(.text.i2c_enable)
    [Anonymous Symbol]                       0x08002898   Section        0  gd32a50x_i2c.o(.text.i2c_flag_get)
    [Anonymous Symbol]                       0x080028c4   Section        0  gd32a50x_i2c.o(.text.i2c_interrupt_enable)
    [Anonymous Symbol]                       0x080028d8   Section        0  gd32a50x_i2c.o(.text.i2c_interrupt_flag_clear)
    [Anonymous Symbol]                       0x080028f8   Section        0  gd32a50x_i2c.o(.text.i2c_interrupt_flag_get)
    [Anonymous Symbol]                       0x08002958   Section        0  gd32a50x_i2c.o(.text.i2c_master_clock_config)
    [Anonymous Symbol]                       0x08002998   Section        0  gd32a50x_i2c.o(.text.i2c_timing_config)
    [Anonymous Symbol]                       0x080029f4   Section        0  main.o(.text.main)
    [Anonymous Symbol]                       0x08002b70   Section        0  gd32a50x_misc.o(.text.nvic_irq_enable)
    [Anonymous Symbol]                       0x08002c9c   Section        0  gd32a50x_misc.o(.text.nvic_priority_group_set)
    [Anonymous Symbol]                       0x08002cb8   Section        0  gd32a50x_misc.o(.text.nvic_vector_table_set)
    [Anonymous Symbol]                       0x08002ce0   Section        0  gd32a50x_rcu.o(.text.rcu_deinit)
    [Anonymous Symbol]                       0x08002d78   Section        0  gd32a50x_rcu.o(.text.rcu_flag_get)
    [Anonymous Symbol]                       0x08002db8   Section        0  gd32a50x_rcu.o(.text.rcu_osci_stab_wait)
    [Anonymous Symbol]                       0x08002f94   Section        0  gd32a50x_rcu.o(.text.rcu_periph_clock_disable)
    [Anonymous Symbol]                       0x08002fbc   Section        0  gd32a50x_rcu.o(.text.rcu_periph_clock_enable)
    [Anonymous Symbol]                       0x08002fe4   Section        0  gd32a50x_rcu.o(.text.rcu_periph_reset_disable)
    [Anonymous Symbol]                       0x0800300c   Section        0  gd32a50x_rcu.o(.text.rcu_periph_reset_enable)
    system_clock_100m_pll_irc8m              0x08003035   Thumb Code   278  system_gd32a50x.o(.text.system_clock_100m_pll_irc8m)
    [Anonymous Symbol]                       0x08003034   Section        0  system_gd32a50x.o(.text.system_clock_100m_pll_irc8m)
    system_clock_config                      0x0800314d   Thumb Code     8  system_gd32a50x.o(.text.system_clock_config)
    [Anonymous Symbol]                       0x0800314c   Section        0  system_gd32a50x.o(.text.system_clock_config)
    [Anonymous Symbol]                       0x08003154   Section        0  systick.o(.text.systick_config)
    [Anonymous Symbol]                       0x08003188   Section        0  gd32a50x_timer.o(.text.timer_deinit)
    [Anonymous Symbol]                       0x08003280   Section        0  gd32a50x_timer.o(.text.timer_enable)
    [Anonymous Symbol]                       0x08003294   Section        0  gd32a50x_timer.o(.text.timer_init)
    [Anonymous Symbol]                       0x080033b4   Section        0  gd32a50x_timer.o(.text.timer_interrupt_enable)
    [Anonymous Symbol]                       0x080033c8   Section        0  gd32a50x_timer.o(.text.timer_interrupt_flag_clear)
    [Anonymous Symbol]                       0x080033dc   Section        0  gd32a50x_timer.o(.text.timer_interrupt_flag_get)
    [Anonymous Symbol]                       0x08003418   Section        0  gd32a50x_timer.o(.text.timer_struct_para_init)
    i.__scatterload_copy                     0x0800343e   Section       14  handlers.o(i.__scatterload_copy)
    i.__scatterload_null                     0x0800344c   Section        2  handlers.o(i.__scatterload_null)
    i.__scatterload_zeroinit                 0x0800344e   Section       14  handlers.o(i.__scatterload_zeroinit)
    SaveProc.start_address                   0x20000000   Data           4  update.o(.data.SaveProc.start_address)
    [Anonymous Symbol]                       0x20000000   Section        0  update.o(.data.SaveProc.start_address)
    delay                                    0x200001f8   Data           4  systick.o(.bss.delay)
    [Anonymous Symbol]                       0x200001f8   Section        0  systick.o(.bss.delay)
    STACK                                    0x20000200   Section     2048  startup_gd32a50x.o(STACK)

    Global Symbols

    Symbol Name                              Value     Ov Type        Size  Object(Section)

    BuildAttributes$$THM_ISAv4$E$P$D$K$B$S$7EM$8M$VFPi5$EXTD16$VFPS$VFMA$PE$A:L22UL41UL21$X:L11$S22US41US21$IEEE1$IW$~IW$USESV6$~STKCKD$USESV7$~SHL$OSPACE$ROPI$EBA8$MICROLIB$REQ8$PRES8$EABIv2 0x00000000   Number         0  anon$$obj.o ABSOLUTE
    __cpp_initialize__aeabi_                  - Undefined Weak Reference
    __cxa_finalize                            - Undefined Weak Reference
    _clock_init                               - Undefined Weak Reference
    _microlib_exit                            - Undefined Weak Reference
    __Vectors_Size                           0x0000015c   Number         0  startup_gd32a50x.o ABSOLUTE
    __Vectors                                0x08000000   Data           4  startup_gd32a50x.o(RESET)
    __Vectors_End                            0x0800015c   Data           0  startup_gd32a50x.o(RESET)
    __main                                   0x0800015d   Thumb Code     0  entry.o(.ARM.Collect$$$$00000000)
    _main_stk                                0x0800015d   Thumb Code     0  entry2.o(.ARM.Collect$$$$00000001)
    _main_scatterload                        0x08000161   Thumb Code     0  entry5.o(.ARM.Collect$$$$00000004)
    __main_after_scatterload                 0x08000165   Thumb Code     0  entry5.o(.ARM.Collect$$$$00000004)
    _main_clock                              0x08000165   Thumb Code     0  entry7b.o(.ARM.Collect$$$$00000008)
    _main_cpp_init                           0x08000165   Thumb Code     0  entry8b.o(.ARM.Collect$$$$0000000A)
    _main_init                               0x08000165   Thumb Code     0  entry9a.o(.ARM.Collect$$$$0000000B)
    __rt_final_cpp                           0x0800016d   Thumb Code     0  entry10a.o(.ARM.Collect$$$$0000000D)
    __rt_final_exit                          0x0800016d   Thumb Code     0  entry11a.o(.ARM.Collect$$$$0000000F)
    Reset_Handler                            0x08000171   Thumb Code    42  startup_gd32a50x.o(.text)
    MemManage_Handler                        0x0800019f   Thumb Code     2  startup_gd32a50x.o(.text)
    BusFault_Handler                         0x080001a1   Thumb Code     2  startup_gd32a50x.o(.text)
    UsageFault_Handler                       0x080001a3   Thumb Code     2  startup_gd32a50x.o(.text)
    DebugMon_Handler                         0x080001a7   Thumb Code     2  startup_gd32a50x.o(.text)
    ADC0_1_IRQHandler                        0x080001ad   Thumb Code     0  startup_gd32a50x.o(.text)
    CAN0_Busoff_IRQHandler                   0x080001ad   Thumb Code     0  startup_gd32a50x.o(.text)
    CAN0_Error_IRQHandler                    0x080001ad   Thumb Code     0  startup_gd32a50x.o(.text)
    CAN0_FastError_IRQHandler                0x080001ad   Thumb Code     0  startup_gd32a50x.o(.text)
    CAN0_Message_IRQHandler                  0x080001ad   Thumb Code     0  startup_gd32a50x.o(.text)
    CAN0_REC_IRQHandler                      0x080001ad   Thumb Code     0  startup_gd32a50x.o(.text)
    CAN0_TEC_IRQHandler                      0x080001ad   Thumb Code     0  startup_gd32a50x.o(.text)
    CAN0_WKUP_IRQHandler                     0x080001ad   Thumb Code     0  startup_gd32a50x.o(.text)
    CAN1_Busoff_IRQHandler                   0x080001ad   Thumb Code     0  startup_gd32a50x.o(.text)
    CAN1_Error_IRQHandler                    0x080001ad   Thumb Code     0  startup_gd32a50x.o(.text)
    CAN1_FastError_IRQHandler                0x080001ad   Thumb Code     0  startup_gd32a50x.o(.text)
    CAN1_Message_IRQHandler                  0x080001ad   Thumb Code     0  startup_gd32a50x.o(.text)
    CAN1_REC_IRQHandler                      0x080001ad   Thumb Code     0  startup_gd32a50x.o(.text)
    CAN1_TEC_IRQHandler                      0x080001ad   Thumb Code     0  startup_gd32a50x.o(.text)
    CAN1_WKUP_IRQHandler                     0x080001ad   Thumb Code     0  startup_gd32a50x.o(.text)
    CMP_IRQHandler                           0x080001ad   Thumb Code     0  startup_gd32a50x.o(.text)
    DMA0_Channel0_IRQHandler                 0x080001ad   Thumb Code     0  startup_gd32a50x.o(.text)
    DMA0_Channel1_IRQHandler                 0x080001ad   Thumb Code     0  startup_gd32a50x.o(.text)
    DMA0_Channel2_IRQHandler                 0x080001ad   Thumb Code     0  startup_gd32a50x.o(.text)
    DMA0_Channel3_IRQHandler                 0x080001ad   Thumb Code     0  startup_gd32a50x.o(.text)
    DMA0_Channel4_IRQHandler                 0x080001ad   Thumb Code     0  startup_gd32a50x.o(.text)
    DMA0_Channel5_IRQHandler                 0x080001ad   Thumb Code     0  startup_gd32a50x.o(.text)
    DMA0_Channel6_IRQHandler                 0x080001ad   Thumb Code     0  startup_gd32a50x.o(.text)
    DMA1_Channel0_IRQHandler                 0x080001ad   Thumb Code     0  startup_gd32a50x.o(.text)
    DMA1_Channel1_IRQHandler                 0x080001ad   Thumb Code     0  startup_gd32a50x.o(.text)
    DMA1_Channel2_IRQHandler                 0x080001ad   Thumb Code     0  startup_gd32a50x.o(.text)
    DMA1_Channel3_IRQHandler                 0x080001ad   Thumb Code     0  startup_gd32a50x.o(.text)
    DMA1_Channel4_IRQHandler                 0x080001ad   Thumb Code     0  startup_gd32a50x.o(.text)
    DMAMUX_IRQHandler                        0x080001ad   Thumb Code     0  startup_gd32a50x.o(.text)
    EXTI0_IRQHandler                         0x080001ad   Thumb Code     0  startup_gd32a50x.o(.text)
    EXTI10_15_IRQHandler                     0x080001ad   Thumb Code     0  startup_gd32a50x.o(.text)
    EXTI1_IRQHandler                         0x080001ad   Thumb Code     0  startup_gd32a50x.o(.text)
    EXTI2_IRQHandler                         0x080001ad   Thumb Code     0  startup_gd32a50x.o(.text)
    EXTI3_IRQHandler                         0x080001ad   Thumb Code     0  startup_gd32a50x.o(.text)
    EXTI4_IRQHandler                         0x080001ad   Thumb Code     0  startup_gd32a50x.o(.text)
    EXTI5_9_IRQHandler                       0x080001ad   Thumb Code     0  startup_gd32a50x.o(.text)
    FMC_IRQHandler                           0x080001ad   Thumb Code     0  startup_gd32a50x.o(.text)
    FPU_IRQHandler                           0x080001ad   Thumb Code     0  startup_gd32a50x.o(.text)
    LVD_IRQHandler                           0x080001ad   Thumb Code     0  startup_gd32a50x.o(.text)
    MFCOM_IRQHandler                         0x080001ad   Thumb Code     0  startup_gd32a50x.o(.text)
    OVD_IRQHandler                           0x080001ad   Thumb Code     0  startup_gd32a50x.o(.text)
    RCU_IRQHandler                           0x080001ad   Thumb Code     0  startup_gd32a50x.o(.text)
    RTC_IRQHandler                           0x080001ad   Thumb Code     0  startup_gd32a50x.o(.text)
    SPI0_IRQHandler                          0x080001ad   Thumb Code     0  startup_gd32a50x.o(.text)
    SPI1_IRQHandler                          0x080001ad   Thumb Code     0  startup_gd32a50x.o(.text)
    SRAMC_ECCSE_IRQHandler                   0x080001ad   Thumb Code     0  startup_gd32a50x.o(.text)
    TAMPER_IRQHandler                        0x080001ad   Thumb Code     0  startup_gd32a50x.o(.text)
    TIMER0_BRK_UP_TRG_CMT_IRQHandler         0x080001ad   Thumb Code     0  startup_gd32a50x.o(.text)
    TIMER0_Channel_IRQHandler                0x080001ad   Thumb Code     0  startup_gd32a50x.o(.text)
    TIMER19_BRK_UP_TRG_CMT_IRQHandler        0x080001ad   Thumb Code     0  startup_gd32a50x.o(.text)
    TIMER19_Channel_IRQHandler               0x080001ad   Thumb Code     0  startup_gd32a50x.o(.text)
    TIMER20_BRK_UP_TRG_CMT_IRQHandler        0x080001ad   Thumb Code     0  startup_gd32a50x.o(.text)
    TIMER20_Channel_IRQHandler               0x080001ad   Thumb Code     0  startup_gd32a50x.o(.text)
    TIMER5_DAC_IRQHandler                    0x080001ad   Thumb Code     0  startup_gd32a50x.o(.text)
    TIMER6_IRQHandler                        0x080001ad   Thumb Code     0  startup_gd32a50x.o(.text)
    TIMER7_BRK_UP_TRG_CMT_IRQHandler         0x080001ad   Thumb Code     0  startup_gd32a50x.o(.text)
    TIMER7_Channel_IRQHandler                0x080001ad   Thumb Code     0  startup_gd32a50x.o(.text)
    USART0_IRQHandler                        0x080001ad   Thumb Code     0  startup_gd32a50x.o(.text)
    USART1_IRQHandler                        0x080001ad   Thumb Code     0  startup_gd32a50x.o(.text)
    USART2_IRQHandler                        0x080001ad   Thumb Code     0  startup_gd32a50x.o(.text)
    WWDGT_IRQHandler                         0x080001ad   Thumb Code     0  startup_gd32a50x.o(.text)
    __aeabi_memcpy                           0x080001c1   Thumb Code    36  memcpya.o(.text)
    __aeabi_memcpy4                          0x080001c1   Thumb Code     0  memcpya.o(.text)
    __aeabi_memcpy8                          0x080001c1   Thumb Code     0  memcpya.o(.text)
    __aeabi_memset                           0x080001e5   Thumb Code    14  memseta.o(.text)
    __aeabi_memset4                          0x080001e5   Thumb Code     0  memseta.o(.text)
    __aeabi_memset8                          0x080001e5   Thumb Code     0  memseta.o(.text)
    __aeabi_memclr                           0x080001f3   Thumb Code     4  memseta.o(.text)
    __aeabi_memclr4                          0x080001f3   Thumb Code     0  memseta.o(.text)
    __aeabi_memclr8                          0x080001f3   Thumb Code     0  memseta.o(.text)
    _memset$wrapper                          0x080001f7   Thumb Code    18  memseta.o(.text)
    __scatterload                            0x08000209   Thumb Code    28  init.o(.text)
    __scatterload_rt2                        0x08000209   Thumb Code     0  init.o(.text)
    __decompress                             0x0800022d   Thumb Code     0  __dczerorl.o(.text)
    __decompress0                            0x0800022d   Thumb Code    58  __dczerorl.o(.text)
    Calculate_Sum_of_Data                    0x08000269   Thumb Code   178  update.o(.text.Calculate_Sum_of_Data)
    Calculate_Sum_of_Line                    0x0800031d   Thumb Code   182  update.o(.text.Calculate_Sum_of_Line)
    HardFault_Handler                        0x080003d5   Thumb Code     4  gd32a50x_it.o(.text.HardFault_Handler)
    I2C0_ER_IRQHandler                       0x080003d9   Thumb Code   354  i2c_app.o(.text.I2C0_ER_IRQHandler)
    I2C0_EV_IRQHandler                       0x0800053d   Thumb Code   562  i2c_app.o(.text.I2C0_EV_IRQHandler)
    I2C1_ER_IRQHandler                       0x08000771   Thumb Code   354  i2c_app.o(.text.I2C1_ER_IRQHandler)
    I2C1_EV_IRQHandler                       0x080008d5   Thumb Code   562  i2c_app.o(.text.I2C1_EV_IRQHandler)
    I2C_Gpio_Config                          0x08000b09   Thumb Code    68  i2c_app.o(.text.I2C_Gpio_Config)
    I2C_Slave_Config                         0x08000b4d   Thumb Code   106  i2c_app.o(.text.I2C_Slave_Config)
    NMI_Handler                              0x08000bb9   Thumb Code     2  gd32a50x_it.o(.text.NMI_Handler)
    PendSV_Handler                           0x08000bbd   Thumb Code     2  gd32a50x_it.o(.text.PendSV_Handler)
    SVC_Handler                              0x08000bc1   Thumb Code     2  gd32a50x_it.o(.text.SVC_Handler)
    SysTick_Handler                          0x08000cdd   Thumb Code     8  gd32a50x_it.o(.text.SysTick_Handler)
    SystemInit                               0x08000ce5   Thumb Code   330  system_gd32a50x.o(.text.SystemInit)
    TIMER1_IRQHandler                        0x08000e31   Thumb Code   162  gd32a50x_it.o(.text.TIMER1_IRQHandler)
    Timer1_Generate_1ms_Interrupt            0x08000ed5   Thumb Code    94  main.o(.text.Timer1_Generate_1ms_Interrupt)
    Update_Process                           0x08000f35   Thumb Code  2554  update.o(.text.Update_Process)
    Updating                                 0x08001931   Thumb Code   176  update.o(.text.Updating)
    compareArrays                            0x08001a25   Thumb Code    78  update.o(.text.compareArrays)
    cx                                       0x08001a75   Thumb Code   650  update.o(.text.cx)
    delay_decrement                          0x08001d01   Thumb Code    32  systick.o(.text.delay_decrement)
    fmc_doubleword_program                   0x08001f81   Thumb Code   212  gd32a50x_fmc.o(.text.fmc_doubleword_program)
    fmc_erase_pages                          0x08002055   Thumb Code    76  fmc_app.o(.text.fmc_erase_pages)
    fmc_flag_clear                           0x080020a1   Thumb Code   110  gd32a50x_fmc.o(.text.fmc_flag_clear)
    fmc_flags_clear                          0x08002111   Thumb Code    60  fmc_app.o(.text.fmc_flags_clear)
    fmc_lock                                 0x0800214d   Thumb Code    34  gd32a50x_fmc.o(.text.fmc_lock)
    fmc_page_erase                           0x08002171   Thumb Code   214  gd32a50x_fmc.o(.text.fmc_page_erase)
    fmc_program                              0x08002249   Thumb Code    84  fmc_app.o(.text.fmc_program)
    fmc_program_check                        0x0800229d   Thumb Code   106  fmc_app.o(.text.fmc_program_check)
    fmc_uint64_program                       0x08002309   Thumb Code    44  fmc_app.o(.text.fmc_uint64_program)
    fmc_unlock                               0x08002335   Thumb Code    98  gd32a50x_fmc.o(.text.fmc_unlock)
    get_Bin64_Data_Array                     0x08002399   Thumb Code   168  fmc_app.o(.text.get_Bin64_Data_Array)
    get_Bin_Data_Array                       0x08002441   Thumb Code   170  update.o(.text.get_Bin_Data_Array)
    gpio_af_set                              0x080024ed   Thumb Code   212  gd32a50x_gpio.o(.text.gpio_af_set)
    gpio_bit_reset                           0x080025c1   Thumb Code    16  gd32a50x_gpio.o(.text.gpio_bit_reset)
    gpio_bit_set                             0x080025d1   Thumb Code    16  gd32a50x_gpio.o(.text.gpio_bit_set)
    gpio_deinit                              0x080025e1   Thumb Code   212  gd32a50x_gpio.o(.text.gpio_deinit)
    gpio_mode_set                            0x080026b5   Thumb Code   156  gd32a50x_gpio.o(.text.gpio_mode_set)
    gpio_output_options_set                  0x08002751   Thumb Code   146  gd32a50x_gpio.o(.text.gpio_output_options_set)
    i2c_address_config                       0x080027e5   Thumb Code    40  gd32a50x_i2c.o(.text.i2c_address_config)
    i2c_data_receive                         0x0800280d   Thumb Code    14  gd32a50x_i2c.o(.text.i2c_data_receive)
    i2c_data_transmit                        0x0800281d   Thumb Code    18  gd32a50x_i2c.o(.text.i2c_data_transmit)
    i2c_deinit                               0x08002831   Thumb Code    82  gd32a50x_i2c.o(.text.i2c_deinit)
    i2c_enable                               0x08002885   Thumb Code    18  gd32a50x_i2c.o(.text.i2c_enable)
    i2c_flag_get                             0x08002899   Thumb Code    42  gd32a50x_i2c.o(.text.i2c_flag_get)
    i2c_interrupt_enable                     0x080028c5   Thumb Code    20  gd32a50x_i2c.o(.text.i2c_interrupt_enable)
    i2c_interrupt_flag_clear                 0x080028d9   Thumb Code    30  gd32a50x_i2c.o(.text.i2c_interrupt_flag_clear)
    i2c_interrupt_flag_get                   0x080028f9   Thumb Code    94  gd32a50x_i2c.o(.text.i2c_interrupt_flag_get)
    i2c_master_clock_config                  0x08002959   Thumb Code    62  gd32a50x_i2c.o(.text.i2c_master_clock_config)
    i2c_timing_config                        0x08002999   Thumb Code    92  gd32a50x_i2c.o(.text.i2c_timing_config)
    main                                     0x080029f5   Thumb Code   380  main.o(.text.main)
    nvic_irq_enable                          0x08002b71   Thumb Code   298  gd32a50x_misc.o(.text.nvic_irq_enable)
    nvic_priority_group_set                  0x08002c9d   Thumb Code    28  gd32a50x_misc.o(.text.nvic_priority_group_set)
    nvic_vector_table_set                    0x08002cb9   Thumb Code    40  gd32a50x_misc.o(.text.nvic_vector_table_set)
    rcu_deinit                               0x08002ce1   Thumb Code   152  gd32a50x_rcu.o(.text.rcu_deinit)
    rcu_flag_get                             0x08002d79   Thumb Code    62  gd32a50x_rcu.o(.text.rcu_flag_get)
    rcu_osci_stab_wait                       0x08002db9   Thumb Code   476  gd32a50x_rcu.o(.text.rcu_osci_stab_wait)
    rcu_periph_clock_disable                 0x08002f95   Thumb Code    40  gd32a50x_rcu.o(.text.rcu_periph_clock_disable)
    rcu_periph_clock_enable                  0x08002fbd   Thumb Code    40  gd32a50x_rcu.o(.text.rcu_periph_clock_enable)
    rcu_periph_reset_disable                 0x08002fe5   Thumb Code    40  gd32a50x_rcu.o(.text.rcu_periph_reset_disable)
    rcu_periph_reset_enable                  0x0800300d   Thumb Code    40  gd32a50x_rcu.o(.text.rcu_periph_reset_enable)
    systick_config                           0x08003155   Thumb Code    50  systick.o(.text.systick_config)
    timer_deinit                             0x08003189   Thumb Code   246  gd32a50x_timer.o(.text.timer_deinit)
    timer_enable                             0x08003281   Thumb Code    18  gd32a50x_timer.o(.text.timer_enable)
    timer_init                               0x08003295   Thumb Code   288  gd32a50x_timer.o(.text.timer_init)
    timer_interrupt_enable                   0x080033b5   Thumb Code    20  gd32a50x_timer.o(.text.timer_interrupt_enable)
    timer_interrupt_flag_clear               0x080033c9   Thumb Code    20  gd32a50x_timer.o(.text.timer_interrupt_flag_clear)
    timer_interrupt_flag_get                 0x080033dd   Thumb Code    58  gd32a50x_timer.o(.text.timer_interrupt_flag_get)
    timer_struct_para_init                   0x08003419   Thumb Code    38  gd32a50x_timer.o(.text.timer_struct_para_init)
    __scatterload_copy                       0x0800343f   Thumb Code    14  handlers.o(i.__scatterload_copy)
    __scatterload_null                       0x0800344d   Thumb Code     2  handlers.o(i.__scatterload_null)
    __scatterload_zeroinit                   0x0800344f   Thumb Code    14  handlers.o(i.__scatterload_zeroinit)
    Std_Receive_Arr                          0x0800345c   Data          69  update.o(.rodata.Std_Receive_Arr)
    Std_Replay_Arr                           0x080034a1   Data          98  update.o(.rodata.Std_Replay_Arr)
    Region$$Table$$Base                      0x08003504   Number         0  anon$$obj.o(Region$$Table)
    Region$$Table$$Limit                     0x08003524   Number         0  anon$$obj.o(Region$$Table)
    SystemCoreClock                          0x20000004   Data           4  system_gd32a50x.o(.data.SystemCoreClock)
    Update_tI2cSlave                         0x20000008   Data         314  update.o(.data.Update_tI2cSlave)
    pApp_Once                                0x20000144   Data           4  main.o(.data.pApp_Once)
    pBL_State                                0x20000148   Data           4  main.o(.data.pBL_State)
    BootLoader_State                         0x20000150   Data           8  update.o(.bss.BootLoader_State)
    BootloaderStatus                         0x20000158   Data           1  update.o(.bss.BootloaderStatus)
    Counter_1ms                              0x2000015a   Data           6  update.o(.bss.Counter_1ms)
    JumpAddress                              0x20000160   Data           4  update.o(.bss.JumpAddress)
    Jump_To_Application                      0x20000164   Data           4  update.o(.bss.Jump_To_Application)
    S19_Fire                                 0x20000168   Data         144  update.o(.bss.S19_Fire)
    __initial_sp                             0x20000a00   Data           0  startup_gd32a50x.o(STACK)



==============================================================================

Memory Map of the image

  Image Entry point : 0x0800015d

  Load Region LR_IROM1 (Base: 0x08000000, Size: 0x00003678, Max: 0x00040000, ABSOLUTE, COMPRESSED[0x00003548])

    Execution Region ER_IROM1 (Exec base: 0x08000000, Load base: 0x08000000, Size: 0x00003524, Max: 0x00040000, ABSOLUTE)

    Exec Addr    Load Addr    Size         Type   Attr      Idx    E Section Name        Object

    0x08000000   0x08000000   0x0000015c   Data   RO         1829    RESET               startup_gd32a50x.o
    0x0800015c   0x0800015c   0x00000000   Code   RO         1836  * .ARM.Collect$$$$00000000  mc_w.l(entry.o)
    0x0800015c   0x0800015c   0x00000004   Code   RO         1873    .ARM.Collect$$$$00000001  mc_w.l(entry2.o)
    0x08000160   0x08000160   0x00000004   Code   RO         1876    .ARM.Collect$$$$00000004  mc_w.l(entry5.o)
    0x08000164   0x08000164   0x00000000   Code   RO         1878    .ARM.Collect$$$$00000008  mc_w.l(entry7b.o)
    0x08000164   0x08000164   0x00000000   Code   RO         1880    .ARM.Collect$$$$0000000A  mc_w.l(entry8b.o)
    0x08000164   0x08000164   0x00000008   Code   RO         1881    .ARM.Collect$$$$0000000B  mc_w.l(entry9a.o)
    0x0800016c   0x0800016c   0x00000000   Code   RO         1883    .ARM.Collect$$$$0000000D  mc_w.l(entry10a.o)
    0x0800016c   0x0800016c   0x00000000   Code   RO         1885    .ARM.Collect$$$$0000000F  mc_w.l(entry11a.o)
    0x0800016c   0x0800016c   0x00000004   Code   RO         1874    .ARM.Collect$$$$00002712  mc_w.l(entry2.o)
    0x08000170   0x08000170   0x00000050   Code   RO         1830    .text               startup_gd32a50x.o
    0x080001c0   0x080001c0   0x00000024   Code   RO         1839    .text               mc_w.l(memcpya.o)
    0x080001e4   0x080001e4   0x00000024   Code   RO         1841    .text               mc_w.l(memseta.o)
    0x08000208   0x08000208   0x00000024   Code   RO         1916    .text               mc_w.l(init.o)
    0x0800022c   0x0800022c   0x0000003a   Code   RO         1936    .text               mc_w.l(__dczerorl.o)
    0x08000266   0x08000266   0x00000002   PAD
    0x08000268   0x08000268   0x000000b2   Code   RO           82    .text.Calculate_Sum_of_Data  update.o
    0x0800031a   0x0800031a   0x00000002   PAD
    0x0800031c   0x0800031c   0x000000b6   Code   RO           78    .text.Calculate_Sum_of_Line  update.o
    0x080003d2   0x080003d2   0x00000002   PAD
    0x080003d4   0x080003d4   0x00000004   Code   RO           36    .text.HardFault_Handler  gd32a50x_it.o
    0x080003d8   0x080003d8   0x00000162   Code   RO          127    .text.I2C0_ER_IRQHandler  i2c_app.o
    0x0800053a   0x0800053a   0x00000002   PAD
    0x0800053c   0x0800053c   0x00000232   Code   RO          125    .text.I2C0_EV_IRQHandler  i2c_app.o
    0x0800076e   0x0800076e   0x00000002   PAD
    0x08000770   0x08000770   0x00000162   Code   RO          131    .text.I2C1_ER_IRQHandler  i2c_app.o
    0x080008d2   0x080008d2   0x00000002   PAD
    0x080008d4   0x080008d4   0x00000232   Code   RO          129    .text.I2C1_EV_IRQHandler  i2c_app.o
    0x08000b06   0x08000b06   0x00000002   PAD
    0x08000b08   0x08000b08   0x00000044   Code   RO          111    .text.I2C_Gpio_Config  i2c_app.o
    0x08000b4c   0x08000b4c   0x0000006a   Code   RO          115    .text.I2C_Slave_Config  i2c_app.o
    0x08000bb6   0x08000bb6   0x00000002   PAD
    0x08000bb8   0x08000bb8   0x00000002   Code   RO           34    .text.NMI_Handler   gd32a50x_it.o
    0x08000bba   0x08000bba   0x00000002   PAD
    0x08000bbc   0x08000bbc   0x00000002   Code   RO           40    .text.PendSV_Handler  gd32a50x_it.o
    0x08000bbe   0x08000bbe   0x00000002   PAD
    0x08000bc0   0x08000bc0   0x00000002   Code   RO           38    .text.SVC_Handler   gd32a50x_it.o
    0x08000bc2   0x08000bc2   0x00000002   PAD
    0x08000bc4   0x08000bc4   0x000000c2   Code   RO           80    .text.SaveProc      update.o
    0x08000c86   0x08000c86   0x00000002   PAD
    0x08000c88   0x08000c88   0x00000052   Code   RO           18    .text.SysTick_Config  systick.o
    0x08000cda   0x08000cda   0x00000002   PAD
    0x08000cdc   0x08000cdc   0x00000008   Code   RO           42    .text.SysTick_Handler  gd32a50x_it.o
    0x08000ce4   0x08000ce4   0x0000014a   Code   RO          152    .text.SystemInit    system_gd32a50x.o
    0x08000e2e   0x08000e2e   0x00000002   PAD
    0x08000e30   0x08000e30   0x000000a2   Code   RO           44    .text.TIMER1_IRQHandler  gd32a50x_it.o
    0x08000ed2   0x08000ed2   0x00000002   PAD
    0x08000ed4   0x08000ed4   0x0000005e   Code   RO            2    .text.Timer1_Generate_1ms_Interrupt  main.o
    0x08000f32   0x08000f32   0x00000002   PAD
    0x08000f34   0x08000f34   0x000009fa   Code   RO           74    .text.Update_Process  update.o
    0x0800192e   0x0800192e   0x00000002   PAD
    0x08001930   0x08001930   0x000000b0   Code   RO           84    .text.Updating      update.o
    0x080019e0   0x080019e0   0x00000042   Code   RO           20    .text.__NVIC_SetPriority  systick.o
    0x08001a22   0x08001a22   0x00000002   PAD
    0x08001a24   0x08001a24   0x0000004e   Code   RO           76    .text.compareArrays  update.o
    0x08001a72   0x08001a72   0x00000002   PAD
    0x08001a74   0x08001a74   0x0000028a   Code   RO           86    .text.cx            update.o
    0x08001cfe   0x08001cfe   0x00000002   PAD
    0x08001d00   0x08001d00   0x00000020   Code   RO           24    .text.delay_decrement  systick.o
    0x08001d20   0x08001d20   0x0000005c   Code   RO          751    .text.fmc_bank0_ready_wait  gd32a50x_fmc.o
    0x08001d7c   0x08001d7c   0x000000d2   Code   RO          829    .text.fmc_bank0_state_get  gd32a50x_fmc.o
    0x08001e4e   0x08001e4e   0x00000002   PAD
    0x08001e50   0x08001e50   0x0000005c   Code   RO          753    .text.fmc_bank1_ready_wait  gd32a50x_fmc.o
    0x08001eac   0x08001eac   0x000000d2   Code   RO          831    .text.fmc_bank1_state_get  gd32a50x_fmc.o
    0x08001f7e   0x08001f7e   0x00000002   PAD
    0x08001f80   0x08001f80   0x000000d4   Code   RO          765    .text.fmc_doubleword_program  gd32a50x_fmc.o
    0x08002054   0x08002054   0x0000004c   Code   RO           57    .text.fmc_erase_pages  fmc_app.o
    0x080020a0   0x080020a0   0x0000006e   Code   RO          819    .text.fmc_flag_clear  gd32a50x_fmc.o
    0x0800210e   0x0800210e   0x00000002   PAD
    0x08002110   0x08002110   0x0000003c   Code   RO           55    .text.fmc_flags_clear  fmc_app.o
    0x0800214c   0x0800214c   0x00000022   Code   RO          719    .text.fmc_lock      gd32a50x_fmc.o
    0x0800216e   0x0800216e   0x00000002   PAD
    0x08002170   0x08002170   0x000000d6   Code   RO          755    .text.fmc_page_erase  gd32a50x_fmc.o
    0x08002246   0x08002246   0x00000002   PAD
    0x08002248   0x08002248   0x00000054   Code   RO           61    .text.fmc_program   fmc_app.o
    0x0800229c   0x0800229c   0x0000006a   Code   RO           63    .text.fmc_program_check  fmc_app.o
    0x08002306   0x08002306   0x00000002   PAD
    0x08002308   0x08002308   0x0000002c   Code   RO           59    .text.fmc_uint64_program  fmc_app.o
    0x08002334   0x08002334   0x00000062   Code   RO          713    .text.fmc_unlock    gd32a50x_fmc.o
    0x08002396   0x08002396   0x00000002   PAD
    0x08002398   0x08002398   0x000000a8   Code   RO           53    .text.get_Bin64_Data_Array  fmc_app.o
    0x08002440   0x08002440   0x000000aa   Code   RO           90    .text.get_Bin_Data_Array  update.o
    0x080024ea   0x080024ea   0x00000002   PAD
    0x080024ec   0x080024ec   0x000000d4   Code   RO          887    .text.gpio_af_set   gd32a50x_gpio.o
    0x080025c0   0x080025c0   0x00000010   Code   RO          873    .text.gpio_bit_reset  gd32a50x_gpio.o
    0x080025d0   0x080025d0   0x00000010   Code   RO          871    .text.gpio_bit_set  gd32a50x_gpio.o
    0x080025e0   0x080025e0   0x000000d4   Code   RO          865    .text.gpio_deinit   gd32a50x_gpio.o
    0x080026b4   0x080026b4   0x0000009c   Code   RO          867    .text.gpio_mode_set  gd32a50x_gpio.o
    0x08002750   0x08002750   0x00000092   Code   RO          869    .text.gpio_output_options_set  gd32a50x_gpio.o
    0x080027e2   0x080027e2   0x00000002   PAD
    0x080027e4   0x080027e4   0x00000028   Code   RO          936    .text.i2c_address_config  gd32a50x_i2c.o
    0x0800280c   0x0800280c   0x0000000e   Code   RO          966    .text.i2c_data_receive  gd32a50x_i2c.o
    0x0800281a   0x0800281a   0x00000002   PAD
    0x0800281c   0x0800281c   0x00000012   Code   RO          964    .text.i2c_data_transmit  gd32a50x_i2c.o
    0x0800282e   0x0800282e   0x00000002   PAD
    0x08002830   0x08002830   0x00000052   Code   RO          902    .text.i2c_deinit    gd32a50x_i2c.o
    0x08002882   0x08002882   0x00000002   PAD
    0x08002884   0x08002884   0x00000012   Code   RO          956    .text.i2c_enable    gd32a50x_i2c.o
    0x08002896   0x08002896   0x00000002   PAD
    0x08002898   0x08002898   0x0000002a   Code   RO         1012    .text.i2c_flag_get  gd32a50x_i2c.o
    0x080028c2   0x080028c2   0x00000002   PAD
    0x080028c4   0x080028c4   0x00000014   Code   RO         1016    .text.i2c_interrupt_enable  gd32a50x_i2c.o
    0x080028d8   0x080028d8   0x0000001e   Code   RO         1022    .text.i2c_interrupt_flag_clear  gd32a50x_i2c.o
    0x080028f6   0x080028f6   0x00000002   PAD
    0x080028f8   0x080028f8   0x0000005e   Code   RO         1020    .text.i2c_interrupt_flag_get  gd32a50x_i2c.o
    0x08002956   0x08002956   0x00000002   PAD
    0x08002958   0x08002958   0x0000003e   Code   RO          912    .text.i2c_master_clock_config  gd32a50x_i2c.o
    0x08002996   0x08002996   0x00000002   PAD
    0x08002998   0x08002998   0x0000005c   Code   RO          904    .text.i2c_timing_config  gd32a50x_i2c.o
    0x080029f4   0x080029f4   0x0000017c   Code   RO            4    .text.main          main.o
    0x08002b70   0x08002b70   0x0000012a   Code   RO         1114    .text.nvic_irq_enable  gd32a50x_misc.o
    0x08002c9a   0x08002c9a   0x00000002   PAD
    0x08002c9c   0x08002c9c   0x0000001c   Code   RO         1112    .text.nvic_priority_group_set  gd32a50x_misc.o
    0x08002cb8   0x08002cb8   0x00000028   Code   RO         1124    .text.nvic_vector_table_set  gd32a50x_misc.o
    0x08002ce0   0x08002ce0   0x00000098   Code   RO         1186    .text.rcu_deinit    gd32a50x_rcu.o
    0x08002d78   0x08002d78   0x0000003e   Code   RO         1238    .text.rcu_flag_get  gd32a50x_rcu.o
    0x08002db6   0x08002db6   0x00000002   PAD
    0x08002db8   0x08002db8   0x000001dc   Code   RO         1188    .text.rcu_osci_stab_wait  gd32a50x_rcu.o
    0x08002f94   0x08002f94   0x00000028   Code   RO         1192    .text.rcu_periph_clock_disable  gd32a50x_rcu.o
    0x08002fbc   0x08002fbc   0x00000028   Code   RO         1190    .text.rcu_periph_clock_enable  gd32a50x_rcu.o
    0x08002fe4   0x08002fe4   0x00000028   Code   RO         1196    .text.rcu_periph_reset_disable  gd32a50x_rcu.o
    0x0800300c   0x0800300c   0x00000028   Code   RO         1194    .text.rcu_periph_reset_enable  gd32a50x_rcu.o
    0x08003034   0x08003034   0x00000116   Code   RO          158    .text.system_clock_100m_pll_irc8m  system_gd32a50x.o
    0x0800314a   0x0800314a   0x00000002   PAD
    0x0800314c   0x0800314c   0x00000008   Code   RO          154    .text.system_clock_config  system_gd32a50x.o
    0x08003154   0x08003154   0x00000032   Code   RO           16    .text.systick_config  systick.o
    0x08003186   0x08003186   0x00000002   PAD
    0x08003188   0x08003188   0x000000f6   Code   RO         1460    .text.timer_deinit  gd32a50x_timer.o
    0x0800327e   0x0800327e   0x00000002   PAD
    0x08003280   0x08003280   0x00000012   Code   RO         1466    .text.timer_enable  gd32a50x_timer.o
    0x08003292   0x08003292   0x00000002   PAD
    0x08003294   0x08003294   0x00000120   Code   RO         1464    .text.timer_init    gd32a50x_timer.o
    0x080033b4   0x080033b4   0x00000014   Code   RO         1628    .text.timer_interrupt_enable  gd32a50x_timer.o
    0x080033c8   0x080033c8   0x00000014   Code   RO         1634    .text.timer_interrupt_flag_clear  gd32a50x_timer.o
    0x080033dc   0x080033dc   0x0000003a   Code   RO         1632    .text.timer_interrupt_flag_get  gd32a50x_timer.o
    0x08003416   0x08003416   0x00000002   PAD
    0x08003418   0x08003418   0x00000026   Code   RO         1462    .text.timer_struct_para_init  gd32a50x_timer.o
    0x0800343e   0x0800343e   0x0000000e   Code   RO         1930    i.__scatterload_copy  mc_w.l(handlers.o)
    0x0800344c   0x0800344c   0x00000002   Code   RO         1931    i.__scatterload_null  mc_w.l(handlers.o)
    0x0800344e   0x0800344e   0x0000000e   Code   RO         1932    i.__scatterload_zeroinit  mc_w.l(handlers.o)
    0x0800345c   0x0800345c   0x00000045   Data   RO           92    .rodata.Std_Receive_Arr  update.o
    0x080034a1   0x080034a1   0x00000062   Data   RO           93    .rodata.Std_Replay_Arr  update.o
    0x08003503   0x08003503   0x00000001   PAD
    0x08003504   0x08003504   0x00000020   Data   RO         1929    Region$$Table       anon$$obj.o


    Execution Region RW_IRAM1 (Exec base: 0x20000000, Load base: 0x08003528, Size: 0x00000a00, Max: 0x00008000, ABSOLUTE, COMPRESSED[0x00000020])

    Exec Addr    Load Addr    Size         Type   Attr      Idx    E Section Name        Object

    0x20000000   COMPRESSED   0x00000004   Data   RW          101    .data.SaveProc.start_address  update.o
    0x20000004   COMPRESSED   0x00000004   Data   RW          160    .data.SystemCoreClock  system_gd32a50x.o
    0x20000008   COMPRESSED   0x0000013a   Data   RW           96    .data.Update_tI2cSlave  update.o
    0x20000142   COMPRESSED   0x00000002   PAD
    0x20000144   COMPRESSED   0x00000004   Data   RW            7    .data.pApp_Once     main.o
    0x20000148   COMPRESSED   0x00000004   Data   RW            6    .data.pBL_State     main.o
    0x2000014c   COMPRESSED   0x00000004   PAD
    0x20000150        -       0x00000008   Zero   RW           94    .bss.BootLoader_State  update.o
    0x20000158        -       0x00000001   Zero   RW           97    .bss.BootloaderStatus  update.o
    0x20000159   COMPRESSED   0x00000001   PAD
    0x2000015a        -       0x00000006   Zero   RW           98    .bss.Counter_1ms    update.o
    0x20000160        -       0x00000004   Zero   RW           95    .bss.JumpAddress    update.o
    0x20000164        -       0x00000004   Zero   RW          100    .bss.Jump_To_Application  update.o
    0x20000168        -       0x00000090   Zero   RW           99    .bss.S19_Fire       update.o
    0x200001f8        -       0x00000004   Zero   RW           26    .bss.delay          systick.o
    0x200001fc   COMPRESSED   0x00000004   PAD
    0x20000200        -       0x00000800   Zero   RW         1827    STACK               startup_gd32a50x.o


==============================================================================

Image component sizes


      Code (inc. data)   RO Data    RW Data    ZI Data      Debug   Object Name

       538          0          0          0          0       2980   fmc_app.o
      1272          0          0          0          0      15385   gd32a50x_fmc.o
       758          0          0          0          0       4387   gd32a50x_gpio.o
       512          0          0          0          0      10100   gd32a50x_i2c.o
       180          0          0          0          0       1123   gd32a50x_it.o
       366          0          0          0          0       5716   gd32a50x_misc.o
       850          0          0          0          0      12197   gd32a50x_rcu.o
       688          0          0          0          0      22303   gd32a50x_timer.o
      2006          0          0          0          0       4975   i2c_app.o
       474          0          0          8          0       4554   main.o
        80         18        348          0       2048        948   startup_gd32a50x.o
       616          0          0          4          0       2970   system_gd32a50x.o
       230          0          0          0          4       4643   systick.o
      4182         42        167        318        167       7047   update.o

    ----------------------------------------------------------------------
     12838         60        548        332       2228      99328   Object Totals
         0          0         32          0          0          0   (incl. Generated)
        86          0          1          2          9          0   (incl. Padding)

    ----------------------------------------------------------------------

      Code (inc. data)   RO Data    RW Data    ZI Data      Debug   Library Member Name

        58          0          0          0          0          0   __dczerorl.o
         0          0          0          0          0          0   entry.o
         0          0          0          0          0          0   entry10a.o
         0          0          0          0          0          0   entry11a.o
         8          4          0          0          0          0   entry2.o
         4          0          0          0          0          0   entry5.o
         0          0          0          0          0          0   entry7b.o
         0          0          0          0          0          0   entry8b.o
         8          4          0          0          0          0   entry9a.o
        30          0          0          0          0          0   handlers.o
        36          8          0          0          0         68   init.o
        36          0          0          0          0         68   memcpya.o
        36          0          0          0          0        108   memseta.o

    ----------------------------------------------------------------------
       218         16          0          0          0        244   Library Totals
         2          0          0          0          0          0   (incl. Padding)

    ----------------------------------------------------------------------

      Code (inc. data)   RO Data    RW Data    ZI Data      Debug   Library Name

       216         16          0          0          0        244   mc_w.l

    ----------------------------------------------------------------------
       218         16          0          0          0        244   Library Totals

    ----------------------------------------------------------------------

==============================================================================


      Code (inc. data)   RO Data    RW Data    ZI Data      Debug   

     13056         76        548        332       2228      99564   Grand Totals
     13056         76        548         32       2228      99564   ELF Image Totals (compressed)
     13056         76        548         32          0          0   ROM Totals

==============================================================================

    Total RO  Size (Code + RO Data)                13604 (  13.29kB)
    Total RW  Size (RW Data + ZI Data)              2560 (   2.50kB)
    Total ROM Size (Code + RO Data + RW Data)      13636 (  13.32kB)

==============================================================================

