<html>
<body>
<pre>
<h1>µVision Build Log</h1>
<h2>Tool Versions:</h2>
IDE-Version: ¦ÌVision V5.36.0.0
Copyright (C) 2021 ARM Ltd and ARM Germany GmbH. All rights reserved.
License Information: lll sunlord lll Flex license: MDK Plus 5.36 (Flex): 3 user(s) (mdk_plus) Support: Dec 2022
 
Tool Versions:
Toolchain:       MDK Plus 5.36 (Flex): 3 user(s)  Version: 5.36.0.0
Toolchain Path:  C:\Keil_v5\ARM\ARMCLANG\Bin
C Compiler:      ArmClang.exe V6.16
Assembler:       Armasm.exe V6.16
Linker/Locator:  ArmLink.exe V6.16
Library Manager: ArmAr.exe V6.16
Hex Converter:   FromElf.exe V6.16
CPU DLL:         
Dialog DLL:      
Target DLL:      Segger\JL2CM3.dll V2.99.40.0
Dialog DLL:      TCM.DLL V1.53.0.0
 
<h2>Project:</h2>
E:\OneDrive\Going-On\20230925 - BOE_ChengDu\HSJM\with_i2c0\HSJM_APP\Template\Keil_project\Project.uvprojx
Project File Date:  01/29/2024

<h2>Output:</h2>
*** Using Compiler 'V6.16', folder: 'C:\Keil_v5\ARM\ARMCLANG\Bin'
Build target 'GD32A50x'
../../User/Src/MAX96752.c(36): warning: result of comparison of constant 200000 with expression of type 'uint16_t' (aka 'unsigned short') is always true [-Wtautological-constant-out-of-range-compare]
            while(i2c_flag_get(I2C1, I2C_FLAG_I2CBSY) && (timeout < I2C_TIME_OUT)) {
                                                          ~~~~~~~ ^ ~~~~~~~~~~~~
../../User/Src/MAX96752.c(39): warning: result of comparison of constant 200000 with expression of type 'uint16_t' (aka 'unsigned short') is always true [-Wtautological-constant-out-of-range-compare]
            if(timeout < I2C_TIME_OUT) {
               ~~~~~~~ ^ ~~~~~~~~~~~~
../../User/Src/MAX96752.c(53): warning: result of comparison of constant 200000 with expression of type 'uint16_t' (aka 'unsigned short') is always true [-Wtautological-constant-out-of-range-compare]
            while((!i2c_flag_get(I2C1, I2C_FLAG_TBE)) && (timeout < I2C_TIME_OUT)) {
                                                          ~~~~~~~ ^ ~~~~~~~~~~~~
../../User/Src/MAX96752.c(56): warning: result of comparison of constant 200000 with expression of type 'uint16_t' (aka 'unsigned short') is always true [-Wtautological-constant-out-of-range-compare]
            if(timeout < I2C_TIME_OUT) {
               ~~~~~~~ ^ ~~~~~~~~~~~~
../../User/Src/MAX96752.c(70): warning: result of comparison of constant 200000 with expression of type 'uint16_t' (aka 'unsigned short') is always true [-Wtautological-constant-out-of-range-compare]
            while((!i2c_flag_get(I2C1, I2C_FLAG_TBE)) && (timeout < I2C_TIME_OUT)) {
                                                          ~~~~~~~ ^ ~~~~~~~~~~~~
../../User/Src/MAX96752.c(73): warning: result of comparison of constant 200000 with expression of type 'uint16_t' (aka 'unsigned short') is always true [-Wtautological-constant-out-of-range-compare]
            if(timeout < I2C_TIME_OUT) {
               ~~~~~~~ ^ ~~~~~~~~~~~~
../../User/Src/MAX96752.c(87): warning: result of comparison of constant 200000 with expression of type 'uint16_t' (aka 'unsigned short') is always true [-Wtautological-constant-out-of-range-compare]
                while((!i2c_flag_get(I2C1, I2C_FLAG_TI)) && (timeout < I2C_TIME_OUT)) {
                                                             ~~~~~~~ ^ ~~~~~~~~~~~~
../../User/Src/MAX96752.c(90): warning: result of comparison of constant 200000 with expression of type 'uint16_t' (aka 'unsigned short') is always true [-Wtautological-constant-out-of-range-compare]
                if(timeout < I2C_TIME_OUT) {
                   ~~~~~~~ ^ ~~~~~~~~~~~~
../../User/Src/MAX96752.c(108): warning: result of comparison of constant 200000 with expression of type 'uint16_t' (aka 'unsigned short') is always true [-Wtautological-constant-out-of-range-compare]
            while((!i2c_flag_get(I2C1, I2C_FLAG_STPDET)) && (timeout < I2C_TIME_OUT)) {
                                                             ~~~~~~~ ^ ~~~~~~~~~~~~
../../User/Src/MAX96752.c(111): warning: result of comparison of constant 200000 with expression of type 'uint16_t' (aka 'unsigned short') is always true [-Wtautological-constant-out-of-range-compare]
            if(timeout < I2C_TIME_OUT) {
               ~~~~~~~ ^ ~~~~~~~~~~~~
10 warnings generated.
compiling MAX96752.c...
linking...
Program Size: Code=26662 RO-data=1162 RW-data=16 ZI-data=4032  
After Build - User command #1: fromelf.exe --bin --bincombined --bincombined_padding=1,0xff --output ../../outfile.bin  .\Objects\Project.axf
".\Objects\Project.axf" - 0 Error(s), 10 Warning(s).

<h2>Software Packages used:</h2>

Package Vendor: ARM
                http://www.keil.com/pack/ARM.CMSIS.5.8.0.pack
                ARM.CMSIS.5.8.0
                CMSIS (Common Microcontroller Software Interface Standard)
   * Component: CORE Version: 5.5.0

Package Vendor: GigaDevice
                http://gd32mcu.21ic.com/data/documents/yingyongruanjian/GigaDevice.GD32A50x_DFP.1.1.0.pack
                GigaDevice.GD32A50x_DFP.1.1.0
                GigaDevice GD32A50x Series Device Support and Examples

<h2>Collection of Component include folders:</h2>
  .\RTE\_GD32A50x
  C:\Users\sunlord\AppData\Local\Arm\Packs\ARM\CMSIS\5.8.0\CMSIS\Core\Include

<h2>Collection of Component Files used:</h2>

   * Component: ARM::CMSIS:CORE:5.5.0
Build Time Elapsed:  00:00:02
</pre>
</body>
</html>
