Component: ARM Compiler 6.16 Tool: armlink [5dfeaa00]

==============================================================================

Section Cross References

    main.o(.text.main) refers to gd32a50x_misc.o(.text.nvic_vector_table_set) for nvic_vector_table_set
    main.o(.text.main) refers to gd32a50x_gpio.o(.text.gpio_mode_set) for gpio_mode_set
    main.o(.ARM.exidx.text.main) refers to main.o(.text.main) for [Anonymous Symbol]
    systick.o(.text.systick_config) refers to system_gd32a50x.o(.data.SystemCoreClock) for SystemCoreClock
    systick.o(.text.systick_config) refers to systick.o(.text.SysTick_Config) for SysTick_Config
    systick.o(.text.systick_config) refers to systick.o(.text.__NVIC_SetPriority) for __NVIC_SetPriority
    systick.o(.ARM.exidx.text.systick_config) refers to systick.o(.text.systick_config) for [Anonymous Symbol]
    systick.o(.text.SysTick_Config) refers to systick.o(.text.__NVIC_SetPriority) for __NVIC_SetPriority
    systick.o(.ARM.exidx.text.SysTick_Config) refers to systick.o(.text.SysTick_Config) for [Anonymous Symbol]
    systick.o(.ARM.exidx.text.__NVIC_SetPriority) refers to systick.o(.text.__NVIC_SetPriority) for [Anonymous Symbol]
    systick.o(.text.delay_1ms) refers to systick.o(.bss.delay) for delay
    systick.o(.ARM.exidx.text.delay_1ms) refers to systick.o(.text.delay_1ms) for [Anonymous Symbol]
    systick.o(.text.delay_decrement) refers to systick.o(.bss.delay) for delay
    systick.o(.ARM.exidx.text.delay_decrement) refers to systick.o(.text.delay_decrement) for [Anonymous Symbol]
    gd32a50x_it.o(.ARM.exidx.text.NMI_Handler) refers to gd32a50x_it.o(.text.NMI_Handler) for [Anonymous Symbol]
    gd32a50x_it.o(.ARM.exidx.text.HardFault_Handler) refers to gd32a50x_it.o(.text.HardFault_Handler) for [Anonymous Symbol]
    gd32a50x_it.o(.ARM.exidx.text.SVC_Handler) refers to gd32a50x_it.o(.text.SVC_Handler) for [Anonymous Symbol]
    gd32a50x_it.o(.ARM.exidx.text.PendSV_Handler) refers to gd32a50x_it.o(.text.PendSV_Handler) for [Anonymous Symbol]
    gd32a50x_it.o(.text.SysTick_Handler) refers to systick.o(.text.delay_decrement) for delay_decrement
    gd32a50x_it.o(.ARM.exidx.text.SysTick_Handler) refers to gd32a50x_it.o(.text.SysTick_Handler) for [Anonymous Symbol]
    system_gd32a50x.o(.text.SystemInit) refers to system_gd32a50x.o(.text.system_clock_config) for system_clock_config
    system_gd32a50x.o(.text.SystemInit) refers to gd32a50x_misc.o(.text.nvic_vector_table_set) for nvic_vector_table_set
    system_gd32a50x.o(.ARM.exidx.text.SystemInit) refers to system_gd32a50x.o(.text.SystemInit) for [Anonymous Symbol]
    system_gd32a50x.o(.text.system_clock_config) refers to system_gd32a50x.o(.text.system_clock_100m_pll_irc8m) for system_clock_100m_pll_irc8m
    system_gd32a50x.o(.ARM.exidx.text.system_clock_config) refers to system_gd32a50x.o(.text.system_clock_config) for [Anonymous Symbol]
    system_gd32a50x.o(.text.SystemCoreClockUpdate) refers to system_gd32a50x.o(.data.SystemCoreClock) for SystemCoreClock
    system_gd32a50x.o(.ARM.exidx.text.SystemCoreClockUpdate) refers to system_gd32a50x.o(.text.SystemCoreClockUpdate) for [Anonymous Symbol]
    system_gd32a50x.o(.ARM.exidx.text.system_clock_100m_pll_irc8m) refers to system_gd32a50x.o(.text.system_clock_100m_pll_irc8m) for [Anonymous Symbol]
    gd32a50x_adc.o(.text.adc_deinit) refers to gd32a50x_rcu.o(.text.rcu_periph_reset_enable) for rcu_periph_reset_enable
    gd32a50x_adc.o(.text.adc_deinit) refers to gd32a50x_rcu.o(.text.rcu_periph_reset_disable) for rcu_periph_reset_disable
    gd32a50x_adc.o(.ARM.exidx.text.adc_deinit) refers to gd32a50x_adc.o(.text.adc_deinit) for [Anonymous Symbol]
    gd32a50x_adc.o(.ARM.exidx.text.adc_enable) refers to gd32a50x_adc.o(.text.adc_enable) for [Anonymous Symbol]
    gd32a50x_adc.o(.ARM.exidx.text.adc_disable) refers to gd32a50x_adc.o(.text.adc_disable) for [Anonymous Symbol]
    gd32a50x_adc.o(.ARM.exidx.text.adc_calibration_enable) refers to gd32a50x_adc.o(.text.adc_calibration_enable) for [Anonymous Symbol]
    gd32a50x_adc.o(.ARM.exidx.text.adc_dma_mode_enable) refers to gd32a50x_adc.o(.text.adc_dma_mode_enable) for [Anonymous Symbol]
    gd32a50x_adc.o(.ARM.exidx.text.adc_dma_mode_disable) refers to gd32a50x_adc.o(.text.adc_dma_mode_disable) for [Anonymous Symbol]
    gd32a50x_adc.o(.ARM.exidx.text.adc_tempsensor_enable) refers to gd32a50x_adc.o(.text.adc_tempsensor_enable) for [Anonymous Symbol]
    gd32a50x_adc.o(.ARM.exidx.text.adc_tempsensor_disable) refers to gd32a50x_adc.o(.text.adc_tempsensor_disable) for [Anonymous Symbol]
    gd32a50x_adc.o(.ARM.exidx.text.adc_vrefint_enable) refers to gd32a50x_adc.o(.text.adc_vrefint_enable) for [Anonymous Symbol]
    gd32a50x_adc.o(.ARM.exidx.text.adc_vrefint_disable) refers to gd32a50x_adc.o(.text.adc_vrefint_disable) for [Anonymous Symbol]
    gd32a50x_adc.o(.ARM.exidx.text.adc_discontinuous_mode_config) refers to gd32a50x_adc.o(.text.adc_discontinuous_mode_config) for [Anonymous Symbol]
[...]
    Removing gd32a50x_gpio.o(.ARM.exidx.text.gpio_deinit), (8 bytes).
    Removing gd32a50x_gpio.o(.ARM.exidx.text.gpio_mode_set), (8 bytes).
    Removing gd32a50x_gpio.o(.text.gpio_output_options_set), (146 bytes).
    Removing gd32a50x_gpio.o(.ARM.exidx.text.gpio_output_options_set), (8 bytes).
    Removing gd32a50x_gpio.o(.text.gpio_bit_set), (16 bytes).
    Removing gd32a50x_gpio.o(.ARM.exidx.text.gpio_bit_set), (8 bytes).
    Removing gd32a50x_gpio.o(.text.gpio_bit_reset), (16 bytes).
    Removing gd32a50x_gpio.o(.ARM.exidx.text.gpio_bit_reset), (8 bytes).
    Removing gd32a50x_gpio.o(.text.gpio_bit_write), (38 bytes).
    Removing gd32a50x_gpio.o(.ARM.exidx.text.gpio_bit_write), (8 bytes).
    Removing gd32a50x_gpio.o(.text.gpio_port_write), (20 bytes).
    Removing gd32a50x_gpio.o(.ARM.exidx.text.gpio_port_write), (8 bytes).
    Removing gd32a50x_gpio.o(.text.gpio_input_bit_get), (42 bytes).
    Removing gd32a50x_gpio.o(.ARM.exidx.text.gpio_input_bit_get), (8 bytes).
    Removing gd32a50x_gpio.o(.text.gpio_input_port_get), (14 bytes).
    Removing gd32a50x_gpio.o(.ARM.exidx.text.gpio_input_port_get), (8 bytes).
    Removing gd32a50x_gpio.o(.text.gpio_output_bit_get), (42 bytes).
    Removing gd32a50x_gpio.o(.ARM.exidx.text.gpio_output_bit_get), (8 bytes).
    Removing gd32a50x_gpio.o(.text.gpio_output_port_get), (14 bytes).
    Removing gd32a50x_gpio.o(.ARM.exidx.text.gpio_output_port_get), (8 bytes).
    Removing gd32a50x_gpio.o(.text.gpio_af_set), (212 bytes).
    Removing gd32a50x_gpio.o(.ARM.exidx.text.gpio_af_set), (8 bytes).
    Removing gd32a50x_gpio.o(.text.gpio_pin_lock), (54 bytes).
    Removing gd32a50x_gpio.o(.ARM.exidx.text.gpio_pin_lock), (8 bytes).
    Removing gd32a50x_gpio.o(.text.gpio_bit_toggle), (16 bytes).
    Removing gd32a50x_gpio.o(.ARM.exidx.text.gpio_bit_toggle), (8 bytes).
    Removing gd32a50x_gpio.o(.text.gpio_port_toggle), (16 bytes).
    Removing gd32a50x_gpio.o(.ARM.exidx.text.gpio_port_toggle), (8 bytes).
    Removing gd32a50x_i2c.o(.text), (0 bytes).
    Removing gd32a50x_i2c.o(.text.i2c_deinit), (82 bytes).
    Removing gd32a50x_i2c.o(.ARM.exidx.text.i2c_deinit), (8 bytes).
    Removing gd32a50x_i2c.o(.text.i2c_timing_config), (92 bytes).
    Removing gd32a50x_i2c.o(.ARM.exidx.text.i2c_timing_config), (8 bytes).
    Removing gd32a50x_i2c.o(.text.i2c_digital_noise_filter_config), (32 bytes).
    Removing gd32a50x_i2c.o(.ARM.exidx.text.i2c_digital_noise_filter_config), (8 bytes).
    Removing gd32a50x_i2c.o(.text.i2c_analog_noise_filter_enable), (18 bytes).
    Removing gd32a50x_i2c.o(.ARM.exidx.text.i2c_analog_noise_filter_enable), (8 bytes).
    Removing gd32a50x_i2c.o(.text.i2c_analog_noise_filter_disable), (18 bytes).
    Removing gd32a50x_i2c.o(.ARM.exidx.text.i2c_analog_noise_filter_disable), (8 bytes).
    Removing gd32a50x_i2c.o(.text.i2c_master_clock_config), (62 bytes).
    Removing gd32a50x_i2c.o(.ARM.exidx.text.i2c_master_clock_config), (8 bytes).
    Removing gd32a50x_i2c.o(.text.i2c_master_addressing), (54 bytes).
    Removing gd32a50x_i2c.o(.ARM.exidx.text.i2c_master_addressing), (8 bytes).
    Removing gd32a50x_i2c.o(.text.i2c_address10_header_enable), (18 bytes).
    Removing gd32a50x_i2c.o(.ARM.exidx.text.i2c_address10_header_enable), (8 bytes).
    Removing gd32a50x_i2c.o(.text.i2c_address10_header_disable), (18 bytes).
    Removing gd32a50x_i2c.o(.ARM.exidx.text.i2c_address10_header_disable), (8 bytes).
    Removing gd32a50x_i2c.o(.text.i2c_address10_enable), (18 bytes).
    Removing gd32a50x_i2c.o(.ARM.exidx.text.i2c_address10_enable), (8 bytes).
    Removing gd32a50x_i2c.o(.text.i2c_address10_disable), (18 bytes).
    Removing gd32a50x_i2c.o(.ARM.exidx.text.i2c_address10_disable), (8 bytes).
    Removing gd32a50x_i2c.o(.text.i2c_automatic_end_enable), (18 bytes).
    Removing gd32a50x_i2c.o(.ARM.exidx.text.i2c_automatic_end_enable), (8 bytes).
    Removing gd32a50x_i2c.o(.text.i2c_automatic_end_disable), (18 bytes).
    Removing gd32a50x_i2c.o(.ARM.exidx.text.i2c_automatic_end_disable), (8 bytes).
    Removing gd32a50x_i2c.o(.text.i2c_slave_response_to_gcall_enable), (18 bytes).
    Removing gd32a50x_i2c.o(.ARM.exidx.text.i2c_slave_response_to_gcall_enable), (8 bytes).
    Removing gd32a50x_i2c.o(.text.i2c_slave_response_to_gcall_disable), (18 bytes).
    Removing gd32a50x_i2c.o(.ARM.exidx.text.i2c_slave_response_to_gcall_disable), (8 bytes).
    Removing gd32a50x_i2c.o(.text.i2c_stretch_scl_low_enable), (18 bytes).
    Removing gd32a50x_i2c.o(.ARM.exidx.text.i2c_stretch_scl_low_enable), (8 bytes).
    Removing gd32a50x_i2c.o(.text.i2c_stretch_scl_low_disable), (18 bytes).
    Removing gd32a50x_i2c.o(.ARM.exidx.text.i2c_stretch_scl_low_disable), (8 bytes).
    Removing gd32a50x_i2c.o(.text.i2c_address_config), (40 bytes).
    Removing gd32a50x_i2c.o(.ARM.exidx.text.i2c_address_config), (8 bytes).
    Removing gd32a50x_i2c.o(.text.i2c_address_bit_compare_config), (38 bytes).
    Removing gd32a50x_i2c.o(.ARM.exidx.text.i2c_address_bit_compare_config), (8 bytes).
    Removing gd32a50x_i2c.o(.text.i2c_address_disable), (18 bytes).
    Removing gd32a50x_i2c.o(.ARM.exidx.text.i2c_address_disable), (8 bytes).
    Removing gd32a50x_i2c.o(.text.i2c_second_address_config), (62 bytes).
    Removing gd32a50x_i2c.o(.ARM.exidx.text.i2c_second_address_config), (8 bytes).
    Removing gd32a50x_i2c.o(.text.i2c_second_address_disable), (18 bytes).
    Removing gd32a50x_i2c.o(.ARM.exidx.text.i2c_second_address_disable), (8 bytes).
    Removing gd32a50x_i2c.o(.text.i2c_recevied_address_get), (16 bytes).
    Removing gd32a50x_i2c.o(.ARM.exidx.text.i2c_recevied_address_get), (8 bytes).
    Removing gd32a50x_i2c.o(.text.i2c_slave_byte_control_enable), (18 bytes).
    Removing gd32a50x_i2c.o(.ARM.exidx.text.i2c_slave_byte_control_enable), (8 bytes).
    Removing gd32a50x_i2c.o(.text.i2c_slave_byte_control_disable), (18 bytes).
    Removing gd32a50x_i2c.o(.ARM.exidx.text.i2c_slave_byte_control_disable), (8 bytes).
    Removing gd32a50x_i2c.o(.text.i2c_nack_enable), (18 bytes).
    Removing gd32a50x_i2c.o(.ARM.exidx.text.i2c_nack_enable), (8 bytes).
    Removing gd32a50x_i2c.o(.text.i2c_nack_disable), (18 bytes).
    Removing gd32a50x_i2c.o(.ARM.exidx.text.i2c_nack_disable), (8 bytes).
    Removing gd32a50x_i2c.o(.text.i2c_enable), (18 bytes).
    Removing gd32a50x_i2c.o(.ARM.exidx.text.i2c_enable), (8 bytes).
    Removing gd32a50x_i2c.o(.text.i2c_disable), (18 bytes).
    Removing gd32a50x_i2c.o(.ARM.exidx.text.i2c_disable), (8 bytes).
    Removing gd32a50x_i2c.o(.text.i2c_start_on_bus), (18 bytes).
    Removing gd32a50x_i2c.o(.ARM.exidx.text.i2c_start_on_bus), (8 bytes).
    Removing gd32a50x_i2c.o(.text.i2c_stop_on_bus), (18 bytes).
    Removing gd32a50x_i2c.o(.ARM.exidx.text.i2c_stop_on_bus), (8 bytes).
    Removing gd32a50x_i2c.o(.text.i2c_data_transmit), (18 bytes).
    Removing gd32a50x_i2c.o(.ARM.exidx.text.i2c_data_transmit), (8 bytes).
    Removing gd32a50x_i2c.o(.text.i2c_data_receive), (14 bytes).
    Removing gd32a50x_i2c.o(.ARM.exidx.text.i2c_data_receive), (8 bytes).
    Removing gd32a50x_i2c.o(.text.i2c_reload_enable), (18 bytes).
    Removing gd32a50x_i2c.o(.ARM.exidx.text.i2c_reload_enable), (8 bytes).
    Removing gd32a50x_i2c.o(.text.i2c_reload_disable), (18 bytes).
    Removing gd32a50x_i2c.o(.ARM.exidx.text.i2c_reload_disable), (8 bytes).
    Removing gd32a50x_i2c.o(.text.i2c_transfer_byte_number_config), (32 bytes).
    Removing gd32a50x_i2c.o(.ARM.exidx.text.i2c_transfer_byte_number_config), (8 bytes).
    Removing gd32a50x_i2c.o(.text.i2c_dma_enable), (44 bytes).
    Removing gd32a50x_i2c.o(.ARM.exidx.text.i2c_dma_enable), (8 bytes).
    Removing gd32a50x_i2c.o(.text.i2c_dma_disable), (44 bytes).
    Removing gd32a50x_i2c.o(.ARM.exidx.text.i2c_dma_disable), (8 bytes).
    Removing gd32a50x_i2c.o(.text.i2c_pec_transfer), (18 bytes).
    Removing gd32a50x_i2c.o(.ARM.exidx.text.i2c_pec_transfer), (8 bytes).
    Removing gd32a50x_i2c.o(.text.i2c_pec_enable), (18 bytes).
    Removing gd32a50x_i2c.o(.ARM.exidx.text.i2c_pec_enable), (8 bytes).
    Removing gd32a50x_i2c.o(.text.i2c_pec_disable), (18 bytes).
    Removing gd32a50x_i2c.o(.ARM.exidx.text.i2c_pec_disable), (8 bytes).
    Removing gd32a50x_i2c.o(.text.i2c_pec_value_get), (14 bytes).
    Removing gd32a50x_i2c.o(.ARM.exidx.text.i2c_pec_value_get), (8 bytes).
    Removing gd32a50x_i2c.o(.text.i2c_smbus_alert_enable), (18 bytes).
    Removing gd32a50x_i2c.o(.ARM.exidx.text.i2c_smbus_alert_enable), (8 bytes).
    Removing gd32a50x_i2c.o(.text.i2c_smbus_alert_disable), (18 bytes).
    Removing gd32a50x_i2c.o(.ARM.exidx.text.i2c_smbus_alert_disable), (8 bytes).
    Removing gd32a50x_i2c.o(.text.i2c_smbus_default_addr_enable), (18 bytes).
    Removing gd32a50x_i2c.o(.ARM.exidx.text.i2c_smbus_default_addr_enable), (8 bytes).
    Removing gd32a50x_i2c.o(.text.i2c_smbus_default_addr_disable), (18 bytes).
    Removing gd32a50x_i2c.o(.ARM.exidx.text.i2c_smbus_default_addr_disable), (8 bytes).
    Removing gd32a50x_i2c.o(.text.i2c_smbus_host_addr_enable), (18 bytes).
    Removing gd32a50x_i2c.o(.ARM.exidx.text.i2c_smbus_host_addr_enable), (8 bytes).
    Removing gd32a50x_i2c.o(.text.i2c_smbus_host_addr_disable), (18 bytes).
    Removing gd32a50x_i2c.o(.ARM.exidx.text.i2c_smbus_host_addr_disable), (8 bytes).
    Removing gd32a50x_i2c.o(.text.i2c_extented_clock_timeout_enable), (18 bytes).
    Removing gd32a50x_i2c.o(.ARM.exidx.text.i2c_extented_clock_timeout_enable), (8 bytes).
    Removing gd32a50x_i2c.o(.text.i2c_extented_clock_timeout_disable), (18 bytes).
    Removing gd32a50x_i2c.o(.ARM.exidx.text.i2c_extented_clock_timeout_disable), (8 bytes).
    Removing gd32a50x_i2c.o(.text.i2c_clock_timeout_enable), (18 bytes).
    Removing gd32a50x_i2c.o(.ARM.exidx.text.i2c_clock_timeout_enable), (8 bytes).
    Removing gd32a50x_i2c.o(.text.i2c_clock_timeout_disable), (18 bytes).
    Removing gd32a50x_i2c.o(.ARM.exidx.text.i2c_clock_timeout_disable), (8 bytes).
    Removing gd32a50x_i2c.o(.text.i2c_bus_timeout_b_config), (32 bytes).
    Removing gd32a50x_i2c.o(.ARM.exidx.text.i2c_bus_timeout_b_config), (8 bytes).
    Removing gd32a50x_i2c.o(.text.i2c_bus_timeout_a_config), (32 bytes).
    Removing gd32a50x_i2c.o(.ARM.exidx.text.i2c_bus_timeout_a_config), (8 bytes).
    Removing gd32a50x_i2c.o(.text.i2c_idle_clock_timeout_config), (30 bytes).
    Removing gd32a50x_i2c.o(.ARM.exidx.text.i2c_idle_clock_timeout_config), (8 bytes).
    Removing gd32a50x_i2c.o(.text.i2c_flag_get), (42 bytes).
    Removing gd32a50x_i2c.o(.ARM.exidx.text.i2c_flag_get), (8 bytes).
    Removing gd32a50x_i2c.o(.text.i2c_flag_clear), (20 bytes).
    Removing gd32a50x_i2c.o(.ARM.exidx.text.i2c_flag_clear), (8 bytes).
    Removing gd32a50x_i2c.o(.text.i2c_interrupt_enable), (20 bytes).
    Removing gd32a50x_i2c.o(.ARM.exidx.text.i2c_interrupt_enable), (8 bytes).
    Removing gd32a50x_i2c.o(.text.i2c_interrupt_disable), (20 bytes).
    Removing gd32a50x_i2c.o(.ARM.exidx.text.i2c_interrupt_disable), (8 bytes).
    Removing gd32a50x_i2c.o(.text.i2c_interrupt_flag_get), (94 bytes).
    Removing gd32a50x_i2c.o(.ARM.exidx.text.i2c_interrupt_flag_get), (8 bytes).
    Removing gd32a50x_i2c.o(.text.i2c_interrupt_flag_clear), (30 bytes).
    Removing gd32a50x_i2c.o(.ARM.exidx.text.i2c_interrupt_flag_clear), (8 bytes).
    Removing gd32a50x_mfcom.o(.text), (0 bytes).
    Removing gd32a50x_mfcom.o(.text.mfcom_deinit), (24 bytes).
    Removing gd32a50x_mfcom.o(.ARM.exidx.text.mfcom_deinit), (8 bytes).
    Removing gd32a50x_mfcom.o(.text.mfcom_software_reset), (26 bytes).
    Removing gd32a50x_mfcom.o(.ARM.exidx.text.mfcom_software_reset), (8 bytes).
    Removing gd32a50x_mfcom.o(.text.mfcom_enable), (18 bytes).
    Removing gd32a50x_mfcom.o(.ARM.exidx.text.mfcom_enable), (8 bytes).
    Removing gd32a50x_mfcom.o(.text.mfcom_disable), (18 bytes).
    Removing gd32a50x_mfcom.o(.ARM.exidx.text.mfcom_disable), (8 bytes).
    Removing gd32a50x_mfcom.o(.text.mfcom_timer_struct_para_init), (70 bytes).
    Removing gd32a50x_mfcom.o(.ARM.exidx.text.mfcom_timer_struct_para_init), (8 bytes).
    Removing gd32a50x_mfcom.o(.text.mfcom_shifter_struct_para_init), (46 bytes).
    Removing gd32a50x_mfcom.o(.ARM.exidx.text.mfcom_shifter_struct_para_init), (8 bytes).
    Removing gd32a50x_mfcom.o(.text.mfcom_timer_init), (116 bytes).
    Removing gd32a50x_mfcom.o(.ARM.exidx.text.mfcom_timer_init), (8 bytes).
    Removing gd32a50x_mfcom.o(.text.mfcom_shifter_init), (78 bytes).
    Removing gd32a50x_mfcom.o(.ARM.exidx.text.mfcom_shifter_init), (8 bytes).
    Removing gd32a50x_mfcom.o(.text.mfcom_timer_pin_config), (50 bytes).
    Removing gd32a50x_mfcom.o(.ARM.exidx.text.mfcom_timer_pin_config), (8 bytes).
    Removing gd32a50x_mfcom.o(.text.mfcom_shifter_pin_config), (50 bytes).
    Removing gd32a50x_mfcom.o(.ARM.exidx.text.mfcom_shifter_pin_config), (8 bytes).
    Removing gd32a50x_mfcom.o(.text.mfcom_timer_enable), (50 bytes).
    Removing gd32a50x_mfcom.o(.ARM.exidx.text.mfcom_timer_enable), (8 bytes).
    Removing gd32a50x_mfcom.o(.text.mfcom_shifter_enable), (50 bytes).
    Removing gd32a50x_mfcom.o(.ARM.exidx.text.mfcom_shifter_enable), (8 bytes).
    Removing gd32a50x_mfcom.o(.text.mfcom_timer_disable), (30 bytes).
    Removing gd32a50x_mfcom.o(.ARM.exidx.text.mfcom_timer_disable), (8 bytes).
    Removing gd32a50x_mfcom.o(.text.mfcom_shifter_disable), (30 bytes).
    Removing gd32a50x_mfcom.o(.ARM.exidx.text.mfcom_shifter_disable), (8 bytes).
    Removing gd32a50x_mfcom.o(.text.mfcom_timer_cmpvalue_set), (26 bytes).
    Removing gd32a50x_mfcom.o(.ARM.exidx.text.mfcom_timer_cmpvalue_set), (8 bytes).
    Removing gd32a50x_mfcom.o(.text.mfcom_timer_cmpvalue_get), (22 bytes).
    Removing gd32a50x_mfcom.o(.ARM.exidx.text.mfcom_timer_cmpvalue_get), (8 bytes).
    Removing gd32a50x_mfcom.o(.text.mfcom_timer_dismode_set), (50 bytes).
    Removing gd32a50x_mfcom.o(.ARM.exidx.text.mfcom_timer_dismode_set), (8 bytes).
    Removing gd32a50x_mfcom.o(.text.mfcom_shifter_stopbit_set), (50 bytes).
    Removing gd32a50x_mfcom.o(.ARM.exidx.text.mfcom_shifter_stopbit_set), (8 bytes).
    Removing gd32a50x_mfcom.o(.text.mfcom_buffer_write), (104 bytes).
    Removing gd32a50x_mfcom.o(.ARM.exidx.text.mfcom_buffer_write), (8 bytes).
    Removing gd32a50x_mfcom.o(.text.mfcom_buffer_read), (108 bytes).
    Removing gd32a50x_mfcom.o(.ARM.exidx.text.mfcom_buffer_read), (8 bytes).
    Removing gd32a50x_mfcom.o(.text.mfcom_shifter_flag_get), (48 bytes).
    Removing gd32a50x_mfcom.o(.ARM.exidx.text.mfcom_shifter_flag_get), (8 bytes).
    Removing gd32a50x_mfcom.o(.text.mfcom_shifter_error_flag_get), (48 bytes).
    Removing gd32a50x_mfcom.o(.ARM.exidx.text.mfcom_shifter_error_flag_get), (8 bytes).
    Removing gd32a50x_mfcom.o(.text.mfcom_timer_flag_get), (48 bytes).
    Removing gd32a50x_mfcom.o(.ARM.exidx.text.mfcom_timer_flag_get), (8 bytes).
    Removing gd32a50x_mfcom.o(.text.mfcom_shifter_interrupt_flag_get), (78 bytes).
    Removing gd32a50x_mfcom.o(.ARM.exidx.text.mfcom_shifter_interrupt_flag_get), (8 bytes).
    Removing gd32a50x_mfcom.o(.text.mfcom_shifter_error_interrupt_flag_get), (78 bytes).
    Removing gd32a50x_mfcom.o(.ARM.exidx.text.mfcom_shifter_error_interrupt_flag_get), (8 bytes).
    Removing gd32a50x_mfcom.o(.text.mfcom_timer_interrupt_flag_get), (78 bytes).
    Removing gd32a50x_mfcom.o(.ARM.exidx.text.mfcom_timer_interrupt_flag_get), (8 bytes).
    Removing gd32a50x_mfcom.o(.text.mfcom_shifter_flag_clear), (24 bytes).
    Removing gd32a50x_mfcom.o(.ARM.exidx.text.mfcom_shifter_flag_clear), (8 bytes).
    Removing gd32a50x_mfcom.o(.text.mfcom_shifter_error_flag_clear), (24 bytes).
    Removing gd32a50x_mfcom.o(.ARM.exidx.text.mfcom_shifter_error_flag_clear), (8 bytes).
    Removing gd32a50x_mfcom.o(.text.mfcom_timer_flag_clear), (24 bytes).
    Removing gd32a50x_mfcom.o(.ARM.exidx.text.mfcom_timer_flag_clear), (8 bytes).
    Removing gd32a50x_mfcom.o(.text.mfcom_shifter_interrupt_enable), (30 bytes).
    Removing gd32a50x_mfcom.o(.ARM.exidx.text.mfcom_shifter_interrupt_enable), (8 bytes).
    Removing gd32a50x_mfcom.o(.text.mfcom_shifter_error_interrupt_enable), (30 bytes).
    Removing gd32a50x_mfcom.o(.ARM.exidx.text.mfcom_shifter_error_interrupt_enable), (8 bytes).
    Removing gd32a50x_mfcom.o(.text.mfcom_timer_interrupt_enable), (30 bytes).
    Removing gd32a50x_mfcom.o(.ARM.exidx.text.mfcom_timer_interrupt_enable), (8 bytes).
    Removing gd32a50x_mfcom.o(.text.mfcom_shifter_dma_enable), (30 bytes).
    Removing gd32a50x_mfcom.o(.ARM.exidx.text.mfcom_shifter_dma_enable), (8 bytes).
    Removing gd32a50x_mfcom.o(.text.mfcom_shifter_interrupt_disable), (30 bytes).
    Removing gd32a50x_mfcom.o(.ARM.exidx.text.mfcom_shifter_interrupt_disable), (8 bytes).
    Removing gd32a50x_mfcom.o(.text.mfcom_shifter_error_interrupt_disable), (30 bytes).
    Removing gd32a50x_mfcom.o(.ARM.exidx.text.mfcom_shifter_error_interrupt_disable), (8 bytes).
    Removing gd32a50x_mfcom.o(.text.mfcom_timer_interrupt_disable), (30 bytes).
    Removing gd32a50x_mfcom.o(.ARM.exidx.text.mfcom_timer_interrupt_disable), (8 bytes).
    Removing gd32a50x_mfcom.o(.text.mfcom_shifter_dma_disable), (30 bytes).
    Removing gd32a50x_mfcom.o(.ARM.exidx.text.mfcom_shifter_dma_disable), (8 bytes).
    Removing gd32a50x_misc.o(.text), (0 bytes).
    Removing gd32a50x_misc.o(.text.nvic_priority_group_set), (28 bytes).
    Removing gd32a50x_misc.o(.ARM.exidx.text.nvic_priority_group_set), (8 bytes).
    Removing gd32a50x_misc.o(.text.nvic_irq_enable), (298 bytes).
    Removing gd32a50x_misc.o(.ARM.exidx.text.nvic_irq_enable), (8 bytes).
    Removing gd32a50x_misc.o(.text.nvic_irq_disable), (20 bytes).
    Removing gd32a50x_misc.o(.ARM.exidx.text.nvic_irq_disable), (8 bytes).
    Removing gd32a50x_misc.o(.text.__NVIC_DisableIRQ), (56 bytes).
    Removing gd32a50x_misc.o(.ARM.exidx.text.__NVIC_DisableIRQ), (8 bytes).
    Removing gd32a50x_misc.o(.text.nvic_system_reset), (4 bytes).
    Removing gd32a50x_misc.o(.ARM.exidx.text.nvic_system_reset), (8 bytes).
    Removing gd32a50x_misc.o(.text.__NVIC_SystemReset), (38 bytes).
    Removing gd32a50x_misc.o(.ARM.exidx.text.__NVIC_SystemReset), (8 bytes).
    Removing gd32a50x_misc.o(.ARM.exidx.text.nvic_vector_table_set), (8 bytes).
    Removing gd32a50x_misc.o(.text.system_lowpower_set), (28 bytes).
    Removing gd32a50x_misc.o(.ARM.exidx.text.system_lowpower_set), (8 bytes).
    Removing gd32a50x_misc.o(.text.system_lowpower_reset), (28 bytes).
    Removing gd32a50x_misc.o(.ARM.exidx.text.system_lowpower_reset), (8 bytes).
    Removing gd32a50x_misc.o(.text.systick_clksource_set), (52 bytes).
    Removing gd32a50x_misc.o(.ARM.exidx.text.systick_clksource_set), (8 bytes).
    Removing gd32a50x_pmu.o(.text), (0 bytes).
    Removing gd32a50x_pmu.o(.text.pmu_deinit), (24 bytes).
    Removing gd32a50x_pmu.o(.ARM.exidx.text.pmu_deinit), (8 bytes).
    Removing gd32a50x_pmu.o(.text.pmu_lvd_select), (48 bytes).
    Removing gd32a50x_pmu.o(.ARM.exidx.text.pmu_lvd_select), (8 bytes).
    Removing gd32a50x_pmu.o(.text.pmu_lvd_disable), (18 bytes).
    Removing gd32a50x_pmu.o(.ARM.exidx.text.pmu_lvd_disable), (8 bytes).
    Removing gd32a50x_pmu.o(.text.pmu_ovd_select), (48 bytes).
    Removing gd32a50x_pmu.o(.ARM.exidx.text.pmu_ovd_select), (8 bytes).
    Removing gd32a50x_pmu.o(.text.pmu_ovd_disable), (18 bytes).
    Removing gd32a50x_pmu.o(.ARM.exidx.text.pmu_ovd_disable), (8 bytes).
    Removing gd32a50x_pmu.o(.text.pmu_lowdriver_mode_enable), (18 bytes).
    Removing gd32a50x_pmu.o(.ARM.exidx.text.pmu_lowdriver_mode_enable), (8 bytes).
    Removing gd32a50x_pmu.o(.text.pmu_lowdriver_mode_disable), (18 bytes).
    Removing gd32a50x_pmu.o(.ARM.exidx.text.pmu_lowdriver_mode_disable), (8 bytes).
    Removing gd32a50x_pmu.o(.text.pmu_sram1_poweroff_mode_enable), (18 bytes).
    Removing gd32a50x_pmu.o(.ARM.exidx.text.pmu_sram1_poweroff_mode_enable), (8 bytes).
    Removing gd32a50x_pmu.o(.text.pmu_sram1_poweroff_mode_disable), (18 bytes).
    Removing gd32a50x_pmu.o(.ARM.exidx.text.pmu_sram1_poweroff_mode_disable), (8 bytes).
    Removing gd32a50x_pmu.o(.text.pmu_sram2_poweroff_mode_enable), (18 bytes).
    Removing gd32a50x_pmu.o(.ARM.exidx.text.pmu_sram2_poweroff_mode_enable), (8 bytes).
    Removing gd32a50x_pmu.o(.text.pmu_sram2_poweroff_mode_disable), (18 bytes).
    Removing gd32a50x_pmu.o(.ARM.exidx.text.pmu_sram2_poweroff_mode_disable), (8 bytes).
    Removing gd32a50x_pmu.o(.text.pmu_to_sleepmode), (46 bytes).
    Removing gd32a50x_pmu.o(.ARM.exidx.text.pmu_to_sleepmode), (8 bytes).
    Removing gd32a50x_pmu.o(.text.pmu_to_deepsleepmode), (116 bytes).
    Removing gd32a50x_pmu.o(.ARM.exidx.text.pmu_to_deepsleepmode), (8 bytes).
    Removing gd32a50x_pmu.o(.text.pmu_to_standbymode), (102 bytes).
    Removing gd32a50x_pmu.o(.ARM.exidx.text.pmu_to_standbymode), (8 bytes).
    Removing gd32a50x_pmu.o(.text.pmu_wakeup_pin_enable), (24 bytes).
    Removing gd32a50x_pmu.o(.ARM.exidx.text.pmu_wakeup_pin_enable), (8 bytes).
    Removing gd32a50x_pmu.o(.text.pmu_wakeup_pin_disable), (24 bytes).
    Removing gd32a50x_pmu.o(.ARM.exidx.text.pmu_wakeup_pin_disable), (8 bytes).
    Removing gd32a50x_pmu.o(.text.pmu_backup_write_enable), (18 bytes).
    Removing gd32a50x_pmu.o(.ARM.exidx.text.pmu_backup_write_enable), (8 bytes).
    Removing gd32a50x_pmu.o(.text.pmu_backup_write_disable), (18 bytes).
    Removing gd32a50x_pmu.o(.ARM.exidx.text.pmu_backup_write_disable), (8 bytes).
    Removing gd32a50x_pmu.o(.text.pmu_flag_get), (46 bytes).
    Removing gd32a50x_pmu.o(.ARM.exidx.text.pmu_flag_get), (8 bytes).
    Removing gd32a50x_pmu.o(.text.pmu_flag_clear), (62 bytes).
    Removing gd32a50x_pmu.o(.ARM.exidx.text.pmu_flag_clear), (8 bytes).
    Removing gd32a50x_rcu.o(.text), (0 bytes).
    Removing gd32a50x_rcu.o(.text.rcu_deinit), (152 bytes).
    Removing gd32a50x_rcu.o(.ARM.exidx.text.rcu_deinit), (8 bytes).
    Removing gd32a50x_rcu.o(.text.rcu_osci_stab_wait), (476 bytes).
    Removing gd32a50x_rcu.o(.ARM.exidx.text.rcu_osci_stab_wait), (8 bytes).
    Removing gd32a50x_rcu.o(.text.rcu_periph_clock_enable), (40 bytes).
    Removing gd32a50x_rcu.o(.ARM.exidx.text.rcu_periph_clock_enable), (8 bytes).
    Removing gd32a50x_rcu.o(.text.rcu_periph_clock_disable), (40 bytes).
    Removing gd32a50x_rcu.o(.ARM.exidx.text.rcu_periph_clock_disable), (8 bytes).
    Removing gd32a50x_rcu.o(.text.rcu_periph_reset_enable), (40 bytes).
    Removing gd32a50x_rcu.o(.ARM.exidx.text.rcu_periph_reset_enable), (8 bytes).
    Removing gd32a50x_rcu.o(.text.rcu_periph_reset_disable), (40 bytes).
    Removing gd32a50x_rcu.o(.ARM.exidx.text.rcu_periph_reset_disable), (8 bytes).
    Removing gd32a50x_rcu.o(.text.rcu_periph_clock_sleep_enable), (40 bytes).
    Removing gd32a50x_rcu.o(.ARM.exidx.text.rcu_periph_clock_sleep_enable), (8 bytes).
    Removing gd32a50x_rcu.o(.text.rcu_periph_clock_sleep_disable), (40 bytes).
    Removing gd32a50x_rcu.o(.ARM.exidx.text.rcu_periph_clock_sleep_disable), (8 bytes).
    Removing gd32a50x_rcu.o(.text.rcu_bkp_reset_enable), (18 bytes).
    Removing gd32a50x_rcu.o(.ARM.exidx.text.rcu_bkp_reset_enable), (8 bytes).
    Removing gd32a50x_rcu.o(.text.rcu_bkp_reset_disable), (18 bytes).
    Removing gd32a50x_rcu.o(.ARM.exidx.text.rcu_bkp_reset_disable), (8 bytes).
    Removing gd32a50x_rcu.o(.text.rcu_system_clock_source_config), (36 bytes).
    Removing gd32a50x_rcu.o(.ARM.exidx.text.rcu_system_clock_source_config), (8 bytes).
    Removing gd32a50x_rcu.o(.text.rcu_system_clock_source_get), (16 bytes).
    Removing gd32a50x_rcu.o(.ARM.exidx.text.rcu_system_clock_source_get), (8 bytes).
    Removing gd32a50x_rcu.o(.text.rcu_ahb_clock_config), (36 bytes).
    Removing gd32a50x_rcu.o(.ARM.exidx.text.rcu_ahb_clock_config), (8 bytes).
    Removing gd32a50x_rcu.o(.text.rcu_apb1_clock_config), (36 bytes).
    Removing gd32a50x_rcu.o(.ARM.exidx.text.rcu_apb1_clock_config), (8 bytes).
    Removing gd32a50x_rcu.o(.text.rcu_apb2_clock_config), (36 bytes).
    Removing gd32a50x_rcu.o(.ARM.exidx.text.rcu_apb2_clock_config), (8 bytes).
    Removing gd32a50x_rcu.o(.text.rcu_ckout_config), (46 bytes).
    Removing gd32a50x_rcu.o(.ARM.exidx.text.rcu_ckout_config), (8 bytes).
    Removing gd32a50x_rcu.o(.text.rcu_pll_config), (44 bytes).
    Removing gd32a50x_rcu.o(.ARM.exidx.text.rcu_pll_config), (8 bytes).
    Removing gd32a50x_rcu.o(.text.rcu_double_pll_enable), (18 bytes).
    Removing gd32a50x_rcu.o(.ARM.exidx.text.rcu_double_pll_enable), (8 bytes).
    Removing gd32a50x_rcu.o(.text.rcu_double_pll_disable), (18 bytes).
    Removing gd32a50x_rcu.o(.ARM.exidx.text.rcu_double_pll_disable), (8 bytes).
    Removing gd32a50x_rcu.o(.text.rcu_system_reset_enable), (24 bytes).
    Removing gd32a50x_rcu.o(.ARM.exidx.text.rcu_system_reset_enable), (8 bytes).
    Removing gd32a50x_rcu.o(.text.rcu_system_reset_disable), (24 bytes).
    Removing gd32a50x_rcu.o(.ARM.exidx.text.rcu_system_reset_disable), (8 bytes).
    Removing gd32a50x_rcu.o(.text.rcu_adc_clock_config), (44 bytes).
    Removing gd32a50x_rcu.o(.ARM.exidx.text.rcu_adc_clock_config), (8 bytes).
    Removing gd32a50x_rcu.o(.text.rcu_rtc_clock_config), (36 bytes).
    Removing gd32a50x_rcu.o(.ARM.exidx.text.rcu_rtc_clock_config), (8 bytes).
    Removing gd32a50x_rcu.o(.text.rcu_usart_clock_config), (156 bytes).
    Removing gd32a50x_rcu.o(.ARM.exidx.text.rcu_usart_clock_config), (8 bytes).
    Removing gd32a50x_rcu.o(.text.rcu_can_clock_config), (112 bytes).
    Removing gd32a50x_rcu.o(.ARM.exidx.text.rcu_can_clock_config), (8 bytes).
    Removing gd32a50x_rcu.o(.text.rcu_lxtal_drive_capability_config), (36 bytes).
    Removing gd32a50x_rcu.o(.ARM.exidx.text.rcu_lxtal_drive_capability_config), (8 bytes).
    Removing gd32a50x_rcu.o(.text.rcu_flag_get), (62 bytes).
    Removing gd32a50x_rcu.o(.ARM.exidx.text.rcu_flag_get), (8 bytes).
    Removing gd32a50x_rcu.o(.text.rcu_osci_on), (40 bytes).
    Removing gd32a50x_rcu.o(.ARM.exidx.text.rcu_osci_on), (8 bytes).
    Removing gd32a50x_rcu.o(.text.rcu_osci_off), (40 bytes).
    Removing gd32a50x_rcu.o(.ARM.exidx.text.rcu_osci_off), (8 bytes).
    Removing gd32a50x_rcu.o(.text.rcu_osci_bypass_mode_enable), (96 bytes).
    Removing gd32a50x_rcu.o(.ARM.exidx.text.rcu_osci_bypass_mode_enable), (8 bytes).
    Removing gd32a50x_rcu.o(.text.rcu_osci_bypass_mode_disable), (96 bytes).
    Removing gd32a50x_rcu.o(.ARM.exidx.text.rcu_osci_bypass_mode_disable), (8 bytes).
    Removing gd32a50x_rcu.o(.text.rcu_hxtal_frequency_scale_select), (50 bytes).
    Removing gd32a50x_rcu.o(.ARM.exidx.text.rcu_hxtal_frequency_scale_select), (8 bytes).
    Removing gd32a50x_rcu.o(.text.rcu_hxtal_prediv_config), (40 bytes).
    Removing gd32a50x_rcu.o(.ARM.exidx.text.rcu_hxtal_prediv_config), (8 bytes).
    Removing gd32a50x_rcu.o(.text.rcu_irc8m_adjust_value_set), (42 bytes).
    Removing gd32a50x_rcu.o(.ARM.exidx.text.rcu_irc8m_adjust_value_set), (8 bytes).
    Removing gd32a50x_rcu.o(.text.rcu_hxtal_clock_monitor_enable), (18 bytes).
    Removing gd32a50x_rcu.o(.ARM.exidx.text.rcu_hxtal_clock_monitor_enable), (8 bytes).
    Removing gd32a50x_rcu.o(.text.rcu_hxtal_clock_monitor_disable), (18 bytes).
    Removing gd32a50x_rcu.o(.ARM.exidx.text.rcu_hxtal_clock_monitor_disable), (8 bytes).
    Removing gd32a50x_rcu.o(.text.rcu_lxtal_clock_monitor_enable), (18 bytes).
    Removing gd32a50x_rcu.o(.ARM.exidx.text.rcu_lxtal_clock_monitor_enable), (8 bytes).
    Removing gd32a50x_rcu.o(.text.rcu_lxtal_clock_monitor_disable), (18 bytes).
    Removing gd32a50x_rcu.o(.ARM.exidx.text.rcu_lxtal_clock_monitor_disable), (8 bytes).
    Removing gd32a50x_rcu.o(.text.rcu_pll_clock_monitor_enable), (18 bytes).
    Removing gd32a50x_rcu.o(.ARM.exidx.text.rcu_pll_clock_monitor_enable), (8 bytes).
    Removing gd32a50x_rcu.o(.text.rcu_pll_clock_monitor_disable), (18 bytes).
    Removing gd32a50x_rcu.o(.ARM.exidx.text.rcu_pll_clock_monitor_disable), (8 bytes).
    Removing gd32a50x_rcu.o(.text.rcu_voltage_key_unlock), (24 bytes).
    Removing gd32a50x_rcu.o(.ARM.exidx.text.rcu_voltage_key_unlock), (8 bytes).
    Removing gd32a50x_rcu.o(.text.rcu_deepsleep_voltage_set), (32 bytes).
    Removing gd32a50x_rcu.o(.ARM.exidx.text.rcu_deepsleep_voltage_set), (8 bytes).
    Removing gd32a50x_rcu.o(.text.rcu_clock_freq_get), (820 bytes).
    Removing gd32a50x_rcu.o(.ARM.exidx.text.rcu_clock_freq_get), (8 bytes).
    Removing gd32a50x_rcu.o(.text.rcu_all_reset_flag_clear), (18 bytes).
    Removing gd32a50x_rcu.o(.ARM.exidx.text.rcu_all_reset_flag_clear), (8 bytes).
    Removing gd32a50x_rcu.o(.text.rcu_interrupt_flag_get), (62 bytes).
    Removing gd32a50x_rcu.o(.ARM.exidx.text.rcu_interrupt_flag_get), (8 bytes).
    Removing gd32a50x_rcu.o(.text.rcu_interrupt_flag_clear), (40 bytes).
    Removing gd32a50x_rcu.o(.ARM.exidx.text.rcu_interrupt_flag_clear), (8 bytes).
    Removing gd32a50x_rcu.o(.text.rcu_interrupt_enable), (40 bytes).
    Removing gd32a50x_rcu.o(.ARM.exidx.text.rcu_interrupt_enable), (8 bytes).
    Removing gd32a50x_rcu.o(.text.rcu_interrupt_disable), (40 bytes).
    Removing gd32a50x_rcu.o(.ARM.exidx.text.rcu_interrupt_disable), (8 bytes).
    Removing gd32a50x_rcu.o(.rodata.cst16), (16 bytes).
    Removing gd32a50x_rcu.o(.rodata.cst8), (16 bytes).
    Removing gd32a50x_rtc.o(.text), (0 bytes).
    Removing gd32a50x_rtc.o(.text.rtc_configuration_mode_enter), (18 bytes).
    Removing gd32a50x_rtc.o(.ARM.exidx.text.rtc_configuration_mode_enter), (8 bytes).
    Removing gd32a50x_rtc.o(.text.rtc_configuration_mode_exit), (18 bytes).
    Removing gd32a50x_rtc.o(.ARM.exidx.text.rtc_configuration_mode_exit), (8 bytes).
    Removing gd32a50x_rtc.o(.text.rtc_lwoff_wait), (24 bytes).
    Removing gd32a50x_rtc.o(.ARM.exidx.text.rtc_lwoff_wait), (8 bytes).
    Removing gd32a50x_rtc.o(.text.rtc_register_sync_wait), (40 bytes).
    Removing gd32a50x_rtc.o(.ARM.exidx.text.rtc_register_sync_wait), (8 bytes).
    Removing gd32a50x_rtc.o(.text.rtc_counter_get), (42 bytes).
    Removing gd32a50x_rtc.o(.ARM.exidx.text.rtc_counter_get), (8 bytes).
    Removing gd32a50x_rtc.o(.text.rtc_counter_set), (46 bytes).
    Removing gd32a50x_rtc.o(.ARM.exidx.text.rtc_counter_set), (8 bytes).
    Removing gd32a50x_rtc.o(.text.rtc_prescaler_set), (48 bytes).
    Removing gd32a50x_rtc.o(.ARM.exidx.text.rtc_prescaler_set), (8 bytes).
    Removing gd32a50x_rtc.o(.text.rtc_alarm_config), (46 bytes).
    Removing gd32a50x_rtc.o(.ARM.exidx.text.rtc_alarm_config), (8 bytes).
    Removing gd32a50x_rtc.o(.text.rtc_divider_get), (46 bytes).
    Removing gd32a50x_rtc.o(.ARM.exidx.text.rtc_divider_get), (8 bytes).
    Removing gd32a50x_rtc.o(.text.rtc_interrupt_enable), (24 bytes).
    Removing gd32a50x_rtc.o(.ARM.exidx.text.rtc_interrupt_enable), (8 bytes).
    Removing gd32a50x_rtc.o(.text.rtc_interrupt_disable), (24 bytes).
    Removing gd32a50x_rtc.o(.ARM.exidx.text.rtc_interrupt_disable), (8 bytes).
    Removing gd32a50x_rtc.o(.text.rtc_flag_get), (46 bytes).
    Removing gd32a50x_rtc.o(.ARM.exidx.text.rtc_flag_get), (8 bytes).
    Removing gd32a50x_rtc.o(.text.rtc_flag_clear), (24 bytes).
    Removing gd32a50x_rtc.o(.ARM.exidx.text.rtc_flag_clear), (8 bytes).
    Removing gd32a50x_rtc.o(.text.rtc_interrupt_flag_get), (46 bytes).
    Removing gd32a50x_rtc.o(.ARM.exidx.text.rtc_interrupt_flag_get), (8 bytes).
    Removing gd32a50x_rtc.o(.text.rtc_interrupt_flag_clear), (24 bytes).
    Removing gd32a50x_rtc.o(.ARM.exidx.text.rtc_interrupt_flag_clear), (8 bytes).
    Removing gd32a50x_spi.o(.text), (0 bytes).
    Removing gd32a50x_spi.o(.text.spi_i2s_deinit), (82 bytes).
    Removing gd32a50x_spi.o(.ARM.exidx.text.spi_i2s_deinit), (8 bytes).
    Removing gd32a50x_spi.o(.text.spi_struct_para_init), (38 bytes).
    Removing gd32a50x_spi.o(.ARM.exidx.text.spi_struct_para_init), (8 bytes).
    Removing gd32a50x_spi.o(.text.spi_init), (114 bytes).
    Removing gd32a50x_spi.o(.ARM.exidx.text.spi_init), (8 bytes).
    Removing gd32a50x_spi.o(.text.spi_enable), (18 bytes).
    Removing gd32a50x_spi.o(.ARM.exidx.text.spi_enable), (8 bytes).
    Removing gd32a50x_spi.o(.text.spi_disable), (18 bytes).
    Removing gd32a50x_spi.o(.ARM.exidx.text.spi_disable), (8 bytes).
    Removing gd32a50x_spi.o(.text.i2s_init), (72 bytes).
    Removing gd32a50x_spi.o(.ARM.exidx.text.i2s_init), (8 bytes).
    Removing gd32a50x_spi.o(.text.i2s_psc_config), (400 bytes).
    Removing gd32a50x_spi.o(.ARM.exidx.text.i2s_psc_config), (8 bytes).
    Removing gd32a50x_spi.o(.text.i2s_enable), (18 bytes).
    Removing gd32a50x_spi.o(.ARM.exidx.text.i2s_enable), (8 bytes).
    Removing gd32a50x_spi.o(.text.i2s_disable), (18 bytes).
    Removing gd32a50x_spi.o(.ARM.exidx.text.i2s_disable), (8 bytes).
    Removing gd32a50x_spi.o(.text.spi_nss_output_enable), (18 bytes).
    Removing gd32a50x_spi.o(.ARM.exidx.text.spi_nss_output_enable), (8 bytes).
    Removing gd32a50x_spi.o(.text.spi_nss_output_disable), (18 bytes).
    Removing gd32a50x_spi.o(.ARM.exidx.text.spi_nss_output_disable), (8 bytes).
    Removing gd32a50x_spi.o(.text.spi_nss_internal_high), (18 bytes).
    Removing gd32a50x_spi.o(.ARM.exidx.text.spi_nss_internal_high), (8 bytes).
    Removing gd32a50x_spi.o(.text.spi_nss_internal_low), (18 bytes).
    Removing gd32a50x_spi.o(.ARM.exidx.text.spi_nss_internal_low), (8 bytes).
    Removing gd32a50x_spi.o(.text.spi_dma_enable), (44 bytes).
    Removing gd32a50x_spi.o(.ARM.exidx.text.spi_dma_enable), (8 bytes).
    Removing gd32a50x_spi.o(.text.spi_dma_disable), (44 bytes).
    Removing gd32a50x_spi.o(.ARM.exidx.text.spi_dma_disable), (8 bytes).
    Removing gd32a50x_spi.o(.text.spi_i2s_data_frame_format_config), (34 bytes).
    Removing gd32a50x_spi.o(.ARM.exidx.text.spi_i2s_data_frame_format_config), (8 bytes).
    Removing gd32a50x_spi.o(.text.spi_bidirectional_transfer_config), (44 bytes).
    Removing gd32a50x_spi.o(.ARM.exidx.text.spi_bidirectional_transfer_config), (8 bytes).
    Removing gd32a50x_spi.o(.text.spi_i2s_data_transmit), (20 bytes).
    Removing gd32a50x_spi.o(.ARM.exidx.text.spi_i2s_data_transmit), (8 bytes).
    Removing gd32a50x_spi.o(.text.spi_i2s_data_receive), (14 bytes).
    Removing gd32a50x_spi.o(.ARM.exidx.text.spi_i2s_data_receive), (8 bytes).
    Removing gd32a50x_spi.o(.text.spi_i2s_format_error_clear), (18 bytes).
    Removing gd32a50x_spi.o(.ARM.exidx.text.spi_i2s_format_error_clear), (8 bytes).
    Removing gd32a50x_spi.o(.text.spi_crc_polynomial_set), (30 bytes).
    Removing gd32a50x_spi.o(.ARM.exidx.text.spi_crc_polynomial_set), (8 bytes).
    Removing gd32a50x_spi.o(.text.spi_crc_polynomial_get), (14 bytes).
    Removing gd32a50x_spi.o(.ARM.exidx.text.spi_crc_polynomial_get), (8 bytes).
    Removing gd32a50x_spi.o(.text.spi_crc_on), (18 bytes).
    Removing gd32a50x_spi.o(.ARM.exidx.text.spi_crc_on), (8 bytes).
    Removing gd32a50x_spi.o(.text.spi_crc_off), (18 bytes).
    Removing gd32a50x_spi.o(.ARM.exidx.text.spi_crc_off), (8 bytes).
    Removing gd32a50x_spi.o(.text.spi_crc_next), (18 bytes).
    Removing gd32a50x_spi.o(.ARM.exidx.text.spi_crc_next), (8 bytes).
    Removing gd32a50x_spi.o(.text.spi_crc_get), (44 bytes).
    Removing gd32a50x_spi.o(.ARM.exidx.text.spi_crc_get), (8 bytes).
    Removing gd32a50x_spi.o(.text.spi_crc_error_clear), (18 bytes).
    Removing gd32a50x_spi.o(.ARM.exidx.text.spi_crc_error_clear), (8 bytes).
    Removing gd32a50x_spi.o(.text.spi_ti_mode_enable), (18 bytes).
    Removing gd32a50x_spi.o(.ARM.exidx.text.spi_ti_mode_enable), (8 bytes).
    Removing gd32a50x_spi.o(.text.spi_ti_mode_disable), (18 bytes).
    Removing gd32a50x_spi.o(.ARM.exidx.text.spi_ti_mode_disable), (8 bytes).
    Removing gd32a50x_spi.o(.text.spi_nssp_mode_enable), (18 bytes).
    Removing gd32a50x_spi.o(.ARM.exidx.text.spi_nssp_mode_enable), (8 bytes).
    Removing gd32a50x_spi.o(.text.spi_nssp_mode_disable), (18 bytes).
    Removing gd32a50x_spi.o(.ARM.exidx.text.spi_nssp_mode_disable), (8 bytes).
    Removing gd32a50x_spi.o(.text.spi_quad_enable), (22 bytes).
    Removing gd32a50x_spi.o(.ARM.exidx.text.spi_quad_enable), (8 bytes).
    Removing gd32a50x_spi.o(.text.spi_quad_disable), (22 bytes).
    Removing gd32a50x_spi.o(.ARM.exidx.text.spi_quad_disable), (8 bytes).
    Removing gd32a50x_spi.o(.text.spi_quad_write_enable), (22 bytes).
    Removing gd32a50x_spi.o(.ARM.exidx.text.spi_quad_write_enable), (8 bytes).
    Removing gd32a50x_spi.o(.text.spi_quad_read_enable), (22 bytes).
    Removing gd32a50x_spi.o(.ARM.exidx.text.spi_quad_read_enable), (8 bytes).
    Removing gd32a50x_spi.o(.text.spi_quad_io23_output_enable), (22 bytes).
    Removing gd32a50x_spi.o(.ARM.exidx.text.spi_quad_io23_output_enable), (8 bytes).
    Removing gd32a50x_spi.o(.text.spi_quad_io23_output_disable), (22 bytes).
    Removing gd32a50x_spi.o(.ARM.exidx.text.spi_quad_io23_output_disable), (8 bytes).
    Removing gd32a50x_spi.o(.text.spi_i2s_flag_get), (42 bytes).
    Removing gd32a50x_spi.o(.ARM.exidx.text.spi_i2s_flag_get), (8 bytes).
    Removing gd32a50x_spi.o(.text.spi_i2s_interrupt_enable), (24 bytes).
    Removing gd32a50x_spi.o(.ARM.exidx.text.spi_i2s_interrupt_enable), (8 bytes).
    Removing gd32a50x_spi.o(.text.spi_i2s_interrupt_disable), (24 bytes).
    Removing gd32a50x_spi.o(.ARM.exidx.text.spi_i2s_interrupt_disable), (8 bytes).
    Removing gd32a50x_spi.o(.text.spi_i2s_interrupt_flag_get), (210 bytes).
    Removing gd32a50x_spi.o(.ARM.exidx.text.spi_i2s_interrupt_flag_get), (8 bytes).
    Removing gd32a50x_syscfg.o(.text), (0 bytes).
    Removing gd32a50x_syscfg.o(.text.syscfg_deinit), (24 bytes).
    Removing gd32a50x_syscfg.o(.ARM.exidx.text.syscfg_deinit), (8 bytes).
    Removing gd32a50x_syscfg.o(.text.syscfg_exti_line_config), (172 bytes).
    Removing gd32a50x_syscfg.o(.ARM.exidx.text.syscfg_exti_line_config), (8 bytes).
    Removing gd32a50x_syscfg.o(.text.syscfg_pin_remap_enable), (22 bytes).
    Removing gd32a50x_syscfg.o(.ARM.exidx.text.syscfg_pin_remap_enable), (8 bytes).
    Removing gd32a50x_syscfg.o(.text.syscfg_pin_remap_disable), (22 bytes).
    Removing gd32a50x_syscfg.o(.ARM.exidx.text.syscfg_pin_remap_disable), (8 bytes).
    Removing gd32a50x_syscfg.o(.text.syscfg_adc_ch_remap_config), (216 bytes).
    Removing gd32a50x_syscfg.o(.ARM.exidx.text.syscfg_adc_ch_remap_config), (8 bytes).
    Removing gd32a50x_syscfg.o(.text.syscfg_timer_eti_sel), (142 bytes).
    Removing gd32a50x_syscfg.o(.ARM.exidx.text.syscfg_timer_eti_sel), (8 bytes).
    Removing gd32a50x_syscfg.o(.text.syscfg_timer_bkin_select_trigsel), (22 bytes).
    Removing gd32a50x_syscfg.o(.ARM.exidx.text.syscfg_timer_bkin_select_trigsel), (8 bytes).
    Removing gd32a50x_syscfg.o(.text.syscfg_timer_bkin_select_gpio), (22 bytes).
    Removing gd32a50x_syscfg.o(.ARM.exidx.text.syscfg_timer_bkin_select_gpio), (8 bytes).
    Removing gd32a50x_syscfg.o(.text.syscfg_timer7_ch0n_select), (48 bytes).
    Removing gd32a50x_syscfg.o(.ARM.exidx.text.syscfg_timer7_ch0n_select), (8 bytes).
    Removing gd32a50x_syscfg.o(.text.syscfg_lock_config), (22 bytes).
    Removing gd32a50x_syscfg.o(.ARM.exidx.text.syscfg_lock_config), (8 bytes).
    Removing gd32a50x_syscfg.o(.text.syscfg_flag_get), (44 bytes).
    Removing gd32a50x_syscfg.o(.ARM.exidx.text.syscfg_flag_get), (8 bytes).
    Removing gd32a50x_syscfg.o(.text.syscfg_flag_clear), (22 bytes).
    Removing gd32a50x_syscfg.o(.ARM.exidx.text.syscfg_flag_clear), (8 bytes).
    Removing gd32a50x_syscfg.o(.text.syscfg_interrupt_enable), (22 bytes).
    Removing gd32a50x_syscfg.o(.ARM.exidx.text.syscfg_interrupt_enable), (8 bytes).
    Removing gd32a50x_syscfg.o(.text.syscfg_interrupt_disable), (22 bytes).
    Removing gd32a50x_syscfg.o(.ARM.exidx.text.syscfg_interrupt_disable), (8 bytes).
    Removing gd32a50x_syscfg.o(.text.syscfg_interrupt_flag_get), (186 bytes).
    Removing gd32a50x_syscfg.o(.ARM.exidx.text.syscfg_interrupt_flag_get), (8 bytes).
    Removing gd32a50x_syscfg.o(.text.syscfg_bootmode_get), (14 bytes).
    Removing gd32a50x_syscfg.o(.ARM.exidx.text.syscfg_bootmode_get), (8 bytes).
    Removing gd32a50x_syscfg.o(.text.syscfg_sram_ecc_address_get), (12 bytes).
    Removing gd32a50x_syscfg.o(.ARM.exidx.text.syscfg_sram_ecc_address_get), (8 bytes).
    Removing gd32a50x_syscfg.o(.text.syscfg_sram_ecc_bit_get), (14 bytes).
    Removing gd32a50x_syscfg.o(.ARM.exidx.text.syscfg_sram_ecc_bit_get), (8 bytes).
    Removing gd32a50x_timer.o(.text), (0 bytes).
    Removing gd32a50x_timer.o(.text.timer_deinit), (246 bytes).
    Removing gd32a50x_timer.o(.ARM.exidx.text.timer_deinit), (8 bytes).
    Removing gd32a50x_timer.o(.text.timer_struct_para_init), (38 bytes).
    Removing gd32a50x_timer.o(.ARM.exidx.text.timer_struct_para_init), (8 bytes).
    Removing gd32a50x_timer.o(.text.timer_init), (288 bytes).
    Removing gd32a50x_timer.o(.ARM.exidx.text.timer_init), (8 bytes).
    Removing gd32a50x_timer.o(.text.timer_enable), (18 bytes).
    Removing gd32a50x_timer.o(.ARM.exidx.text.timer_enable), (8 bytes).
    Removing gd32a50x_timer.o(.text.timer_disable), (18 bytes).
    Removing gd32a50x_timer.o(.ARM.exidx.text.timer_disable), (8 bytes).
    Removing gd32a50x_timer.o(.text.timer_auto_reload_shadow_enable), (18 bytes).
    Removing gd32a50x_timer.o(.ARM.exidx.text.timer_auto_reload_shadow_enable), (8 bytes).
    Removing gd32a50x_timer.o(.text.timer_auto_reload_shadow_disable), (18 bytes).
    Removing gd32a50x_timer.o(.ARM.exidx.text.timer_auto_reload_shadow_disable), (8 bytes).
    Removing gd32a50x_timer.o(.text.timer_update_event_enable), (18 bytes).
    Removing gd32a50x_timer.o(.ARM.exidx.text.timer_update_event_enable), (8 bytes).
    Removing gd32a50x_timer.o(.text.timer_update_event_disable), (18 bytes).
    Removing gd32a50x_timer.o(.ARM.exidx.text.timer_update_event_disable), (8 bytes).
    Removing gd32a50x_timer.o(.text.timer_counter_alignment), (34 bytes).
    Removing gd32a50x_timer.o(.ARM.exidx.text.timer_counter_alignment), (8 bytes).
    Removing gd32a50x_timer.o(.text.timer_counter_up_direction), (18 bytes).
    Removing gd32a50x_timer.o(.ARM.exidx.text.timer_counter_up_direction), (8 bytes).
    Removing gd32a50x_timer.o(.text.timer_counter_down_direction), (18 bytes).
    Removing gd32a50x_timer.o(.ARM.exidx.text.timer_counter_down_direction), (8 bytes).
    Removing gd32a50x_timer.o(.text.timer_prescaler_config), (42 bytes).
    Removing gd32a50x_timer.o(.ARM.exidx.text.timer_prescaler_config), (8 bytes).
    Removing gd32a50x_timer.o(.text.timer_repetition_value_config), (20 bytes).
    Removing gd32a50x_timer.o(.ARM.exidx.text.timer_repetition_value_config), (8 bytes).
    Removing gd32a50x_timer.o(.text.timer_autoreload_value_config), (20 bytes).
    Removing gd32a50x_timer.o(.ARM.exidx.text.timer_autoreload_value_config), (8 bytes).
    Removing gd32a50x_timer.o(.text.timer_counter_value_config), (20 bytes).
    Removing gd32a50x_timer.o(.ARM.exidx.text.timer_counter_value_config), (8 bytes).
    Removing gd32a50x_timer.o(.text.timer_counter_read), (20 bytes).
    Removing gd32a50x_timer.o(.ARM.exidx.text.timer_counter_read), (8 bytes).
    Removing gd32a50x_timer.o(.text.timer_prescaler_read), (26 bytes).
    Removing gd32a50x_timer.o(.ARM.exidx.text.timer_prescaler_read), (8 bytes).
    Removing gd32a50x_timer.o(.text.timer_single_pulse_mode_config), (52 bytes).
    Removing gd32a50x_timer.o(.ARM.exidx.text.timer_single_pulse_mode_config), (8 bytes).
    Removing gd32a50x_timer.o(.text.timer_update_source_config), (52 bytes).
    Removing gd32a50x_timer.o(.ARM.exidx.text.timer_update_source_config), (8 bytes).
    Removing gd32a50x_timer.o(.text.timer_channel_control_shadow_config), (46 bytes).
    Removing gd32a50x_timer.o(.ARM.exidx.text.timer_channel_control_shadow_config), (8 bytes).
    Removing gd32a50x_timer.o(.text.timer_channel_control_shadow_update_config), (52 bytes).
    Removing gd32a50x_timer.o(.ARM.exidx.text.timer_channel_control_shadow_update_config), (8 bytes).
    Removing gd32a50x_timer.o(.text.timer_dma_enable), (20 bytes).
    Removing gd32a50x_timer.o(.ARM.exidx.text.timer_dma_enable), (8 bytes).
    Removing gd32a50x_timer.o(.text.timer_dma_disable), (20 bytes).
    Removing gd32a50x_timer.o(.ARM.exidx.text.timer_dma_disable), (8 bytes).
    Removing gd32a50x_timer.o(.text.timer_channel_dma_request_source_select), (52 bytes).
    Removing gd32a50x_timer.o(.ARM.exidx.text.timer_channel_dma_request_source_select), (8 bytes).
    Removing gd32a50x_timer.o(.text.timer_dma_transfer_config), (48 bytes).
    Removing gd32a50x_timer.o(.ARM.exidx.text.timer_dma_transfer_config), (8 bytes).
    Removing gd32a50x_timer.o(.text.timer_event_software_generate), (20 bytes).
    Removing gd32a50x_timer.o(.ARM.exidx.text.timer_event_software_generate), (8 bytes).
    Removing gd32a50x_timer.o(.text.timer_break_struct_para_init), (38 bytes).
    Removing gd32a50x_timer.o(.ARM.exidx.text.timer_break_struct_para_init), (8 bytes).
    Removing gd32a50x_timer.o(.text.timer_break_config), (42 bytes).
    Removing gd32a50x_timer.o(.ARM.exidx.text.timer_break_config), (8 bytes).
    Removing gd32a50x_timer.o(.text.timer_break_enable), (18 bytes).
    Removing gd32a50x_timer.o(.ARM.exidx.text.timer_break_enable), (8 bytes).
    Removing gd32a50x_timer.o(.text.timer_break_disable), (18 bytes).
    Removing gd32a50x_timer.o(.ARM.exidx.text.timer_break_disable), (8 bytes).
    Removing gd32a50x_timer.o(.text.timer_automatic_output_enable), (18 bytes).
    Removing gd32a50x_timer.o(.ARM.exidx.text.timer_automatic_output_enable), (8 bytes).
    Removing gd32a50x_timer.o(.text.timer_automatic_output_disable), (18 bytes).
    Removing gd32a50x_timer.o(.ARM.exidx.text.timer_automatic_output_disable), (8 bytes).
    Removing gd32a50x_timer.o(.text.timer_primary_output_config), (46 bytes).
    Removing gd32a50x_timer.o(.ARM.exidx.text.timer_primary_output_config), (8 bytes).
    Removing gd32a50x_timer.o(.text.timer_channel_output_struct_para_init), (34 bytes).
    Removing gd32a50x_timer.o(.ARM.exidx.text.timer_channel_output_struct_para_init), (8 bytes).
    Removing gd32a50x_timer.o(.text.timer_channel_output_config), (944 bytes).
    Removing gd32a50x_timer.o(.ARM.exidx.text.timer_channel_output_config), (8 bytes).
    Removing gd32a50x_timer.o(.text.timer_channel_output_mode_config), (258 bytes).
    Removing gd32a50x_timer.o(.ARM.exidx.text.timer_channel_output_mode_config), (8 bytes).
    Removing gd32a50x_timer.o(.text.timer_channel_output_pulse_value_config), (118 bytes).
    Removing gd32a50x_timer.o(.ARM.exidx.text.timer_channel_output_pulse_value_config), (8 bytes).
    Removing gd32a50x_timer.o(.text.timer_channel_output_shadow_config), (258 bytes).
    Removing gd32a50x_timer.o(.ARM.exidx.text.timer_channel_output_shadow_config), (8 bytes).
    Removing gd32a50x_timer.o(.text.timer_channel_output_clear_config), (258 bytes).
    Removing gd32a50x_timer.o(.ARM.exidx.text.timer_channel_output_clear_config), (8 bytes).
    Removing gd32a50x_timer.o(.text.timer_channel_output_polarity_config), (262 bytes).
    Removing gd32a50x_timer.o(.ARM.exidx.text.timer_channel_output_polarity_config), (8 bytes).
    Removing gd32a50x_timer.o(.text.timer_channel_complementary_output_polarity_config), (142 bytes).
    Removing gd32a50x_timer.o(.ARM.exidx.text.timer_channel_complementary_output_polarity_config), (8 bytes).
    Removing gd32a50x_timer.o(.text.timer_channel_output_state_config), (244 bytes).
    Removing gd32a50x_timer.o(.ARM.exidx.text.timer_channel_output_state_config), (8 bytes).
    Removing gd32a50x_timer.o(.text.timer_channel_complementary_output_state_config), (142 bytes).
    Removing gd32a50x_timer.o(.ARM.exidx.text.timer_channel_complementary_output_state_config), (8 bytes).
    Removing gd32a50x_timer.o(.text.timer_channel_input_struct_para_init), (28 bytes).
    Removing gd32a50x_timer.o(.ARM.exidx.text.timer_channel_input_struct_para_init), (8 bytes).
    Removing gd32a50x_timer.o(.text.timer_input_capture_config), (1298 bytes).
    Removing gd32a50x_timer.o(.ARM.exidx.text.timer_input_capture_config), (8 bytes).
    Removing gd32a50x_timer.o(.text.timer_channel_input_capture_prescaler_config), (258 bytes).
    Removing gd32a50x_timer.o(.ARM.exidx.text.timer_channel_input_capture_prescaler_config), (8 bytes).
    Removing gd32a50x_timer.o(.text.timer_channel_capture_value_register_read), (122 bytes).
    Removing gd32a50x_timer.o(.ARM.exidx.text.timer_channel_capture_value_register_read), (8 bytes).
    Removing gd32a50x_timer.o(.text.timer_input_pwm_capture_config), (522 bytes).
    Removing gd32a50x_timer.o(.ARM.exidx.text.timer_input_pwm_capture_config), (8 bytes).
    Removing gd32a50x_timer.o(.text.timer_hall_mode_config), (52 bytes).
    Removing gd32a50x_timer.o(.ARM.exidx.text.timer_hall_mode_config), (8 bytes).
    Removing gd32a50x_timer.o(.text.timer_multi_mode_channel_output_parameter_struct_init), (26 bytes).
    Removing gd32a50x_timer.o(.ARM.exidx.text.timer_multi_mode_channel_output_parameter_struct_init), (8 bytes).
    Removing gd32a50x_timer.o(.text.timer_multi_mode_channel_output_config), (398 bytes).
    Removing gd32a50x_timer.o(.ARM.exidx.text.timer_multi_mode_channel_output_config), (8 bytes).
    Removing gd32a50x_timer.o(.text.timer_multi_mode_channel_mode_config), (128 bytes).
    Removing gd32a50x_timer.o(.ARM.exidx.text.timer_multi_mode_channel_mode_config), (8 bytes).
    Removing gd32a50x_timer.o(.text.timer_input_trigger_source_select), (44 bytes).
    Removing gd32a50x_timer.o(.ARM.exidx.text.timer_input_trigger_source_select), (8 bytes).
    Removing gd32a50x_timer.o(.text.timer_master_output_trigger_source_select), (38 bytes).
    Removing gd32a50x_timer.o(.ARM.exidx.text.timer_master_output_trigger_source_select), (8 bytes).
    Removing gd32a50x_timer.o(.text.timer_slave_mode_select), (38 bytes).
    Removing gd32a50x_timer.o(.ARM.exidx.text.timer_slave_mode_select), (8 bytes).
    Removing gd32a50x_timer.o(.text.timer_master_slave_mode_config), (52 bytes).
    Removing gd32a50x_timer.o(.ARM.exidx.text.timer_master_slave_mode_config), (8 bytes).
    Removing gd32a50x_timer.o(.text.timer_external_trigger_config), (52 bytes).
    Removing gd32a50x_timer.o(.ARM.exidx.text.timer_external_trigger_config), (8 bytes).
    Removing gd32a50x_timer.o(.text.timer_quadrature_decoder_mode_config), (106 bytes).
    Removing gd32a50x_timer.o(.ARM.exidx.text.timer_quadrature_decoder_mode_config), (8 bytes).
    Removing gd32a50x_timer.o(.text.timer_internal_clock_config), (18 bytes).
    Removing gd32a50x_timer.o(.ARM.exidx.text.timer_internal_clock_config), (8 bytes).
    Removing gd32a50x_timer.o(.text.timer_internal_trigger_as_external_clock_config), (40 bytes).
    Removing gd32a50x_timer.o(.ARM.exidx.text.timer_internal_trigger_as_external_clock_config), (8 bytes).
    Removing gd32a50x_timer.o(.text.timer_external_trigger_as_external_clock_config), (240 bytes).
    Removing gd32a50x_timer.o(.ARM.exidx.text.timer_external_trigger_as_external_clock_config), (8 bytes).
    Removing gd32a50x_timer.o(.text.timer_external_clock_mode0_config), (54 bytes).
    Removing gd32a50x_timer.o(.ARM.exidx.text.timer_external_clock_mode0_config), (8 bytes).
    Removing gd32a50x_timer.o(.text.timer_external_clock_mode1_config), (38 bytes).
    Removing gd32a50x_timer.o(.ARM.exidx.text.timer_external_clock_mode1_config), (8 bytes).
    Removing gd32a50x_timer.o(.text.timer_external_clock_mode1_disable), (18 bytes).
    Removing gd32a50x_timer.o(.ARM.exidx.text.timer_external_clock_mode1_disable), (8 bytes).
    Removing gd32a50x_timer.o(.text.timer_channel_remap_config), (16 bytes).
    Removing gd32a50x_timer.o(.ARM.exidx.text.timer_channel_remap_config), (8 bytes).
    Removing gd32a50x_timer.o(.text.timer_write_chxval_register_config), (66 bytes).
    Removing gd32a50x_timer.o(.ARM.exidx.text.timer_write_chxval_register_config), (8 bytes).
    Removing gd32a50x_timer.o(.text.timer_output_value_selection_config), (66 bytes).
    Removing gd32a50x_timer.o(.ARM.exidx.text.timer_output_value_selection_config), (8 bytes).
    Removing gd32a50x_timer.o(.text.timer_output_match_pulse_select), (134 bytes).
    Removing gd32a50x_timer.o(.ARM.exidx.text.timer_output_match_pulse_select), (8 bytes).
    Removing gd32a50x_timer.o(.text.timer_channel_composite_pwm_mode_config), (64 bytes).
    Removing gd32a50x_timer.o(.ARM.exidx.text.timer_channel_composite_pwm_mode_config), (8 bytes).
    Removing gd32a50x_timer.o(.text.timer_channel_composite_pwm_mode_output_pulse_value_config), (90 bytes).
    Removing gd32a50x_timer.o(.ARM.exidx.text.timer_channel_composite_pwm_mode_output_pulse_value_config), (8 bytes).
    Removing gd32a50x_timer.o(.text.timer_channel_additional_compare_value_config), (70 bytes).
    Removing gd32a50x_timer.o(.ARM.exidx.text.timer_channel_additional_compare_value_config), (8 bytes).
    Removing gd32a50x_timer.o(.text.timer_channel_additional_output_shadow_config), (144 bytes).
    Removing gd32a50x_timer.o(.ARM.exidx.text.timer_channel_additional_output_shadow_config), (8 bytes).
    Removing gd32a50x_timer.o(.text.timer_break_external_input_struct_para_init), (22 bytes).
    Removing gd32a50x_timer.o(.ARM.exidx.text.timer_break_external_input_struct_para_init), (8 bytes).
    Removing gd32a50x_timer.o(.text.timer_break_external_input_config), (100 bytes).
    Removing gd32a50x_timer.o(.ARM.exidx.text.timer_break_external_input_config), (8 bytes).
    Removing gd32a50x_timer.o(.text.timer_break_external_input_enable), (30 bytes).
    Removing gd32a50x_timer.o(.ARM.exidx.text.timer_break_external_input_enable), (8 bytes).
    Removing gd32a50x_timer.o(.text.timer_break_external_input_disable), (30 bytes).
    Removing gd32a50x_timer.o(.ARM.exidx.text.timer_break_external_input_disable), (8 bytes).
    Removing gd32a50x_timer.o(.text.timer_break_external_input_polarity_config), (64 bytes).
    Removing gd32a50x_timer.o(.ARM.exidx.text.timer_break_external_input_polarity_config), (8 bytes).
    Removing gd32a50x_timer.o(.text.timer_channel_break_control_config), (60 bytes).
    Removing gd32a50x_timer.o(.ARM.exidx.text.timer_channel_break_control_config), (8 bytes).
    Removing gd32a50x_timer.o(.text.timer_channel_dead_time_config), (60 bytes).
    Removing gd32a50x_timer.o(.ARM.exidx.text.timer_channel_dead_time_config), (8 bytes).
    Removing gd32a50x_timer.o(.text.timer_free_complementary_struct_para_init), (26 bytes).
    Removing gd32a50x_timer.o(.ARM.exidx.text.timer_free_complementary_struct_para_init), (8 bytes).
    Removing gd32a50x_timer.o(.text.timer_channel_free_complementary_config), (364 bytes).
    Removing gd32a50x_timer.o(.ARM.exidx.text.timer_channel_free_complementary_config), (8 bytes).
    Removing gd32a50x_timer.o(.text.timer_flag_get), (42 bytes).
    Removing gd32a50x_timer.o(.ARM.exidx.text.timer_flag_get), (8 bytes).
    Removing gd32a50x_timer.o(.text.timer_flag_clear), (20 bytes).
    Removing gd32a50x_timer.o(.ARM.exidx.text.timer_flag_clear), (8 bytes).
    Removing gd32a50x_timer.o(.text.timer_interrupt_enable), (20 bytes).
    Removing gd32a50x_timer.o(.ARM.exidx.text.timer_interrupt_enable), (8 bytes).
    Removing gd32a50x_timer.o(.text.timer_interrupt_disable), (20 bytes).
    Removing gd32a50x_timer.o(.ARM.exidx.text.timer_interrupt_disable), (8 bytes).
    Removing gd32a50x_timer.o(.text.timer_interrupt_flag_get), (58 bytes).
    Removing gd32a50x_timer.o(.ARM.exidx.text.timer_interrupt_flag_get), (8 bytes).
    Removing gd32a50x_timer.o(.text.timer_interrupt_flag_clear), (20 bytes).
    Removing gd32a50x_timer.o(.ARM.exidx.text.timer_interrupt_flag_clear), (8 bytes).
    Removing gd32a50x_trigsel.o(.text), (0 bytes).
    Removing gd32a50x_trigsel.o(.text.trigsel_init), (96 bytes).
    Removing gd32a50x_trigsel.o(.ARM.exidx.text.trigsel_init), (8 bytes).
    Removing gd32a50x_trigsel.o(.text.trigsel_register_lock_get), (54 bytes).
    Removing gd32a50x_trigsel.o(.ARM.exidx.text.trigsel_register_lock_get), (8 bytes).
    Removing gd32a50x_trigsel.o(.text.trigsel_trigger_source_get), (54 bytes).
    Removing gd32a50x_trigsel.o(.ARM.exidx.text.trigsel_trigger_source_get), (8 bytes).
    Removing gd32a50x_trigsel.o(.text.trigsel_register_lock_set), (34 bytes).
    Removing gd32a50x_trigsel.o(.ARM.exidx.text.trigsel_register_lock_set), (8 bytes).
    Removing gd32a50x_usart.o(.text), (0 bytes).
    Removing gd32a50x_usart.o(.text.usart_deinit), (116 bytes).
    Removing gd32a50x_usart.o(.ARM.exidx.text.usart_deinit), (8 bytes).
    Removing gd32a50x_usart.o(.text.usart_baudrate_set), (214 bytes).
    Removing gd32a50x_usart.o(.ARM.exidx.text.usart_baudrate_set), (8 bytes).
    Removing gd32a50x_usart.o(.text.usart_parity_config), (40 bytes).
    Removing gd32a50x_usart.o(.ARM.exidx.text.usart_parity_config), (8 bytes).
    Removing gd32a50x_usart.o(.text.usart_word_length_set), (40 bytes).
    Removing gd32a50x_usart.o(.ARM.exidx.text.usart_word_length_set), (8 bytes).
    Removing gd32a50x_usart.o(.text.usart_stop_bit_set), (40 bytes).
    Removing gd32a50x_usart.o(.ARM.exidx.text.usart_stop_bit_set), (8 bytes).
    Removing gd32a50x_usart.o(.text.usart_enable), (18 bytes).
    Removing gd32a50x_usart.o(.ARM.exidx.text.usart_enable), (8 bytes).
    Removing gd32a50x_usart.o(.text.usart_disable), (18 bytes).
    Removing gd32a50x_usart.o(.ARM.exidx.text.usart_disable), (8 bytes).
    Removing gd32a50x_usart.o(.text.usart_transmit_config), (30 bytes).
    Removing gd32a50x_usart.o(.ARM.exidx.text.usart_transmit_config), (8 bytes).
    Removing gd32a50x_usart.o(.text.usart_receive_config), (30 bytes).
    Removing gd32a50x_usart.o(.ARM.exidx.text.usart_receive_config), (8 bytes).
    Removing gd32a50x_usart.o(.text.usart_data_first_config), (40 bytes).
    Removing gd32a50x_usart.o(.ARM.exidx.text.usart_data_first_config), (8 bytes).
    Removing gd32a50x_usart.o(.text.usart_invert_config), (146 bytes).
    Removing gd32a50x_usart.o(.ARM.exidx.text.usart_invert_config), (8 bytes).
    Removing gd32a50x_usart.o(.text.usart_overrun_enable), (28 bytes).
    Removing gd32a50x_usart.o(.ARM.exidx.text.usart_overrun_enable), (8 bytes).
    Removing gd32a50x_usart.o(.text.usart_overrun_disable), (28 bytes).
    Removing gd32a50x_usart.o(.ARM.exidx.text.usart_overrun_disable), (8 bytes).
    Removing gd32a50x_usart.o(.text.usart_oversample_config), (40 bytes).
    Removing gd32a50x_usart.o(.ARM.exidx.text.usart_oversample_config), (8 bytes).
    Removing gd32a50x_usart.o(.text.usart_sample_bit_config), (40 bytes).
    Removing gd32a50x_usart.o(.ARM.exidx.text.usart_sample_bit_config), (8 bytes).
    Removing gd32a50x_usart.o(.text.usart_receiver_timeout_enable), (18 bytes).
    Removing gd32a50x_usart.o(.ARM.exidx.text.usart_receiver_timeout_enable), (8 bytes).
    Removing gd32a50x_usart.o(.text.usart_receiver_timeout_disable), (18 bytes).
    Removing gd32a50x_usart.o(.ARM.exidx.text.usart_receiver_timeout_disable), (8 bytes).
    Removing gd32a50x_usart.o(.text.usart_receiver_timeout_threshold_config), (30 bytes).
    Removing gd32a50x_usart.o(.ARM.exidx.text.usart_receiver_timeout_threshold_config), (8 bytes).
    Removing gd32a50x_usart.o(.text.usart_data_transmit), (24 bytes).
    Removing gd32a50x_usart.o(.ARM.exidx.text.usart_data_transmit), (8 bytes).
    Removing gd32a50x_usart.o(.text.usart_data_receive), (16 bytes).
    Removing gd32a50x_usart.o(.ARM.exidx.text.usart_data_receive), (8 bytes).
    Removing gd32a50x_usart.o(.text.usart_command_enable), (20 bytes).
    Removing gd32a50x_usart.o(.ARM.exidx.text.usart_command_enable), (8 bytes).
    Removing gd32a50x_usart.o(.text.usart_address_config), (46 bytes).
    Removing gd32a50x_usart.o(.ARM.exidx.text.usart_address_config), (8 bytes).
    Removing gd32a50x_usart.o(.text.usart_address_detection_mode_config), (44 bytes).
    Removing gd32a50x_usart.o(.ARM.exidx.text.usart_address_detection_mode_config), (8 bytes).
    Removing gd32a50x_usart.o(.text.usart_mute_mode_enable), (18 bytes).
    Removing gd32a50x_usart.o(.ARM.exidx.text.usart_mute_mode_enable), (8 bytes).
    Removing gd32a50x_usart.o(.text.usart_mute_mode_disable), (18 bytes).
    Removing gd32a50x_usart.o(.ARM.exidx.text.usart_mute_mode_disable), (8 bytes).
    Removing gd32a50x_usart.o(.text.usart_mute_mode_wakeup_config), (46 bytes).
    Removing gd32a50x_usart.o(.ARM.exidx.text.usart_mute_mode_wakeup_config), (8 bytes).
    Removing gd32a50x_usart.o(.text.usart_lin_mode_enable), (28 bytes).
    Removing gd32a50x_usart.o(.ARM.exidx.text.usart_lin_mode_enable), (8 bytes).
    Removing gd32a50x_usart.o(.text.usart_lin_mode_disable), (28 bytes).
    Removing gd32a50x_usart.o(.ARM.exidx.text.usart_lin_mode_disable), (8 bytes).
    Removing gd32a50x_usart.o(.text.usart_lin_break_detection_length_config), (44 bytes).
    Removing gd32a50x_usart.o(.ARM.exidx.text.usart_lin_break_detection_length_config), (8 bytes).
    Removing gd32a50x_usart.o(.text.usart_halfduplex_enable), (28 bytes).
    Removing gd32a50x_usart.o(.ARM.exidx.text.usart_halfduplex_enable), (8 bytes).
    Removing gd32a50x_usart.o(.text.usart_halfduplex_disable), (28 bytes).
    Removing gd32a50x_usart.o(.ARM.exidx.text.usart_halfduplex_disable), (8 bytes).
    Removing gd32a50x_usart.o(.text.usart_clock_enable), (28 bytes).
    Removing gd32a50x_usart.o(.ARM.exidx.text.usart_clock_enable), (8 bytes).
    Removing gd32a50x_usart.o(.text.usart_clock_disable), (28 bytes).
    Removing gd32a50x_usart.o(.ARM.exidx.text.usart_clock_disable), (8 bytes).
    Removing gd32a50x_usart.o(.text.usart_synchronous_clock_config), (76 bytes).
    Removing gd32a50x_usart.o(.ARM.exidx.text.usart_synchronous_clock_config), (8 bytes).
    Removing gd32a50x_usart.o(.text.usart_guard_time_config), (44 bytes).
    Removing gd32a50x_usart.o(.ARM.exidx.text.usart_guard_time_config), (8 bytes).
    Removing gd32a50x_usart.o(.text.usart_smartcard_mode_enable), (28 bytes).
    Removing gd32a50x_usart.o(.ARM.exidx.text.usart_smartcard_mode_enable), (8 bytes).
    Removing gd32a50x_usart.o(.text.usart_smartcard_mode_disable), (28 bytes).
    Removing gd32a50x_usart.o(.ARM.exidx.text.usart_smartcard_mode_disable), (8 bytes).
    Removing gd32a50x_usart.o(.text.usart_smartcard_mode_nack_enable), (28 bytes).
    Removing gd32a50x_usart.o(.ARM.exidx.text.usart_smartcard_mode_nack_enable), (8 bytes).
    Removing gd32a50x_usart.o(.text.usart_smartcard_mode_nack_disable), (28 bytes).
    Removing gd32a50x_usart.o(.ARM.exidx.text.usart_smartcard_mode_nack_disable), (8 bytes).
    Removing gd32a50x_usart.o(.text.usart_smartcard_mode_early_nack_enable), (22 bytes).
    Removing gd32a50x_usart.o(.ARM.exidx.text.usart_smartcard_mode_early_nack_enable), (8 bytes).
    Removing gd32a50x_usart.o(.text.usart_smartcard_mode_early_nack_disable), (22 bytes).
    Removing gd32a50x_usart.o(.ARM.exidx.text.usart_smartcard_mode_early_nack_disable), (8 bytes).
    Removing gd32a50x_usart.o(.text.usart_smartcard_autoretry_config), (46 bytes).
    Removing gd32a50x_usart.o(.ARM.exidx.text.usart_smartcard_autoretry_config), (8 bytes).
    Removing gd32a50x_usart.o(.text.usart_block_length_config), (32 bytes).
    Removing gd32a50x_usart.o(.ARM.exidx.text.usart_block_length_config), (8 bytes).
    Removing gd32a50x_usart.o(.text.usart_irda_mode_enable), (28 bytes).
    Removing gd32a50x_usart.o(.ARM.exidx.text.usart_irda_mode_enable), (8 bytes).
    Removing gd32a50x_usart.o(.text.usart_irda_mode_disable), (28 bytes).
    Removing gd32a50x_usart.o(.ARM.exidx.text.usart_irda_mode_disable), (8 bytes).
    Removing gd32a50x_usart.o(.text.usart_prescaler_config), (40 bytes).
    Removing gd32a50x_usart.o(.ARM.exidx.text.usart_prescaler_config), (8 bytes).
    Removing gd32a50x_usart.o(.text.usart_irda_lowpower_config), (44 bytes).
    Removing gd32a50x_usart.o(.ARM.exidx.text.usart_irda_lowpower_config), (8 bytes).
    Removing gd32a50x_usart.o(.text.usart_hardware_flow_rts_config), (40 bytes).
    Removing gd32a50x_usart.o(.ARM.exidx.text.usart_hardware_flow_rts_config), (8 bytes).
    Removing gd32a50x_usart.o(.text.usart_hardware_flow_cts_config), (40 bytes).
    Removing gd32a50x_usart.o(.ARM.exidx.text.usart_hardware_flow_cts_config), (8 bytes).
    Removing gd32a50x_usart.o(.text.usart_hardware_flow_coherence_config), (38 bytes).
    Removing gd32a50x_usart.o(.ARM.exidx.text.usart_hardware_flow_coherence_config), (8 bytes).
    Removing gd32a50x_usart.o(.text.usart_rs485_driver_enable), (28 bytes).
    Removing gd32a50x_usart.o(.ARM.exidx.text.usart_rs485_driver_enable), (8 bytes).
    Removing gd32a50x_usart.o(.text.usart_rs485_driver_disable), (28 bytes).
    Removing gd32a50x_usart.o(.ARM.exidx.text.usart_rs485_driver_disable), (8 bytes).
    Removing gd32a50x_usart.o(.text.usart_driver_assertime_config), (46 bytes).
    Removing gd32a50x_usart.o(.ARM.exidx.text.usart_driver_assertime_config), (8 bytes).
    Removing gd32a50x_usart.o(.text.usart_driver_deassertime_config), (46 bytes).
    Removing gd32a50x_usart.o(.ARM.exidx.text.usart_driver_deassertime_config), (8 bytes).
    Removing gd32a50x_usart.o(.text.usart_depolarity_config), (44 bytes).
    Removing gd32a50x_usart.o(.ARM.exidx.text.usart_depolarity_config), (8 bytes).
    Removing gd32a50x_usart.o(.text.usart_dma_receive_config), (38 bytes).
    Removing gd32a50x_usart.o(.ARM.exidx.text.usart_dma_receive_config), (8 bytes).
    Removing gd32a50x_usart.o(.text.usart_dma_transmit_config), (38 bytes).
    Removing gd32a50x_usart.o(.ARM.exidx.text.usart_dma_transmit_config), (8 bytes).
    Removing gd32a50x_usart.o(.text.usart_reception_error_dma_disable), (28 bytes).
    Removing gd32a50x_usart.o(.ARM.exidx.text.usart_reception_error_dma_disable), (8 bytes).
    Removing gd32a50x_usart.o(.text.usart_reception_error_dma_enable), (28 bytes).
    Removing gd32a50x_usart.o(.ARM.exidx.text.usart_reception_error_dma_enable), (8 bytes).
    Removing gd32a50x_usart.o(.text.usart_wakeup_enable), (18 bytes).
    Removing gd32a50x_usart.o(.ARM.exidx.text.usart_wakeup_enable), (8 bytes).
    Removing gd32a50x_usart.o(.text.usart_wakeup_disable), (18 bytes).
    Removing gd32a50x_usart.o(.ARM.exidx.text.usart_wakeup_disable), (8 bytes).
    Removing gd32a50x_usart.o(.text.usart_wakeup_mode_config), (44 bytes).
    Removing gd32a50x_usart.o(.ARM.exidx.text.usart_wakeup_mode_config), (8 bytes).
    Removing gd32a50x_usart.o(.text.usart_receive_fifo_enable), (22 bytes).
    Removing gd32a50x_usart.o(.ARM.exidx.text.usart_receive_fifo_enable), (8 bytes).
    Removing gd32a50x_usart.o(.text.usart_receive_fifo_disable), (22 bytes).
    Removing gd32a50x_usart.o(.ARM.exidx.text.usart_receive_fifo_disable), (8 bytes).
    Removing gd32a50x_usart.o(.text.usart_receive_fifo_counter_number), (18 bytes).
    Removing gd32a50x_usart.o(.ARM.exidx.text.usart_receive_fifo_counter_number), (8 bytes).
    Removing gd32a50x_usart.o(.text.usart_flag_get), (58 bytes).
    Removing gd32a50x_usart.o(.ARM.exidx.text.usart_flag_get), (8 bytes).
    Removing gd32a50x_usart.o(.text.usart_flag_clear), (94 bytes).
    Removing gd32a50x_usart.o(.ARM.exidx.text.usart_flag_clear), (8 bytes).
    Removing gd32a50x_usart.o(.text.usart_interrupt_enable), (36 bytes).
    Removing gd32a50x_usart.o(.ARM.exidx.text.usart_interrupt_enable), (8 bytes).
    Removing gd32a50x_usart.o(.text.usart_interrupt_disable), (36 bytes).
    Removing gd32a50x_usart.o(.ARM.exidx.text.usart_interrupt_disable), (8 bytes).
    Removing gd32a50x_usart.o(.text.usart_interrupt_flag_get), (94 bytes).
    Removing gd32a50x_usart.o(.ARM.exidx.text.usart_interrupt_flag_get), (8 bytes).
    Removing gd32a50x_usart.o(.text.usart_interrupt_flag_clear), (64 bytes).
    Removing gd32a50x_usart.o(.ARM.exidx.text.usart_interrupt_flag_clear), (8 bytes).
    Removing gd32a50x_wwdgt.o(.text), (0 bytes).
    Removing gd32a50x_wwdgt.o(.text.wwdgt_deinit), (24 bytes).
    Removing gd32a50x_wwdgt.o(.ARM.exidx.text.wwdgt_deinit), (8 bytes).
    Removing gd32a50x_wwdgt.o(.text.wwdgt_enable), (18 bytes).
    Removing gd32a50x_wwdgt.o(.ARM.exidx.text.wwdgt_enable), (8 bytes).
    Removing gd32a50x_wwdgt.o(.text.wwdgt_counter_update), (28 bytes).
    Removing gd32a50x_wwdgt.o(.ARM.exidx.text.wwdgt_counter_update), (8 bytes).
    Removing gd32a50x_wwdgt.o(.text.wwdgt_config), (56 bytes).
    Removing gd32a50x_wwdgt.o(.ARM.exidx.text.wwdgt_config), (8 bytes).
    Removing gd32a50x_wwdgt.o(.text.wwdgt_flag_get), (42 bytes).
    Removing gd32a50x_wwdgt.o(.ARM.exidx.text.wwdgt_flag_get), (8 bytes).
    Removing gd32a50x_wwdgt.o(.text.wwdgt_flag_clear), (14 bytes).
    Removing gd32a50x_wwdgt.o(.ARM.exidx.text.wwdgt_flag_clear), (8 bytes).
    Removing gd32a50x_wwdgt.o(.text.wwdgt_interrupt_enable), (18 bytes).
    Removing gd32a50x_wwdgt.o(.ARM.exidx.text.wwdgt_interrupt_enable), (8 bytes).
    Removing startup_gd32a50x.o(HEAP), (1024 bytes).

1544 unused section(s) (total 56392 bytes) removed from the image.

==============================================================================

Image Symbol Table

    Local Symbols

    Symbol Name                              Value     Ov Type        Size  Object(Section)

    ../clib/microlib/init/entry.s            0x00000000   Number         0  entry.o ABSOLUTE
    ../clib/microlib/init/entry.s            0x00000000   Number         0  entry2.o ABSOLUTE
    ../clib/microlib/init/entry.s            0x00000000   Number         0  entry5.o ABSOLUTE
    ../clib/microlib/init/entry.s            0x00000000   Number         0  entry7a.o ABSOLUTE
    ../clib/microlib/init/entry.s            0x00000000   Number         0  entry7b.o ABSOLUTE
    ../clib/microlib/init/entry.s            0x00000000   Number         0  entry8a.o ABSOLUTE
    ../clib/microlib/init/entry.s            0x00000000   Number         0  entry8b.o ABSOLUTE
    ../clib/microlib/init/entry.s            0x00000000   Number         0  entry9a.o ABSOLUTE
    ../clib/microlib/init/entry.s            0x00000000   Number         0  entry9b.o ABSOLUTE
    ../clib/microlib/init/entry.s            0x00000000   Number         0  entry10a.o ABSOLUTE
    ../clib/microlib/init/entry.s            0x00000000   Number         0  entry10b.o ABSOLUTE
    ../clib/microlib/init/entry.s            0x00000000   Number         0  entry11a.o ABSOLUTE
    ../clib/microlib/init/entry.s            0x00000000   Number         0  entry11b.o ABSOLUTE
    ..\..\Firmware\CMSIS\GD\GD32A50x\Source\ARM\startup_gd32a50x.s 0x00000000   Number         0  startup_gd32a50x.o ABSOLUTE
    dc.s                                     0x00000000   Number         0  dc.o ABSOLUTE
    gd32a50x_adc.c                           0x00000000   Number         0  gd32a50x_adc.o ABSOLUTE
    gd32a50x_bkp.c                           0x00000000   Number         0  gd32a50x_bkp.o ABSOLUTE
    gd32a50x_can.c                           0x00000000   Number         0  gd32a50x_can.o ABSOLUTE
    gd32a50x_cmp.c                           0x00000000   Number         0  gd32a50x_cmp.o ABSOLUTE
    gd32a50x_crc.c                           0x00000000   Number         0  gd32a50x_crc.o ABSOLUTE
    gd32a50x_dac.c                           0x00000000   Number         0  gd32a50x_dac.o ABSOLUTE
    gd32a50x_dbg.c                           0x00000000   Number         0  gd32a50x_dbg.o ABSOLUTE
    gd32a50x_dma.c                           0x00000000   Number         0  gd32a50x_dma.o ABSOLUTE
    gd32a50x_exti.c                          0x00000000   Number         0  gd32a50x_exti.o ABSOLUTE
    gd32a50x_fmc.c                           0x00000000   Number         0  gd32a50x_fmc.o ABSOLUTE
    gd32a50x_fwdgt.c                         0x00000000   Number         0  gd32a50x_fwdgt.o ABSOLUTE
    gd32a50x_gpio.c                          0x00000000   Number         0  gd32a50x_gpio.o ABSOLUTE
    gd32a50x_i2c.c                           0x00000000   Number         0  gd32a50x_i2c.o ABSOLUTE
    gd32a50x_it.c                            0x00000000   Number         0  gd32a50x_it.o ABSOLUTE
    gd32a50x_mfcom.c                         0x00000000   Number         0  gd32a50x_mfcom.o ABSOLUTE
    gd32a50x_misc.c                          0x00000000   Number         0  gd32a50x_misc.o ABSOLUTE
    gd32a50x_pmu.c                           0x00000000   Number         0  gd32a50x_pmu.o ABSOLUTE
    gd32a50x_rcu.c                           0x00000000   Number         0  gd32a50x_rcu.o ABSOLUTE
    gd32a50x_rtc.c                           0x00000000   Number         0  gd32a50x_rtc.o ABSOLUTE
    gd32a50x_spi.c                           0x00000000   Number         0  gd32a50x_spi.o ABSOLUTE
    gd32a50x_syscfg.c                        0x00000000   Number         0  gd32a50x_syscfg.o ABSOLUTE
    gd32a50x_timer.c                         0x00000000   Number         0  gd32a50x_timer.o ABSOLUTE
    gd32a50x_trigsel.c                       0x00000000   Number         0  gd32a50x_trigsel.o ABSOLUTE
    gd32a50x_usart.c                         0x00000000   Number         0  gd32a50x_usart.o ABSOLUTE
    gd32a50x_wwdgt.c                         0x00000000   Number         0  gd32a50x_wwdgt.o ABSOLUTE
    handlers.s                               0x00000000   Number         0  handlers.o ABSOLUTE
    init.s                                   0x00000000   Number         0  init.o ABSOLUTE
    main.c                                   0x00000000   Number         0  main.o ABSOLUTE
    system_gd32a50x.c                        0x00000000   Number         0  system_gd32a50x.o ABSOLUTE
    systick.c                                0x00000000   Number         0  systick.o ABSOLUTE
    RESET                                    0x08005000   Section      348  startup_gd32a50x.o(RESET)
    .ARM.Collect$$$$00000000                 0x0800515c   Section        0  entry.o(.ARM.Collect$$$$00000000)
    .ARM.Collect$$$$00000001                 0x0800515c   Section        4  entry2.o(.ARM.Collect$$$$00000001)
    .ARM.Collect$$$$00000004                 0x08005160   Section        4  entry5.o(.ARM.Collect$$$$00000004)
    .ARM.Collect$$$$00000008                 0x08005164   Section        0  entry7b.o(.ARM.Collect$$$$00000008)
    .ARM.Collect$$$$0000000A                 0x08005164   Section        0  entry8b.o(.ARM.Collect$$$$0000000A)
    .ARM.Collect$$$$0000000B                 0x08005164   Section        8  entry9a.o(.ARM.Collect$$$$0000000B)
    __lit__00000000                          0x0800516c   Data           4  entry2.o(.ARM.Collect$$$$00002712)
    .ARM.Collect$$$$0000000D                 0x0800516c   Section        0  entry10a.o(.ARM.Collect$$$$0000000D)
    .ARM.Collect$$$$0000000F                 0x0800516c   Section        0  entry11a.o(.ARM.Collect$$$$0000000F)
    .ARM.Collect$$$$00002712                 0x0800516c   Section        4  entry2.o(.ARM.Collect$$$$00002712)
    $v0                                      0x08005170   Number         0  startup_gd32a50x.o(.text)
    .text                                    0x08005170   Section       72  startup_gd32a50x.o(.text)
    .text                                    0x080051b8   Section       36  init.o(.text)
    [Anonymous Symbol]                       0x080051dc   Section        0  gd32a50x_it.o(.text.HardFault_Handler)
    [Anonymous Symbol]                       0x080051e0   Section        0  gd32a50x_it.o(.text.NMI_Handler)
    [Anonymous Symbol]                       0x080051e4   Section        0  gd32a50x_it.o(.text.PendSV_Handler)
    [Anonymous Symbol]                       0x080051e8   Section        0  gd32a50x_it.o(.text.SVC_Handler)
    [Anonymous Symbol]                       0x080051ec   Section        0  gd32a50x_it.o(.text.SysTick_Handler)
    [Anonymous Symbol]                       0x080051f4   Section        0  systick.o(.text.delay_decrement)
    [Anonymous Symbol]                       0x08005214   Section        0  gd32a50x_gpio.o(.text.gpio_mode_set)
    [Anonymous Symbol]                       0x080052b0   Section        0  main.o(.text.main)
    [Anonymous Symbol]                       0x08005358   Section        0  gd32a50x_misc.o(.text.nvic_vector_table_set)
    i.__scatterload_copy                     0x08005380   Section       14  handlers.o(i.__scatterload_copy)
    i.__scatterload_null                     0x0800538e   Section        2  handlers.o(i.__scatterload_null)
    i.__scatterload_zeroinit                 0x08005390   Section       14  handlers.o(i.__scatterload_zeroinit)
    delay                                    0x20000000   Data           4  systick.o(.bss.delay)
    [Anonymous Symbol]                       0x20000000   Section        0  systick.o(.bss.delay)
    STACK                                    0x20000008   Section     2048  startup_gd32a50x.o(STACK)

    Global Symbols

    Symbol Name                              Value     Ov Type        Size  Object(Section)

    BuildAttributes$$THM_ISAv4$E$P$D$K$B$S$7EM$8M$VFPi5$EXTD16$VFPS$VFMA$PE$A:L22UL41UL21$X:L11$S22US41US21$IEEE1$IW$~IW$USESV6$~STKCKD$USESV7$~SHL$OSPACE$EBA8$MICROLIB$REQ8$PRES8$EABIv2 0x00000000   Number         0  anon$$obj.o ABSOLUTE
    __cpp_initialize__aeabi_                  - Undefined Weak Reference
    __cxa_finalize                            - Undefined Weak Reference
    __decompress                              - Undefined Weak Reference
    _clock_init                               - Undefined Weak Reference
    _microlib_exit                            - Undefined Weak Reference
    __Vectors_Size                           0x0000015c   Number         0  startup_gd32a50x.o ABSOLUTE
    __Vectors                                0x08005000   Data           4  startup_gd32a50x.o(RESET)
    __Vectors_End                            0x0800515c   Data           0  startup_gd32a50x.o(RESET)
    __main                                   0x0800515d   Thumb Code     0  entry.o(.ARM.Collect$$$$00000000)
    _main_stk                                0x0800515d   Thumb Code     0  entry2.o(.ARM.Collect$$$$00000001)
    _main_scatterload                        0x08005161   Thumb Code     0  entry5.o(.ARM.Collect$$$$00000004)
    __main_after_scatterload                 0x08005165   Thumb Code     0  entry5.o(.ARM.Collect$$$$00000004)
    _main_clock                              0x08005165   Thumb Code     0  entry7b.o(.ARM.Collect$$$$00000008)
    _main_cpp_init                           0x08005165   Thumb Code     0  entry8b.o(.ARM.Collect$$$$0000000A)
    _main_init                               0x08005165   Thumb Code     0  entry9a.o(.ARM.Collect$$$$0000000B)
    __rt_final_cpp                           0x0800516d   Thumb Code     0  entry10a.o(.ARM.Collect$$$$0000000D)
    __rt_final_exit                          0x0800516d   Thumb Code     0  entry11a.o(.ARM.Collect$$$$0000000F)
    Reset_Handler                            0x08005171   Thumb Code    38  startup_gd32a50x.o(.text)
    MemManage_Handler                        0x0800519b   Thumb Code     2  startup_gd32a50x.o(.text)
    BusFault_Handler                         0x0800519d   Thumb Code     2  startup_gd32a50x.o(.text)
    UsageFault_Handler                       0x0800519f   Thumb Code     2  startup_gd32a50x.o(.text)
    DebugMon_Handler                         0x080051a3   Thumb Code     2  startup_gd32a50x.o(.text)
    ADC0_1_IRQHandler                        0x080051a9   Thumb Code     0  startup_gd32a50x.o(.text)
    CAN0_Busoff_IRQHandler                   0x080051a9   Thumb Code     0  startup_gd32a50x.o(.text)
    CAN0_Error_IRQHandler                    0x080051a9   Thumb Code     0  startup_gd32a50x.o(.text)
    CAN0_FastError_IRQHandler                0x080051a9   Thumb Code     0  startup_gd32a50x.o(.text)
    CAN0_Message_IRQHandler                  0x080051a9   Thumb Code     0  startup_gd32a50x.o(.text)
    CAN0_REC_IRQHandler                      0x080051a9   Thumb Code     0  startup_gd32a50x.o(.text)
    CAN0_TEC_IRQHandler                      0x080051a9   Thumb Code     0  startup_gd32a50x.o(.text)
    CAN0_WKUP_IRQHandler                     0x080051a9   Thumb Code     0  startup_gd32a50x.o(.text)
    CAN1_Busoff_IRQHandler                   0x080051a9   Thumb Code     0  startup_gd32a50x.o(.text)
    CAN1_Error_IRQHandler                    0x080051a9   Thumb Code     0  startup_gd32a50x.o(.text)
    CAN1_FastError_IRQHandler                0x080051a9   Thumb Code     0  startup_gd32a50x.o(.text)
    CAN1_Message_IRQHandler                  0x080051a9   Thumb Code     0  startup_gd32a50x.o(.text)
    CAN1_REC_IRQHandler                      0x080051a9   Thumb Code     0  startup_gd32a50x.o(.text)
    CAN1_TEC_IRQHandler                      0x080051a9   Thumb Code     0  startup_gd32a50x.o(.text)
    CAN1_WKUP_IRQHandler                     0x080051a9   Thumb Code     0  startup_gd32a50x.o(.text)
    CMP_IRQHandler                           0x080051a9   Thumb Code     0  startup_gd32a50x.o(.text)
    DMA0_Channel0_IRQHandler                 0x080051a9   Thumb Code     0  startup_gd32a50x.o(.text)
    DMA0_Channel1_IRQHandler                 0x080051a9   Thumb Code     0  startup_gd32a50x.o(.text)
    DMA0_Channel2_IRQHandler                 0x080051a9   Thumb Code     0  startup_gd32a50x.o(.text)
    DMA0_Channel3_IRQHandler                 0x080051a9   Thumb Code     0  startup_gd32a50x.o(.text)
    DMA0_Channel4_IRQHandler                 0x080051a9   Thumb Code     0  startup_gd32a50x.o(.text)
    DMA0_Channel5_IRQHandler                 0x080051a9   Thumb Code     0  startup_gd32a50x.o(.text)
    DMA0_Channel6_IRQHandler                 0x080051a9   Thumb Code     0  startup_gd32a50x.o(.text)
    DMA1_Channel0_IRQHandler                 0x080051a9   Thumb Code     0  startup_gd32a50x.o(.text)
    DMA1_Channel1_IRQHandler                 0x080051a9   Thumb Code     0  startup_gd32a50x.o(.text)
    DMA1_Channel2_IRQHandler                 0x080051a9   Thumb Code     0  startup_gd32a50x.o(.text)
    DMA1_Channel3_IRQHandler                 0x080051a9   Thumb Code     0  startup_gd32a50x.o(.text)
    DMA1_Channel4_IRQHandler                 0x080051a9   Thumb Code     0  startup_gd32a50x.o(.text)
    DMAMUX_IRQHandler                        0x080051a9   Thumb Code     0  startup_gd32a50x.o(.text)
    EXTI0_IRQHandler                         0x080051a9   Thumb Code     0  startup_gd32a50x.o(.text)
    EXTI10_15_IRQHandler                     0x080051a9   Thumb Code     0  startup_gd32a50x.o(.text)
    EXTI1_IRQHandler                         0x080051a9   Thumb Code     0  startup_gd32a50x.o(.text)
    EXTI2_IRQHandler                         0x080051a9   Thumb Code     0  startup_gd32a50x.o(.text)
    EXTI3_IRQHandler                         0x080051a9   Thumb Code     0  startup_gd32a50x.o(.text)
    EXTI4_IRQHandler                         0x080051a9   Thumb Code     0  startup_gd32a50x.o(.text)
    EXTI5_9_IRQHandler                       0x080051a9   Thumb Code     0  startup_gd32a50x.o(.text)
    FMC_IRQHandler                           0x080051a9   Thumb Code     0  startup_gd32a50x.o(.text)
    FPU_IRQHandler                           0x080051a9   Thumb Code     0  startup_gd32a50x.o(.text)
    I2C0_ER_IRQHandler                       0x080051a9   Thumb Code     0  startup_gd32a50x.o(.text)
    I2C0_EV_IRQHandler                       0x080051a9   Thumb Code     0  startup_gd32a50x.o(.text)
    I2C1_ER_IRQHandler                       0x080051a9   Thumb Code     0  startup_gd32a50x.o(.text)
    I2C1_EV_IRQHandler                       0x080051a9   Thumb Code     0  startup_gd32a50x.o(.text)
    LVD_IRQHandler                           0x080051a9   Thumb Code     0  startup_gd32a50x.o(.text)
    MFCOM_IRQHandler                         0x080051a9   Thumb Code     0  startup_gd32a50x.o(.text)
    OVD_IRQHandler                           0x080051a9   Thumb Code     0  startup_gd32a50x.o(.text)
    RCU_IRQHandler                           0x080051a9   Thumb Code     0  startup_gd32a50x.o(.text)
    RTC_IRQHandler                           0x080051a9   Thumb Code     0  startup_gd32a50x.o(.text)
    SPI0_IRQHandler                          0x080051a9   Thumb Code     0  startup_gd32a50x.o(.text)
    SPI1_IRQHandler                          0x080051a9   Thumb Code     0  startup_gd32a50x.o(.text)
    SRAMC_ECCSE_IRQHandler                   0x080051a9   Thumb Code     0  startup_gd32a50x.o(.text)
    TAMPER_IRQHandler                        0x080051a9   Thumb Code     0  startup_gd32a50x.o(.text)
    TIMER0_BRK_UP_TRG_CMT_IRQHandler         0x080051a9   Thumb Code     0  startup_gd32a50x.o(.text)
    TIMER0_Channel_IRQHandler                0x080051a9   Thumb Code     0  startup_gd32a50x.o(.text)
    TIMER19_BRK_UP_TRG_CMT_IRQHandler        0x080051a9   Thumb Code     0  startup_gd32a50x.o(.text)
    TIMER19_Channel_IRQHandler               0x080051a9   Thumb Code     0  startup_gd32a50x.o(.text)
    TIMER1_IRQHandler                        0x080051a9   Thumb Code     0  startup_gd32a50x.o(.text)
    TIMER20_BRK_UP_TRG_CMT_IRQHandler        0x080051a9   Thumb Code     0  startup_gd32a50x.o(.text)
    TIMER20_Channel_IRQHandler               0x080051a9   Thumb Code     0  startup_gd32a50x.o(.text)
    TIMER5_DAC_IRQHandler                    0x080051a9   Thumb Code     0  startup_gd32a50x.o(.text)
    TIMER6_IRQHandler                        0x080051a9   Thumb Code     0  startup_gd32a50x.o(.text)
    TIMER7_BRK_UP_TRG_CMT_IRQHandler         0x080051a9   Thumb Code     0  startup_gd32a50x.o(.text)
    TIMER7_Channel_IRQHandler                0x080051a9   Thumb Code     0  startup_gd32a50x.o(.text)
    USART0_IRQHandler                        0x080051a9   Thumb Code     0  startup_gd32a50x.o(.text)
    USART1_IRQHandler                        0x080051a9   Thumb Code     0  startup_gd32a50x.o(.text)
    USART2_IRQHandler                        0x080051a9   Thumb Code     0  startup_gd32a50x.o(.text)
    WWDGT_IRQHandler                         0x080051a9   Thumb Code     0  startup_gd32a50x.o(.text)
    __scatterload                            0x080051b9   Thumb Code    28  init.o(.text)
    __scatterload_rt2                        0x080051b9   Thumb Code     0  init.o(.text)
    HardFault_Handler                        0x080051dd   Thumb Code     4  gd32a50x_it.o(.text.HardFault_Handler)
    NMI_Handler                              0x080051e1   Thumb Code     2  gd32a50x_it.o(.text.NMI_Handler)
    PendSV_Handler                           0x080051e5   Thumb Code     2  gd32a50x_it.o(.text.PendSV_Handler)
    SVC_Handler                              0x080051e9   Thumb Code     2  gd32a50x_it.o(.text.SVC_Handler)
    SysTick_Handler                          0x080051ed   Thumb Code     8  gd32a50x_it.o(.text.SysTick_Handler)
    delay_decrement                          0x080051f5   Thumb Code    32  systick.o(.text.delay_decrement)
    gpio_mode_set                            0x08005215   Thumb Code   156  gd32a50x_gpio.o(.text.gpio_mode_set)
    main                                     0x080052b1   Thumb Code   166  main.o(.text.main)
    nvic_vector_table_set                    0x08005359   Thumb Code    40  gd32a50x_misc.o(.text.nvic_vector_table_set)
    __scatterload_copy                       0x08005381   Thumb Code    14  handlers.o(i.__scatterload_copy)
    __scatterload_null                       0x0800538f   Thumb Code     2  handlers.o(i.__scatterload_null)
    __scatterload_zeroinit                   0x08005391   Thumb Code    14  handlers.o(i.__scatterload_zeroinit)
    Region$$Table$$Base                      0x080053a0   Number         0  anon$$obj.o(Region$$Table)
    Region$$Table$$Limit                     0x080053b0   Number         0  anon$$obj.o(Region$$Table)
    __initial_sp                             0x20000808   Data           0  startup_gd32a50x.o(STACK)



==============================================================================

Memory Map of the image

  Image Entry point : 0x0800515d

  Load Region LR_IROM1 (Base: 0x08005000, Size: 0x000003b0, Max: 0x00060000, ABSOLUTE)

    Execution Region ER_IROM1 (Exec base: 0x08005000, Load base: 0x08005000, Size: 0x000003b0, Max: 0x00060000, ABSOLUTE)

    Exec Addr    Load Addr    Size         Type   Attr      Idx    E Section Name        Object

    0x08005000   0x08005000   0x0000015c   Data   RO         1723    RESET               startup_gd32a50x.o
    0x0800515c   0x0800515c   0x00000000   Code   RO         1730  * .ARM.Collect$$$$00000000  mc_w.l(entry.o)
    0x0800515c   0x0800515c   0x00000004   Code   RO         1733    .ARM.Collect$$$$00000001  mc_w.l(entry2.o)
    0x08005160   0x08005160   0x00000004   Code   RO         1736    .ARM.Collect$$$$00000004  mc_w.l(entry5.o)
    0x08005164   0x08005164   0x00000000   Code   RO         1738    .ARM.Collect$$$$00000008  mc_w.l(entry7b.o)
    0x08005164   0x08005164   0x00000000   Code   RO         1740    .ARM.Collect$$$$0000000A  mc_w.l(entry8b.o)
    0x08005164   0x08005164   0x00000008   Code   RO         1741    .ARM.Collect$$$$0000000B  mc_w.l(entry9a.o)
    0x0800516c   0x0800516c   0x00000000   Code   RO         1743    .ARM.Collect$$$$0000000D  mc_w.l(entry10a.o)
    0x0800516c   0x0800516c   0x00000000   Code   RO         1745    .ARM.Collect$$$$0000000F  mc_w.l(entry11a.o)
    0x0800516c   0x0800516c   0x00000004   Code   RO         1734    .ARM.Collect$$$$00002712  mc_w.l(entry2.o)
    0x08005170   0x08005170   0x00000048   Code   RO         1724    .text               startup_gd32a50x.o
    0x080051b8   0x080051b8   0x00000024   Code   RO         1747    .text               mc_w.l(init.o)
    0x080051dc   0x080051dc   0x00000004   Code   RO           31    .text.HardFault_Handler  gd32a50x_it.o
    0x080051e0   0x080051e0   0x00000002   Code   RO           29    .text.NMI_Handler   gd32a50x_it.o
    0x080051e2   0x080051e2   0x00000002   PAD
    0x080051e4   0x080051e4   0x00000002   Code   RO           35    .text.PendSV_Handler  gd32a50x_it.o
    0x080051e6   0x080051e6   0x00000002   PAD
    0x080051e8   0x080051e8   0x00000002   Code   RO           33    .text.SVC_Handler   gd32a50x_it.o
    0x080051ea   0x080051ea   0x00000002   PAD
    0x080051ec   0x080051ec   0x00000008   Code   RO           37    .text.SysTick_Handler  gd32a50x_it.o
    0x080051f4   0x080051f4   0x00000020   Code   RO           19    .text.delay_decrement  systick.o
    0x08005214   0x08005214   0x0000009c   Code   RO          761    .text.gpio_mode_set  gd32a50x_gpio.o
    0x080052b0   0x080052b0   0x000000a6   Code   RO            2    .text.main          main.o
    0x08005356   0x08005356   0x00000002   PAD
    0x08005358   0x08005358   0x00000028   Code   RO         1018    .text.nvic_vector_table_set  gd32a50x_misc.o
    0x08005380   0x08005380   0x0000000e   Code   RO         1751    i.__scatterload_copy  mc_w.l(handlers.o)
    0x0800538e   0x0800538e   0x00000002   Code   RO         1752    i.__scatterload_null  mc_w.l(handlers.o)
    0x08005390   0x08005390   0x0000000e   Code   RO         1753    i.__scatterload_zeroinit  mc_w.l(handlers.o)
    0x0800539e   0x0800539e   0x00000002   PAD
    0x080053a0   0x080053a0   0x00000010   Data   RO         1750    Region$$Table       anon$$obj.o


    Execution Region RW_IRAM1 (Exec base: 0x20000000, Load base: 0x080053b0, Size: 0x00000808, Max: 0x0000c000, ABSOLUTE)

    Exec Addr    Load Addr    Size         Type   Attr      Idx    E Section Name        Object

    0x20000000        -       0x00000004   Zero   RW           21    .bss.delay          systick.o
    0x20000004   0x080053b0   0x00000004   PAD
    0x20000008        -       0x00000800   Zero   RW         1721    STACK               startup_gd32a50x.o


==============================================================================

Image component sizes


      Code (inc. data)   RO Data    RW Data    ZI Data      Debug   Object Name

       156          0          0          0          0       4389   gd32a50x_gpio.o
        18          0          0          0          0        710   gd32a50x_it.o
        40          0          0          0          0       5718   gd32a50x_misc.o
       166          0          0          0          0       1309   main.o
        72         14        348          0       2048        948   startup_gd32a50x.o
        32          0          0          0          4       4645   systick.o

    ----------------------------------------------------------------------
       492         14        364          0       2056      17719   Object Totals
         0          0         16          0          0          0   (incl. Generated)
         8          0          0          0          4          0   (incl. Padding)

    ----------------------------------------------------------------------

      Code (inc. data)   RO Data    RW Data    ZI Data      Debug   Library Member Name

         0          0          0          0          0          0   entry.o
         0          0          0          0          0          0   entry10a.o
         0          0          0          0          0          0   entry11a.o
         8          4          0          0          0          0   entry2.o
         4          0          0          0          0          0   entry5.o
         0          0          0          0          0          0   entry7b.o
         0          0          0          0          0          0   entry8b.o
         8          4          0          0          0          0   entry9a.o
        30          0          0          0          0          0   handlers.o
        36          8          0          0          0         68   init.o

    ----------------------------------------------------------------------
        88         16          0          0          0         68   Library Totals
         2          0          0          0          0          0   (incl. Padding)

    ----------------------------------------------------------------------

      Code (inc. data)   RO Data    RW Data    ZI Data      Debug   Library Name

        86         16          0          0          0         68   mc_w.l

    ----------------------------------------------------------------------
        88         16          0          0          0         68   Library Totals

    ----------------------------------------------------------------------

==============================================================================


      Code (inc. data)   RO Data    RW Data    ZI Data      Debug   

       580         30        364          0       2056      17911   Grand Totals
       580         30        364          0       2056      17911   ELF Image Totals
       580         30        364          0          0          0   ROM Totals

==============================================================================

    Total RO  Size (Code + RO Data)                  944 (   0.92kB)
    Total RW  Size (RW Data + ZI Data)              2056 (   2.01kB)
    Total ROM Size (Code + RO Data + RW Data)        944 (   0.92kB)

==============================================================================

