<html>
<body>
<pre>
<h1>µVision Build Log</h1>
<h2>Tool Versions:</h2>
IDE-Version: ¦ÌVision V5.36.0.0
Copyright (C) 2021 ARM Ltd and ARM Germany GmbH. All rights reserved.
License Information: lll sunlord lll Flex license: MDK Plus 5.36 (Flex): 3 user(s) (mdk_plus) Support: Dec 2022
 
Tool Versions:
Toolchain:       MDK Plus 5.36 (Flex): 3 user(s)  Version: 5.36.0.0
Toolchain Path:  C:\Keil_v5\ARM\ARMCLANG\Bin
C Compiler:      ArmClang.exe V6.16
Assembler:       Armasm.exe V6.16
Linker/Locator:  ArmLink.exe V6.16
Library Manager: ArmAr.exe V6.16
Hex Converter:   FromElf.exe V6.16
CPU DLL:         
Dialog DLL:      
Target DLL:      Segger\JL2CM3.dll V2.99.40.0
Dialog DLL:      TCM.DLL V1.53.0.0
 
<h2>Project:</h2>
E:\OneDrive\Going-On\20230925 - BOE_ChengDu\HSJM\v1.0\HSJM_APP\Template\Keil_project\Project.uvprojx
Project File Date:  01/04/2024

<h2>Output:</h2>
*** Using Compiler 'V6.16', folder: 'C:\Keil_v5\ARM\ARMCLANG\Bin'
Build target 'GD32A50x'
../../User/Update.c(51): warning: implicitly declaring library function 'memcpy' with type 'void *(void *, const void *, unsigned int)' [-Wimplicit-function-declaration]
    memcpy(Update_tI2cSlave.Send_Buff, source, sizeof(Std_Receive_Arr.RequestBootloaderAccess));
    ^
../../User/Update.c(51): note: include the header <string.h> or explicitly provide a declaration for 'memcpy'
../../User/Update.c(62): warning: passing 'uint8_t const[7]' to parameter of type 'uint8_t *' (aka 'unsigned char *') discards qualifiers [-Wincompatible-pointer-types-discards-qualifiers]
                        if(compareArrays(Update_tI2cSlave.RecBuff, Std_Receive_Arr.RequestBootloaderAccess, sizeof(Std_Receive_Arr.RequestBootloaderAccess)) == true)
                                                                   ^~~~~~~~~~~~~~~~~~~~~~~~~~~~~~~~~~~~~~~
../../User/Update.h(91): note: passing argument to parameter 'arr2' here
bool compareArrays(uint8_t arr1[], uint8_t arr2[], uint8_t size);
                                           ^
../../User/Update.c(66): warning: passing 'uint8_t const[7]' to parameter of type 'uint8_t *' (aka 'unsigned char *') discards qualifiers [-Wincompatible-pointer-types-discards-qualifiers]
                                Notice_master_to_read(Std_Replay_Arr.RequestBootloaderAccess);
                                                      ^~~~~~~~~~~~~~~~~~~~~~~~~~~~~~~~~~~~~~
../../User/Update.c(49): note: passing argument to parameter 'source' here
void Notice_master_to_read(uint8_t *source) 
                                    ^
../../User/Update.c(71): warning: passing 'uint8_t const[9]' to parameter of type 'uint8_t *' (aka 'unsigned char *') discards qualifiers [-Wincompatible-pointer-types-discards-qualifiers]
                        if(compareArrays(Update_tI2cSlave.RecBuff, Std_Receive_Arr.InputAccessKey1, sizeof(Std_Receive_Arr.InputAccessKey2)) == true)
                                                                   ^~~~~~~~~~~~~~~~~~~~~~~~~~~~~~~
../../User/Update.h(91): note: passing argument to parameter 'arr2' here
bool compareArrays(uint8_t arr1[], uint8_t arr2[], uint8_t size);
                                           ^
../../User/Update.c(73): warning: passing 'uint8_t const[7]' to parameter of type 'uint8_t *' (aka 'unsigned char *') discards qualifiers [-Wincompatible-pointer-types-discards-qualifiers]
                                Notice_master_to_read(Std_Replay_Arr.InputAccessKey1);
                                                      ^~~~~~~~~~~~~~~~~~~~~~~~~~~~~~
../../User/Update.c(49): note: passing argument to parameter 'source' here
void Notice_master_to_read(uint8_t *source) 
                                    ^
../../User/Update.c(78): warning: passing 'uint8_t const[9]' to parameter of type 'uint8_t *' (aka 'unsigned char *') discards qualifiers [-Wincompatible-pointer-types-discards-qualifiers]
                        if(compareArrays(Update_tI2cSlave.RecBuff, Std_Receive_Arr.InputAccessKey2, sizeof(Std_Receive_Arr.InputAccessKey2)) == true)
                                                                   ^~~~~~~~~~~~~~~~~~~~~~~~~~~~~~~
../../User/Update.h(91): note: passing argument to parameter 'arr2' here
bool compareArrays(uint8_t arr1[], uint8_t arr2[], uint8_t size);
                                           ^
../../User/Update.c(80): warning: passing 'uint8_t const[7]' to parameter of type 'uint8_t *' (aka 'unsigned char *') discards qualifiers [-Wincompatible-pointer-types-discards-qualifiers]
                                Notice_master_to_read(Std_Replay_Arr.InputAccessKey2);
                                                      ^~~~~~~~~~~~~~~~~~~~~~~~~~~~~~
../../User/Update.c(49): note: passing argument to parameter 'source' here
void Notice_master_to_read(uint8_t *source) 
                                    ^
../../User/Update.c(102): warning: passing 'uint8_t const[7]' to parameter of type 'uint8_t *' (aka 'unsigned char *') discards qualifiers [-Wincompatible-pointer-types-discards-qualifiers]
        Notice_master_to_read(Std_Replay_Arr.RequestBootloaderAccess);
                              ^~~~~~~~~~~~~~~~~~~~~~~~~~~~~~~~~~~~~~
../../User/Update.c(49): note: passing argument to parameter 'source' here
void Notice_master_to_read(uint8_t *source) 
                                    ^
../../User/Update.c(141): warning: passing 'uint8_t const[11]' to parameter of type 'uint8_t *' (aka 'unsigned char *') discards qualifiers [-Wincompatible-pointer-types-discards-qualifiers]
        if(compareArrays(Update_tI2cSlave.RecBuff, Std_Receive_Arr.QueryBootloaderStatus, sizeof(Std_Receive_Arr.QueryBootloaderStatus)) == true)
                                                   ^~~~~~~~~~~~~~~~~~~~~~~~~~~~~~~~~~~~~
../../User/Update.h(91): note: passing argument to parameter 'arr2' here
bool compareArrays(uint8_t arr1[], uint8_t arr2[], uint8_t size);
                                           ^
../../User/Update.c(222): warning: implicitly declaring library function 'memset' with type 'void *(void *, int, unsigned int)' [-Wimplicit-function-declaration]
        memset(S19_Fire.Bin_Data_Array, 0xFF, sizeof(S19_Fire.Bin_Data_Array));
        ^
../../User/Update.c(222): note: include the header <string.h> or explicitly provide a declaration for 'memset'
10 warnings generated.
compiling Update.c...
linking...
Program Size: Code=27328 RO-data=1156 RW-data=16 ZI-data=4032  
After Build - User command #1: fromelf.exe --bin --bincombined --bincombined_padding=1,0xff --output ../../outfile.bin  .\Objects\Project.axf
".\Objects\Project.axf" - 0 Error(s), 10 Warning(s).

<h2>Software Packages used:</h2>

Package Vendor: ARM
                http://www.keil.com/pack/ARM.CMSIS.5.8.0.pack
                ARM.CMSIS.5.8.0
                CMSIS (Common Microcontroller Software Interface Standard)
   * Component: CORE Version: 5.5.0

Package Vendor: GigaDevice
                http://gd32mcu.21ic.com/data/documents/yingyongruanjian/GigaDevice.GD32A50x_DFP.1.1.0.pack
                GigaDevice.GD32A50x_DFP.1.1.0
                GigaDevice GD32A50x Series Device Support and Examples

<h2>Collection of Component include folders:</h2>
  .\RTE\_GD32A50x
  C:\Users\sunlord\AppData\Local\Arm\Packs\ARM\CMSIS\5.8.0\CMSIS\Core\Include

<h2>Collection of Component Files used:</h2>

   * Component: ARM::CMSIS:CORE:5.5.0
Build Time Elapsed:  00:00:03
</pre>
</body>
</html>
