Component: ARM Compiler 6.16 Tool: armlink [5dfeaa00]

==============================================================================

Section Cross References

    gd32a50x_it.o(.ARM.exidx.text.NMI_Handler) refers to gd32a50x_it.o(.text.NMI_Handler) for [Anonymous Symbol]
    gd32a50x_it.o(.ARM.exidx.text.HardFault_Handler) refers to gd32a50x_it.o(.text.HardFault_Handler) for [Anonymous Symbol]
    gd32a50x_it.o(.ARM.exidx.text.MemManage_Handler) refers to gd32a50x_it.o(.text.MemManage_Handler) for [Anonymous Symbol]
    gd32a50x_it.o(.ARM.exidx.text.BusFault_Handler) refers to gd32a50x_it.o(.text.BusFault_Handler) for [Anonymous Symbol]
    gd32a50x_it.o(.ARM.exidx.text.UsageFault_Handler) refers to gd32a50x_it.o(.text.UsageFault_Handler) for [Anonymous Symbol]
    gd32a50x_it.o(.ARM.exidx.text.SVC_Handler) refers to gd32a50x_it.o(.text.SVC_Handler) for [Anonymous Symbol]
    gd32a50x_it.o(.ARM.exidx.text.DebugMon_Handler) refers to gd32a50x_it.o(.text.DebugMon_Handler) for [Anonymous Symbol]
    gd32a50x_it.o(.ARM.exidx.text.PendSV_Handler) refers to gd32a50x_it.o(.text.PendSV_Handler) for [Anonymous Symbol]
    gd32a50x_it.o(.text.SysTick_Handler) refers to systick.o(.text.delay_decrement) for delay_decrement
    gd32a50x_it.o(.text.SysTick_Handler) refers to gd32a50x_it.o(.bss.count) for count
    gd32a50x_it.o(.text.SysTick_Handler) refers to gd32a50x_it.o(.bss.Task100msflg) for Task100msflg
    gd32a50x_it.o(.ARM.exidx.text.SysTick_Handler) refers to gd32a50x_it.o(.text.SysTick_Handler) for [Anonymous Symbol]
    gd32a50x_it.o(.text.TIMER1_IRQHandler) refers to gd32a50x_timer.o(.text.timer_interrupt_flag_get) for timer_interrupt_flag_get
    gd32a50x_it.o(.text.TIMER1_IRQHandler) refers to gd32a50x_timer.o(.text.timer_interrupt_flag_clear) for timer_interrupt_flag_clear
    gd32a50x_it.o(.text.TIMER1_IRQHandler) refers to power.o(.bss.Power) for Power
    gd32a50x_it.o(.text.TIMER1_IRQHandler) refers to backlight.o(.bss.Backlight) for Backlight
    gd32a50x_it.o(.text.TIMER1_IRQHandler) refers to external_detection.o(.bss.IO_Detection) for IO_Detection
    gd32a50x_it.o(.text.TIMER1_IRQHandler) refers to gd32a50x_it.o(.bss.Counter_1ms) for Counter_1ms
    gd32a50x_it.o(.text.TIMER1_IRQHandler) refers to gd32a50x_gpio.o(.text.gpio_bit_set) for gpio_bit_set
    gd32a50x_it.o(.text.TIMER1_IRQHandler) refers to gd32a50x_it.o(.bss.IRQ_100ms) for IRQ_100ms
    gd32a50x_it.o(.ARM.exidx.text.TIMER1_IRQHandler) refers to gd32a50x_it.o(.text.TIMER1_IRQHandler) for [Anonymous Symbol]
    gd32a50x_it.o(.text.TIMER5_DAC_IRQHandler) refers to gd32a50x_timer.o(.text.timer_interrupt_flag_get) for timer_interrupt_flag_get
    gd32a50x_it.o(.text.TIMER5_DAC_IRQHandler) refers to gd32a50x_timer.o(.text.timer_interrupt_flag_clear) for timer_interrupt_flag_clear
    gd32a50x_it.o(.text.TIMER5_DAC_IRQHandler) refers to control.o(.bss.ScreenLitAfterStartup) for ScreenLitAfterStartup
    gd32a50x_it.o(.text.TIMER5_DAC_IRQHandler) refers to readdataframe.o(.text.ReadFrameTransmit) for ReadFrameTransmit
    gd32a50x_it.o(.text.TIMER5_DAC_IRQHandler) refers to gd32a50x_gpio.o(.text.gpio_bit_reset) for gpio_bit_reset
    gd32a50x_it.o(.text.TIMER5_DAC_IRQHandler) refers to gd32a50x_it.o(.bss.Counter_1ms) for Counter_1ms
    gd32a50x_it.o(.ARM.exidx.text.TIMER5_DAC_IRQHandler) refers to gd32a50x_it.o(.text.TIMER5_DAC_IRQHandler) for [Anonymous Symbol]
    gd32a50x_it.o(.text.TIMER6_IRQHandler) refers to gd32a50x_timer.o(.text.timer_interrupt_flag_get) for timer_interrupt_flag_get
    gd32a50x_it.o(.text.TIMER6_IRQHandler) refers to gd32a50x_timer.o(.text.timer_interrupt_flag_clear) for timer_interrupt_flag_clear
    gd32a50x_it.o(.text.TIMER6_IRQHandler) refers to gd32a50x_it.o(.bss.i5) for i5
    gd32a50x_it.o(.text.TIMER6_IRQHandler) refers to gd32a50x_misc.o(.text.nvic_irq_enable) for nvic_irq_enable
    gd32a50x_it.o(.text.TIMER6_IRQHandler) refers to gd32a50x_it.o(.bss.i6) for i6
    gd32a50x_it.o(.text.TIMER6_IRQHandler) refers to readdataframe.o(.text.ReadFrameTransmit) for ReadFrameTransmit
    gd32a50x_it.o(.text.TIMER6_IRQHandler) refers to gd32a50x_gpio.o(.text.gpio_bit_reset) for gpio_bit_reset
    gd32a50x_it.o(.text.TIMER6_IRQHandler) refers to gd32a50x_it.o(.bss.Counter_1ms) for Counter_1ms
    gd32a50x_it.o(.ARM.exidx.text.TIMER6_IRQHandler) refers to gd32a50x_it.o(.text.TIMER6_IRQHandler) for [Anonymous Symbol]
    main.o(.text.main) refers to gd32a50x_misc.o(.text.nvic_vector_table_set) for nvic_vector_table_set
    main.o(.text.main) refers to initialization.o(.text.Initialization) for Initialization
    main.o(.text.main) refers to fmc_app.o(.text.fmc_uint64_program) for fmc_uint64_program
    main.o(.text.main) refers to max96752.o(.text.MAX96752_REG_Config) for MAX96752_REG_Config
    main.o(.text.main) refers to i2c_app.o(.text.I2C_Slave_Config) for I2C_Slave_Config
    main.o(.text.main) refers to systick.o(.text.delay_1ms) for delay_1ms
[...]
    [Anonymous Symbol]                       0x080086bc   Section        0  gd32a50x_it.o(.text.UsageFault_Handler)
    [Anonymous Symbol]                       0x080086c0   Section        0  writedataframe.o(.text.WriteFrameTransmit)
    __NVIC_DisableIRQ                        0x08008a25   Thumb Code    56  gd32a50x_misc.o(.text.__NVIC_DisableIRQ)
    [Anonymous Symbol]                       0x08008a24   Section        0  gd32a50x_misc.o(.text.__NVIC_DisableIRQ)
    __NVIC_SetPriority                       0x08008a5d   Thumb Code    66  systick.o(.text.__NVIC_SetPriority)
    [Anonymous Symbol]                       0x08008a5c   Section        0  systick.o(.text.__NVIC_SetPriority)
    [Anonymous Symbol]                       0x08008aa0   Section        0  adc_app.o(.text.adc_NTC_config)
    [Anonymous Symbol]                       0x08008b28   Section        0  gd32a50x_adc.o(.text.adc_calibration_enable)
    [Anonymous Symbol]                       0x08008b64   Section        0  gd32a50x_adc.o(.text.adc_channel_length_config)
    [Anonymous Symbol]                       0x08008bd4   Section        0  gd32a50x_adc.o(.text.adc_data_alignment_config)
    [Anonymous Symbol]                       0x08008bfc   Section        0  gd32a50x_adc.o(.text.adc_deinit)
    [Anonymous Symbol]                       0x08008c50   Section        0  gd32a50x_adc.o(.text.adc_enable)
    [Anonymous Symbol]                       0x08008c70   Section        0  gd32a50x_adc.o(.text.adc_external_trigger_config)
    [Anonymous Symbol]                       0x08008ce8   Section        0  gd32a50x_adc.o(.text.adc_external_trigger_source_config)
    [Anonymous Symbol]                       0x08008d3c   Section        0  gd32a50x_adc.o(.text.adc_flag_clear)
    [Anonymous Symbol]                       0x08008d50   Section        0  gd32a50x_adc.o(.text.adc_flag_get)
    [Anonymous Symbol]                       0x08008d78   Section        0  ntc.o(.text.adc_mean_filter)
    [Anonymous Symbol]                       0x08008de4   Section        0  gd32a50x_adc.o(.text.adc_mode_config)
    [Anonymous Symbol]                       0x08008e04   Section        0  gd32a50x_adc.o(.text.adc_oversample_mode_config)
    [Anonymous Symbol]                       0x08008e68   Section        0  gd32a50x_adc.o(.text.adc_oversample_mode_enable)
    [Anonymous Symbol]                       0x08008e80   Section        0  gd32a50x_adc.o(.text.adc_regular_channel_config)
    [Anonymous Symbol]                       0x08008ff4   Section        0  gd32a50x_adc.o(.text.adc_software_trigger_enable)
    [Anonymous Symbol]                       0x08009030   Section        0  gd32a50x_adc.o(.text.adc_special_function_config)
    [Anonymous Symbol]                       0x080090d8   Section        0  update.o(.text.compareArrays)
    [Anonymous Symbol]                       0x08009128   Section        0  update.o(.text.cx)
    [Anonymous Symbol]                       0x080091c4   Section        0  systick.o(.text.delay_1ms)
    [Anonymous Symbol]                       0x080091ec   Section        0  systick.o(.text.delay_decrement)
    fmc_bank0_ready_wait                     0x0800920d   Thumb Code    92  gd32a50x_fmc.o(.text.fmc_bank0_ready_wait)
    [Anonymous Symbol]                       0x0800920c   Section        0  gd32a50x_fmc.o(.text.fmc_bank0_ready_wait)
    fmc_bank0_state_get                      0x08009269   Thumb Code   210  gd32a50x_fmc.o(.text.fmc_bank0_state_get)
    [Anonymous Symbol]                       0x08009268   Section        0  gd32a50x_fmc.o(.text.fmc_bank0_state_get)
    fmc_bank1_ready_wait                     0x0800933d   Thumb Code    92  gd32a50x_fmc.o(.text.fmc_bank1_ready_wait)
    [Anonymous Symbol]                       0x0800933c   Section        0  gd32a50x_fmc.o(.text.fmc_bank1_ready_wait)
    fmc_bank1_state_get                      0x08009399   Thumb Code   210  gd32a50x_fmc.o(.text.fmc_bank1_state_get)
    [Anonymous Symbol]                       0x08009398   Section        0  gd32a50x_fmc.o(.text.fmc_bank1_state_get)
    [Anonymous Symbol]                       0x0800946c   Section        0  gd32a50x_fmc.o(.text.fmc_doubleword_program)
    [Anonymous Symbol]                       0x08009540   Section        0  fmc_app.o(.text.fmc_erase_pages)
    [Anonymous Symbol]                       0x0800958c   Section        0  gd32a50x_fmc.o(.text.fmc_flag_clear)
    [Anonymous Symbol]                       0x080095fc   Section        0  fmc_app.o(.text.fmc_flags_clear)
    [Anonymous Symbol]                       0x08009638   Section        0  gd32a50x_fmc.o(.text.fmc_lock)
    [Anonymous Symbol]                       0x0800965c   Section        0  gd32a50x_fmc.o(.text.fmc_page_erase)
    [Anonymous Symbol]                       0x08009734   Section        0  fmc_app.o(.text.fmc_uint64_program)
    [Anonymous Symbol]                       0x08009760   Section        0  gd32a50x_fmc.o(.text.fmc_unlock)
    [Anonymous Symbol]                       0x080097c4   Section        0  ntc.o(.text.get_adc_value)
    [Anonymous Symbol]                       0x08009820   Section        0  gd32a50x_gpio.o(.text.gpio_af_set)
    [Anonymous Symbol]                       0x080098f4   Section        0  gd32a50x_gpio.o(.text.gpio_bit_reset)
    [Anonymous Symbol]                       0x08009904   Section        0  gd32a50x_gpio.o(.text.gpio_bit_set)
    [Anonymous Symbol]                       0x08009914   Section        0  gd32a50x_gpio.o(.text.gpio_deinit)
    [Anonymous Symbol]                       0x080099e8   Section        0  gd32a50x_gpio.o(.text.gpio_input_bit_get)
    [Anonymous Symbol]                       0x08009a14   Section        0  gd32a50x_gpio.o(.text.gpio_mode_set)
    [Anonymous Symbol]                       0x08009ab0   Section        0  gd32a50x_gpio.o(.text.gpio_output_options_set)
    [Anonymous Symbol]                       0x08009b44   Section        0  external_detection.o(.text.handshake)
    [Anonymous Symbol]                       0x08009b64   Section        0  external_detection.o(.text.handshake_process)
    [Anonymous Symbol]                       0x08009cac   Section        0  gd32a50x_i2c.o(.text.i2c_address_config)
    [Anonymous Symbol]                       0x08009cd4   Section        0  gd32a50x_i2c.o(.text.i2c_automatic_end_enable)
    [Anonymous Symbol]                       0x08009ce8   Section        0  gd32a50x_i2c.o(.text.i2c_data_receive)
    [Anonymous Symbol]                       0x08009cf8   Section        0  gd32a50x_i2c.o(.text.i2c_data_transmit)
    [Anonymous Symbol]                       0x08009d0c   Section        0  gd32a50x_i2c.o(.text.i2c_deinit)
    [Anonymous Symbol]                       0x08009d60   Section        0  gd32a50x_i2c.o(.text.i2c_enable)
    [Anonymous Symbol]                       0x08009d74   Section        0  gd32a50x_i2c.o(.text.i2c_flag_clear)
    [Anonymous Symbol]                       0x08009d88   Section        0  gd32a50x_i2c.o(.text.i2c_flag_get)
    [Anonymous Symbol]                       0x08009db4   Section        0  gd32a50x_i2c.o(.text.i2c_interrupt_enable)
    [Anonymous Symbol]                       0x08009dc8   Section        0  gd32a50x_i2c.o(.text.i2c_interrupt_flag_clear)
    [Anonymous Symbol]                       0x08009de8   Section        0  gd32a50x_i2c.o(.text.i2c_interrupt_flag_get)
    [Anonymous Symbol]                       0x08009e48   Section        0  gd32a50x_i2c.o(.text.i2c_master_addressing)
    [Anonymous Symbol]                       0x08009e80   Section        0  gd32a50x_i2c.o(.text.i2c_master_clock_config)
    [Anonymous Symbol]                       0x08009ec0   Section        0  gd32a50x_i2c.o(.text.i2c_start_on_bus)
    [Anonymous Symbol]                       0x08009ed4   Section        0  gd32a50x_i2c.o(.text.i2c_timing_config)
    [Anonymous Symbol]                       0x08009f30   Section        0  gd32a50x_i2c.o(.text.i2c_transfer_byte_number_config)
    [Anonymous Symbol]                       0x08009f50   Section        0  main.o(.text.main)
    [Anonymous Symbol]                       0x0800a050   Section        0  gd32a50x_misc.o(.text.nvic_irq_disable)
    [Anonymous Symbol]                       0x0800a064   Section        0  gd32a50x_misc.o(.text.nvic_irq_enable)
    [Anonymous Symbol]                       0x0800a190   Section        0  gd32a50x_misc.o(.text.nvic_priority_group_set)
    [Anonymous Symbol]                       0x0800a1ac   Section        0  gd32a50x_misc.o(.text.nvic_vector_table_set)
    [Anonymous Symbol]                       0x0800a1d4   Section        0  control.o(.text.process_0x81)
    [Anonymous Symbol]                       0x0800a284   Section        0  gd32a50x_rcu.o(.text.rcu_adc_clock_config)
    [Anonymous Symbol]                       0x0800a2b0   Section        0  gd32a50x_rcu.o(.text.rcu_deinit)
    [Anonymous Symbol]                       0x0800a348   Section        0  gd32a50x_rcu.o(.text.rcu_flag_get)
    [Anonymous Symbol]                       0x0800a388   Section        0  gd32a50x_rcu.o(.text.rcu_osci_stab_wait)
    [Anonymous Symbol]                       0x0800a564   Section        0  gd32a50x_rcu.o(.text.rcu_periph_clock_disable)
    [Anonymous Symbol]                       0x0800a58c   Section        0  gd32a50x_rcu.o(.text.rcu_periph_clock_enable)
    [Anonymous Symbol]                       0x0800a5b4   Section        0  gd32a50x_rcu.o(.text.rcu_periph_reset_disable)
    [Anonymous Symbol]                       0x0800a5dc   Section        0  gd32a50x_rcu.o(.text.rcu_periph_reset_enable)
    [Anonymous Symbol]                       0x0800a604   Section        0  ntc.o(.text.readTemper)
    search_data                              0x0800a66d   Thumb Code   114  ntc.o(.text.search_data)
    [Anonymous Symbol]                       0x0800a66c   Section        0  ntc.o(.text.search_data)
    [Anonymous Symbol]                       0x0800a6e0   Section        0  gd32a50x_spi.o(.text.spi_enable)
    [Anonymous Symbol]                       0x0800a6f4   Section        0  gd32a50x_spi.o(.text.spi_i2s_deinit)
    [Anonymous Symbol]                       0x0800a748   Section        0  gd32a50x_spi.o(.text.spi_init)
    [Anonymous Symbol]                       0x0800a7bc   Section        0  gd32a50x_spi.o(.text.spi_nss_output_enable)
    [Anonymous Symbol]                       0x0800a7d0   Section        0  gd32a50x_spi.o(.text.spi_struct_para_init)
    system_clock_100m_pll_irc8m              0x0800a7f9   Thumb Code   278  system_gd32a50x.o(.text.system_clock_100m_pll_irc8m)
    [Anonymous Symbol]                       0x0800a7f8   Section        0  system_gd32a50x.o(.text.system_clock_100m_pll_irc8m)
    system_clock_config                      0x0800a911   Thumb Code     8  system_gd32a50x.o(.text.system_clock_config)
    [Anonymous Symbol]                       0x0800a910   Section        0  system_gd32a50x.o(.text.system_clock_config)
    [Anonymous Symbol]                       0x0800a918   Section        0  systick.o(.text.systick_config)
    temper_calc                              0x0800a94d   Thumb Code   156  ntc.o(.text.temper_calc)
    [Anonymous Symbol]                       0x0800a94c   Section        0  ntc.o(.text.temper_calc)
    [Anonymous Symbol]                       0x0800a9e8   Section        0  gd32a50x_timer.o(.text.timer_auto_reload_shadow_enable)
    [Anonymous Symbol]                       0x0800a9fc   Section        0  gd32a50x_timer.o(.text.timer_channel_output_config)
    [Anonymous Symbol]                       0x0800adac   Section        0  gd32a50x_timer.o(.text.timer_channel_output_mode_config)
    [Anonymous Symbol]                       0x0800aeb0   Section        0  gd32a50x_timer.o(.text.timer_channel_output_pulse_value_config)
    [Anonymous Symbol]                       0x0800af28   Section        0  gd32a50x_timer.o(.text.timer_channel_output_shadow_config)
    [Anonymous Symbol]                       0x0800b02c   Section        0  gd32a50x_timer.o(.text.timer_channel_output_struct_para_init)
    [Anonymous Symbol]                       0x0800b050   Section        0  gd32a50x_timer.o(.text.timer_deinit)
    [Anonymous Symbol]                       0x0800b148   Section        0  gd32a50x_timer.o(.text.timer_enable)
    [Anonymous Symbol]                       0x0800b15c   Section        0  gd32a50x_timer.o(.text.timer_init)
    [Anonymous Symbol]                       0x0800b27c   Section        0  gd32a50x_timer.o(.text.timer_interrupt_enable)
    [Anonymous Symbol]                       0x0800b290   Section        0  gd32a50x_timer.o(.text.timer_interrupt_flag_clear)
    [Anonymous Symbol]                       0x0800b2a4   Section        0  gd32a50x_timer.o(.text.timer_interrupt_flag_get)
    [Anonymous Symbol]                       0x0800b2e0   Section        0  gd32a50x_timer.o(.text.timer_primary_output_config)
    [Anonymous Symbol]                       0x0800b310   Section        0  gd32a50x_timer.o(.text.timer_struct_para_init)
    i.__0printf                              0x0800b338   Section        0  printfa.o(i.__0printf)
    i.__scatterload_copy                     0x0800b358   Section       14  handlers.o(i.__scatterload_copy)
    i.__scatterload_null                     0x0800b366   Section        2  handlers.o(i.__scatterload_null)
    i.__scatterload_zeroinit                 0x0800b368   Section       14  handlers.o(i.__scatterload_zeroinit)
    _fp_digits                               0x0800b379   Thumb Code   366  printfa.o(i._fp_digits)
    i._fp_digits                             0x0800b378   Section        0  printfa.o(i._fp_digits)
    _printf_core                             0x0800b4fd   Thumb Code  1744  printfa.o(i._printf_core)
    i._printf_core                           0x0800b4fc   Section        0  printfa.o(i._printf_core)
    _printf_post_padding                     0x0800bbd9   Thumb Code    36  printfa.o(i._printf_post_padding)
    i._printf_post_padding                   0x0800bbd8   Section        0  printfa.o(i._printf_post_padding)
    _printf_pre_padding                      0x0800bbfd   Thumb Code    46  printfa.o(i._printf_pre_padding)
    i._printf_pre_padding                    0x0800bbfc   Section        0  printfa.o(i._printf_pre_padding)
    i.fputc                                  0x0800bc2a   Section        0  fputc.o(i.fputc)
    ntc_adc                                  0x0800bce4   Data         382  ntc.o(.rodata.ntc_adc)
    [Anonymous Symbol]                       0x0800bce4   Section        0  ntc.o(.rodata.ntc_adc)
    .L.str.4                                 0x0800be62   Data          46  max96752.o(.rodata.str1.1)
    [Anonymous Symbol]                       0x0800be62   Section        0  max96752.o(.rodata.str1.1)
    .L.str.2                                 0x0800be90   Data          46  max96752.o(.rodata.str1.1)
    .L.str.3                                 0x0800bebe   Data          53  max96752.o(.rodata.str1.1)
    .L.str.1                                 0x0800bef3   Data          49  max96752.o(.rodata.str1.1)
    .L.str                                   0x0800bf24   Data          32  max96752.o(.rodata.str1.1)
    .data                                    0x20000000   Section        4  stdout.o(.data)
    delay                                    0x20000688   Data           4  systick.o(.bss.delay)
    [Anonymous Symbol]                       0x20000688   Section        0  systick.o(.bss.delay)
    STACK                                    0x200007d0   Section     2048  startup_gd32a50x.o(STACK)

    Global Symbols

    Symbol Name                              Value     Ov Type        Size  Object(Section)

    BuildAttributes$$THM_ISAv4$E$P$D$K$B$S$7EM$8M$VFPi5$EXTD16$VFPS$VFMA$PE$A:L22UL41UL21$X:L11$S22US41US21$IEEE1$IW$~IW$USESV6$~STKCKD$USESV7$~SHL$OSPACE$ROPI$EBA8$MICROLIB$REQ8$PRES8$EABIv2 0x00000000   Number         0  anon$$obj.o ABSOLUTE
    __cpp_initialize__aeabi_                  - Undefined Weak Reference
    __cxa_finalize                            - Undefined Weak Reference
    __decompress                              - Undefined Weak Reference
    _clock_init                               - Undefined Weak Reference
    _microlib_exit                            - Undefined Weak Reference
    __Vectors_Size                           0x0000015c   Number         0  startup_gd32a50x.o ABSOLUTE
    __Vectors                                0x08005000   Data           4  startup_gd32a50x.o(RESET)
    __Vectors_End                            0x0800515c   Data           0  startup_gd32a50x.o(RESET)
    __main                                   0x0800515d   Thumb Code     0  entry.o(.ARM.Collect$$$$00000000)
    _main_stk                                0x0800515d   Thumb Code     0  entry2.o(.ARM.Collect$$$$00000001)
    _main_scatterload                        0x08005161   Thumb Code     0  entry5.o(.ARM.Collect$$$$00000004)
    __main_after_scatterload                 0x08005165   Thumb Code     0  entry5.o(.ARM.Collect$$$$00000004)
    _main_clock                              0x08005165   Thumb Code     0  entry7b.o(.ARM.Collect$$$$00000008)
    _main_cpp_init                           0x08005165   Thumb Code     0  entry8b.o(.ARM.Collect$$$$0000000A)
    _main_init                               0x08005165   Thumb Code     0  entry9a.o(.ARM.Collect$$$$0000000B)
    __rt_final_cpp                           0x0800516d   Thumb Code     0  entry10a.o(.ARM.Collect$$$$0000000D)
    __rt_final_exit                          0x0800516d   Thumb Code     0  entry11a.o(.ARM.Collect$$$$0000000F)
    Reset_Handler                            0x08005171   Thumb Code    42  startup_gd32a50x.o(.text)
    ADC0_1_IRQHandler                        0x080051ad   Thumb Code     0  startup_gd32a50x.o(.text)
    CAN0_Busoff_IRQHandler                   0x080051ad   Thumb Code     0  startup_gd32a50x.o(.text)
    CAN0_Error_IRQHandler                    0x080051ad   Thumb Code     0  startup_gd32a50x.o(.text)
    CAN0_FastError_IRQHandler                0x080051ad   Thumb Code     0  startup_gd32a50x.o(.text)
    CAN0_Message_IRQHandler                  0x080051ad   Thumb Code     0  startup_gd32a50x.o(.text)
    CAN0_REC_IRQHandler                      0x080051ad   Thumb Code     0  startup_gd32a50x.o(.text)
    CAN0_TEC_IRQHandler                      0x080051ad   Thumb Code     0  startup_gd32a50x.o(.text)
    CAN0_WKUP_IRQHandler                     0x080051ad   Thumb Code     0  startup_gd32a50x.o(.text)
    CAN1_Busoff_IRQHandler                   0x080051ad   Thumb Code     0  startup_gd32a50x.o(.text)
    CAN1_Error_IRQHandler                    0x080051ad   Thumb Code     0  startup_gd32a50x.o(.text)
    CAN1_FastError_IRQHandler                0x080051ad   Thumb Code     0  startup_gd32a50x.o(.text)
    CAN1_Message_IRQHandler                  0x080051ad   Thumb Code     0  startup_gd32a50x.o(.text)
    CAN1_REC_IRQHandler                      0x080051ad   Thumb Code     0  startup_gd32a50x.o(.text)
    CAN1_TEC_IRQHandler                      0x080051ad   Thumb Code     0  startup_gd32a50x.o(.text)
    CAN1_WKUP_IRQHandler                     0x080051ad   Thumb Code     0  startup_gd32a50x.o(.text)
    CMP_IRQHandler                           0x080051ad   Thumb Code     0  startup_gd32a50x.o(.text)
    DMA0_Channel0_IRQHandler                 0x080051ad   Thumb Code     0  startup_gd32a50x.o(.text)
    DMA0_Channel1_IRQHandler                 0x080051ad   Thumb Code     0  startup_gd32a50x.o(.text)
    DMA0_Channel2_IRQHandler                 0x080051ad   Thumb Code     0  startup_gd32a50x.o(.text)
    DMA0_Channel3_IRQHandler                 0x080051ad   Thumb Code     0  startup_gd32a50x.o(.text)
    DMA0_Channel4_IRQHandler                 0x080051ad   Thumb Code     0  startup_gd32a50x.o(.text)
    DMA0_Channel5_IRQHandler                 0x080051ad   Thumb Code     0  startup_gd32a50x.o(.text)
    DMA0_Channel6_IRQHandler                 0x080051ad   Thumb Code     0  startup_gd32a50x.o(.text)
    DMA1_Channel0_IRQHandler                 0x080051ad   Thumb Code     0  startup_gd32a50x.o(.text)
    DMA1_Channel1_IRQHandler                 0x080051ad   Thumb Code     0  startup_gd32a50x.o(.text)
    DMA1_Channel2_IRQHandler                 0x080051ad   Thumb Code     0  startup_gd32a50x.o(.text)
    DMA1_Channel3_IRQHandler                 0x080051ad   Thumb Code     0  startup_gd32a50x.o(.text)
    DMA1_Channel4_IRQHandler                 0x080051ad   Thumb Code     0  startup_gd32a50x.o(.text)
    DMAMUX_IRQHandler                        0x080051ad   Thumb Code     0  startup_gd32a50x.o(.text)
    EXTI0_IRQHandler                         0x080051ad   Thumb Code     0  startup_gd32a50x.o(.text)
    EXTI10_15_IRQHandler                     0x080051ad   Thumb Code     0  startup_gd32a50x.o(.text)
    EXTI1_IRQHandler                         0x080051ad   Thumb Code     0  startup_gd32a50x.o(.text)
    EXTI2_IRQHandler                         0x080051ad   Thumb Code     0  startup_gd32a50x.o(.text)
    EXTI3_IRQHandler                         0x080051ad   Thumb Code     0  startup_gd32a50x.o(.text)
    EXTI4_IRQHandler                         0x080051ad   Thumb Code     0  startup_gd32a50x.o(.text)
    EXTI5_9_IRQHandler                       0x080051ad   Thumb Code     0  startup_gd32a50x.o(.text)
    FMC_IRQHandler                           0x080051ad   Thumb Code     0  startup_gd32a50x.o(.text)
    FPU_IRQHandler                           0x080051ad   Thumb Code     0  startup_gd32a50x.o(.text)
    LVD_IRQHandler                           0x080051ad   Thumb Code     0  startup_gd32a50x.o(.text)
    MFCOM_IRQHandler                         0x080051ad   Thumb Code     0  startup_gd32a50x.o(.text)
    OVD_IRQHandler                           0x080051ad   Thumb Code     0  startup_gd32a50x.o(.text)
    RCU_IRQHandler                           0x080051ad   Thumb Code     0  startup_gd32a50x.o(.text)
    RTC_IRQHandler                           0x080051ad   Thumb Code     0  startup_gd32a50x.o(.text)
    SPI0_IRQHandler                          0x080051ad   Thumb Code     0  startup_gd32a50x.o(.text)
    SPI1_IRQHandler                          0x080051ad   Thumb Code     0  startup_gd32a50x.o(.text)
    SRAMC_ECCSE_IRQHandler                   0x080051ad   Thumb Code     0  startup_gd32a50x.o(.text)
    TAMPER_IRQHandler                        0x080051ad   Thumb Code     0  startup_gd32a50x.o(.text)
    TIMER0_BRK_UP_TRG_CMT_IRQHandler         0x080051ad   Thumb Code     0  startup_gd32a50x.o(.text)
    TIMER0_Channel_IRQHandler                0x080051ad   Thumb Code     0  startup_gd32a50x.o(.text)
    TIMER19_BRK_UP_TRG_CMT_IRQHandler        0x080051ad   Thumb Code     0  startup_gd32a50x.o(.text)
    TIMER19_Channel_IRQHandler               0x080051ad   Thumb Code     0  startup_gd32a50x.o(.text)
    TIMER20_BRK_UP_TRG_CMT_IRQHandler        0x080051ad   Thumb Code     0  startup_gd32a50x.o(.text)
    TIMER20_Channel_IRQHandler               0x080051ad   Thumb Code     0  startup_gd32a50x.o(.text)
    TIMER7_BRK_UP_TRG_CMT_IRQHandler         0x080051ad   Thumb Code     0  startup_gd32a50x.o(.text)
    TIMER7_Channel_IRQHandler                0x080051ad   Thumb Code     0  startup_gd32a50x.o(.text)
    USART0_IRQHandler                        0x080051ad   Thumb Code     0  startup_gd32a50x.o(.text)
    USART1_IRQHandler                        0x080051ad   Thumb Code     0  startup_gd32a50x.o(.text)
    USART2_IRQHandler                        0x080051ad   Thumb Code     0  startup_gd32a50x.o(.text)
    WWDGT_IRQHandler                         0x080051ad   Thumb Code     0  startup_gd32a50x.o(.text)
    abs                                      0x080051c1   Thumb Code     8  siabs.o(.text)
    __aeabi_memcpy                           0x080051c9   Thumb Code    36  memcpya.o(.text)
    __aeabi_memcpy4                          0x080051c9   Thumb Code     0  memcpya.o(.text)
    __aeabi_memcpy8                          0x080051c9   Thumb Code     0  memcpya.o(.text)
    __aeabi_uidiv                            0x080051ed   Thumb Code     0  uidiv.o(.text)
    __aeabi_uidivmod                         0x080051ed   Thumb Code    44  uidiv.o(.text)
    __aeabi_uldivmod                         0x08005219   Thumb Code    98  uldiv.o(.text)
    __I$use$fp                               0x0800527b   Thumb Code     0  iusefp.o(.text)
    __aeabi_dadd                             0x0800527b   Thumb Code   322  dadd.o(.text)
    __aeabi_dsub                             0x080053bd   Thumb Code     6  dadd.o(.text)
    __aeabi_drsub                            0x080053c3   Thumb Code     6  dadd.o(.text)
    __aeabi_dmul                             0x080053c9   Thumb Code   228  dmul.o(.text)
    __aeabi_ddiv                             0x080054ad   Thumb Code   222  ddiv.o(.text)
    __aeabi_d2ulz                            0x0800558b   Thumb Code    48  dfixul.o(.text)
    __aeabi_cdrcmple                         0x080055bd   Thumb Code    48  cdrcmple.o(.text)
    __scatterload                            0x080055ed   Thumb Code    28  init.o(.text)
    __scatterload_rt2                        0x080055ed   Thumb Code     0  init.o(.text)
    __aeabi_llsl                             0x08005611   Thumb Code    30  llshl.o(.text)
    __semihosting_library_function           0x08005611   Thumb Code     0  semi.o(.text)
    _ll_shift_l                              0x08005611   Thumb Code     0  llshl.o(.text)
    __aeabi_llsr                             0x0800562f   Thumb Code    32  llushr.o(.text)
    _ll_ushift_r                             0x0800562f   Thumb Code     0  llushr.o(.text)
    __aeabi_lasr                             0x0800564f   Thumb Code    36  llsshr.o(.text)
    _ll_sshift_r                             0x0800564f   Thumb Code     0  llsshr.o(.text)
    __I$use$semihosting$fputc                0x08005673   Thumb Code     0  iusesemip.o(.text)
    _double_round                            0x08005673   Thumb Code    30  depilogue.o(.text)
    _double_epilogue                         0x08005691   Thumb Code   156  depilogue.o(.text)
    AppInitialization                        0x08005829   Thumb Code    40  initialization.o(.text.AppInitialization)
    BackLightModeConfigureFun                0x08005851   Thumb Code    34  writedataframe.o(.text.BackLightModeConfigureFun)
    BackLightSwitchCmdFun                    0x08005875   Thumb Code    22  writedataframe.o(.text.BackLightSwitchCmdFun)
    Backlight_Brightness_Init                0x0800588d   Thumb Code    48  backlight.o(.text.Backlight_Brightness_Init)
    BusFault_Handler                         0x080058bd   Thumb Code     4  gd32a50x_it.o(.text.BusFault_Handler)
    ChecksumCheck                            0x080058c1   Thumb Code   104  writedataframe.o(.text.ChecksumCheck)
    DebugMon_Handler                         0x08005929   Thumb Code     2  gd32a50x_it.o(.text.DebugMon_Handler)
    ExtUpdateCmd1Fun                         0x0800592d   Thumb Code   160  writedataframe.o(.text.ExtUpdateCmd1Fun)
    ExtUpdateCmd2Fun                         0x080059cd   Thumb Code   160  writedataframe.o(.text.ExtUpdateCmd2Fun)
    ExtUpdateCmd3Fun                         0x08005a6d   Thumb Code   108  writedataframe.o(.text.ExtUpdateCmd3Fun)
    ExtWriteFrameDataWrite                   0x08005ad9   Thumb Code   110  writedataframe.o(.text.ExtWriteFrameDataWrite)
    HardFault_Handler                        0x08005cb9   Thumb Code     4  gd32a50x_it.o(.text.HardFault_Handler)
    I2C0_ER_IRQHandler                       0x08005cbd   Thumb Code   406  i2c_app.o(.text.I2C0_ER_IRQHandler)
    I2C0_EV_IRQHandler                       0x08005e55   Thumb Code   960  i2c_app.o(.text.I2C0_EV_IRQHandler)
    I2C1_ER_IRQHandler                       0x08006215   Thumb Code   406  i2c_app.o(.text.I2C1_ER_IRQHandler)
    I2C1_EV_IRQHandler                       0x080063ad   Thumb Code   962  i2c_app.o(.text.I2C1_EV_IRQHandler)
    I2C_BUS_Reset                            0x08006771   Thumb Code   148  i2c_app.o(.text.I2C_BUS_Reset)
    I2C_Config                               0x08006805   Thumb Code     8  i2c_app.o(.text.I2C_Config)
    I2C_GPIO_Reset                           0x0800680d   Thumb Code    76  i2c_app.o(.text.I2C_GPIO_Reset)
    I2C_Gpio_Config                          0x08006859   Thumb Code    56  i2c_app.o(.text.I2C_Gpio_Config)
    I2C_Master_Config                        0x08006891   Thumb Code    48  i2c_app.o(.text.I2C_Master_Config)
    I2C_Slave_Config                         0x080068c1   Thumb Code   106  i2c_app.o(.text.I2C_Slave_Config)
    I2c1_MasterWriteMulBytes                 0x0800692d   Thumb Code   908  max96752.o(.text.I2c1_MasterWriteMulBytes)
    Initialization                           0x08006cb9   Thumb Code    18  initialization.o(.text.Initialization)
    LcdInformationCheckFun                   0x08006ccd   Thumb Code    22  writedataframe.o(.text.LcdInformationCheckFun)
    MAX96752_REG_Config                      0x08006ce5   Thumb Code   288  max96752.o(.text.MAX96752_REG_Config)
    McuAdcInitialization                     0x08006e05   Thumb Code    22  adc_app.o(.text.McuAdcInitialization)
    McuGpioInitialization                    0x08006e1d   Thumb Code    12  gpio_app.o(.text.McuGpioInitialization)
    McuI2cInitialization                     0x08006e29   Thumb Code    12  i2c_app.o(.text.McuI2cInitialization)
    McuInitialization                        0x08006e35   Thumb Code    32  initialization.o(.text.McuInitialization)
    McuRcuDeinit                             0x08006e55   Thumb Code   148  rcu_app.o(.text.McuRcuDeinit)
    McuRcuInitialization                     0x08006ee9   Thumb Code   140  rcu_app.o(.text.McuRcuInitialization)
    McuSpiInitialize                         0x08006f75   Thumb Code     8  spi_app.o(.text.McuSpiInitialize)
    McuTimerInitialization                   0x08006f7d   Thumb Code    28  timer_app.o(.text.McuTimerInitialization)
    MemManage_Handler                        0x08006f99   Thumb Code     4  gd32a50x_it.o(.text.MemManage_Handler)
    Modify_PWM_Directly                      0x08006f9d   Thumb Code    34  backlight.o(.text.Modify_PWM_Directly)
    NMI_Handler                              0x08006fc1   Thumb Code     2  gd32a50x_it.o(.text.NMI_Handler)
    Notice_master_to_read                    0x08006fc5   Thumb Code    68  update.o(.text.Notice_master_to_read)
    OpenCloseLcdFun                          0x08007009   Thumb Code    22  writedataframe.o(.text.OpenCloseLcdFun)
    PendSV_Handler                           0x08007021   Thumb Code     2  gd32a50x_it.o(.text.PendSV_Handler)
    PowerOn_Order                            0x08007025   Thumb Code   316  power.o(.text.PowerOn_Order)
    PowerOn_Sequence                         0x08007161   Thumb Code    28  power.o(.text.PowerOn_Sequence)
    ReadCmdIdStrInit                         0x0800717d   Thumb Code   356  readdataframe.o(.text.ReadCmdIdStrInit)
    ReadFrameChecksumBuff                    0x080072e1   Thumb Code    78  readdataframe.o(.text.ReadFrameChecksumBuff)
    ReadFrameChecksumCount                   0x08007331   Thumb Code    90  readdataframe.o(.text.ReadFrameChecksumCount)
    ReadFrameTransmit                        0x0800738d   Thumb Code   812  readdataframe.o(.text.ReadFrameTransmit)
    ReadFrameWriteData                       0x080076b9   Thumb Code   738  readdataframe.o(.text.ReadFrameWriteData)
    SPI_Master_Init                          0x0800799d   Thumb Code    94  spi_app.o(.text.SPI_Master_Init)
    SVC_Handler                              0x080079fd   Thumb Code     2  gd32a50x_it.o(.text.SVC_Handler)
    SetFrameTimeoutValueFun                  0x08007a01   Thumb Code    28  writedataframe.o(.text.SetFrameTimeoutValueFun)
    SetTargetDutyCycle                       0x08007a1d   Thumb Code   504  backlight.o(.text.SetTargetDutyCycle)
    StdWriteFrameDataWrite                   0x08007c15   Thumb Code    98  writedataframe.o(.text.StdWriteFrameDataWrite)
    SysTick_Handler                          0x08007ccd   Thumb Code    56  gd32a50x_it.o(.text.SysTick_Handler)
    SystemInit                               0x08007d05   Thumb Code   330  system_gd32a50x.o(.text.SystemInit)
    TIMER1_IRQHandler                        0x08007e51   Thumb Code   344  gd32a50x_it.o(.text.TIMER1_IRQHandler)
    TIMER5_DAC_IRQHandler                    0x08007fa9   Thumb Code    92  gd32a50x_it.o(.text.TIMER5_DAC_IRQHandler)
    TIMER6_IRQHandler                        0x08008005   Thumb Code   148  gd32a50x_it.o(.text.TIMER6_IRQHandler)
    TimeStampFun                             0x08008099   Thumb Code    40  writedataframe.o(.text.TimeStampFun)
    Timer19_Generate_PWM_config              0x080080c1   Thumb Code   166  timer_app.o(.text.Timer19_Generate_PWM_config)
    Timer1_Generate_1ms_Interrupt            0x08008169   Thumb Code    94  timer_app.o(.text.Timer1_Generate_1ms_Interrupt)
    Timer5_Generate_2s_Interrupt             0x080081c9   Thumb Code    86  timer_app.o(.text.Timer5_Generate_2s_Interrupt)
    Timer6_Generate_1s_Interrupt             0x08008221   Thumb Code    82  timer_app.o(.text.Timer6_Generate_1s_Interrupt)
    TouchChipResetCmdFun                     0x08008275   Thumb Code    22  writedataframe.o(.text.TouchChipResetCmdFun)
    UpdateBacklightController                0x0800828d   Thumb Code   258  backlight.o(.text.UpdateBacklightController)
    UpdateCmdFun                             0x08008391   Thumb Code   120  writedataframe.o(.text.UpdateCmdFun)
    Update_Brightness                        0x08008409   Thumb Code    68  backlight.o(.text.Update_Brightness)
    Update_Process                           0x0800844d   Thumb Code   310  update.o(.text.Update_Process)
    Updating                                 0x08008585   Thumb Code   310  update.o(.text.Updating)
    UsageFault_Handler                       0x080086bd   Thumb Code     4  gd32a50x_it.o(.text.UsageFault_Handler)
    WriteFrameTransmit                       0x080086c1   Thumb Code   868  writedataframe.o(.text.WriteFrameTransmit)
    adc_NTC_config                           0x08008aa1   Thumb Code   136  adc_app.o(.text.adc_NTC_config)
    adc_calibration_enable                   0x08008b29   Thumb Code    60  gd32a50x_adc.o(.text.adc_calibration_enable)
    adc_channel_length_config                0x08008b65   Thumb Code   110  gd32a50x_adc.o(.text.adc_channel_length_config)
    adc_data_alignment_config                0x08008bd5   Thumb Code    40  gd32a50x_adc.o(.text.adc_data_alignment_config)
    adc_deinit                               0x08008bfd   Thumb Code    82  gd32a50x_adc.o(.text.adc_deinit)
    adc_enable                               0x08008c51   Thumb Code    30  gd32a50x_adc.o(.text.adc_enable)
    adc_external_trigger_config              0x08008c71   Thumb Code   120  gd32a50x_adc.o(.text.adc_external_trigger_config)
    adc_external_trigger_source_config       0x08008ce9   Thumb Code    82  gd32a50x_adc.o(.text.adc_external_trigger_source_config)
    adc_flag_clear                           0x08008d3d   Thumb Code    18  gd32a50x_adc.o(.text.adc_flag_clear)
    adc_flag_get                             0x08008d51   Thumb Code    40  gd32a50x_adc.o(.text.adc_flag_get)
    adc_mean_filter                          0x08008d79   Thumb Code   108  ntc.o(.text.adc_mean_filter)
    adc_mode_config                          0x08008de5   Thumb Code    32  gd32a50x_adc.o(.text.adc_mode_config)
    adc_oversample_mode_config               0x08008e05   Thumb Code    98  gd32a50x_adc.o(.text.adc_oversample_mode_config)
    adc_oversample_mode_enable               0x08008e69   Thumb Code    22  gd32a50x_adc.o(.text.adc_oversample_mode_enable)
    adc_regular_channel_config               0x08008e81   Thumb Code   372  gd32a50x_adc.o(.text.adc_regular_channel_config)
    adc_software_trigger_enable              0x08008ff5   Thumb Code    58  gd32a50x_adc.o(.text.adc_software_trigger_enable)
    adc_special_function_config              0x08009031   Thumb Code   166  gd32a50x_adc.o(.text.adc_special_function_config)
    compareArrays                            0x080090d9   Thumb Code    78  update.o(.text.compareArrays)
    cx                                       0x08009129   Thumb Code   154  update.o(.text.cx)
    delay_1ms                                0x080091c5   Thumb Code    38  systick.o(.text.delay_1ms)
    delay_decrement                          0x080091ed   Thumb Code    32  systick.o(.text.delay_decrement)
    fmc_doubleword_program                   0x0800946d   Thumb Code   212  gd32a50x_fmc.o(.text.fmc_doubleword_program)
    fmc_erase_pages                          0x08009541   Thumb Code    76  fmc_app.o(.text.fmc_erase_pages)
    fmc_flag_clear                           0x0800958d   Thumb Code   110  gd32a50x_fmc.o(.text.fmc_flag_clear)
    fmc_flags_clear                          0x080095fd   Thumb Code    60  fmc_app.o(.text.fmc_flags_clear)
    fmc_lock                                 0x08009639   Thumb Code    34  gd32a50x_fmc.o(.text.fmc_lock)
    fmc_page_erase                           0x0800965d   Thumb Code   214  gd32a50x_fmc.o(.text.fmc_page_erase)
    fmc_uint64_program                       0x08009735   Thumb Code    44  fmc_app.o(.text.fmc_uint64_program)
    fmc_unlock                               0x08009761   Thumb Code    98  gd32a50x_fmc.o(.text.fmc_unlock)
    get_adc_value                            0x080097c5   Thumb Code    92  ntc.o(.text.get_adc_value)
    gpio_af_set                              0x08009821   Thumb Code   212  gd32a50x_gpio.o(.text.gpio_af_set)
    gpio_bit_reset                           0x080098f5   Thumb Code    16  gd32a50x_gpio.o(.text.gpio_bit_reset)
    gpio_bit_set                             0x08009905   Thumb Code    16  gd32a50x_gpio.o(.text.gpio_bit_set)
    gpio_deinit                              0x08009915   Thumb Code   212  gd32a50x_gpio.o(.text.gpio_deinit)
    gpio_input_bit_get                       0x080099e9   Thumb Code    42  gd32a50x_gpio.o(.text.gpio_input_bit_get)
    gpio_mode_set                            0x08009a15   Thumb Code   156  gd32a50x_gpio.o(.text.gpio_mode_set)
    gpio_output_options_set                  0x08009ab1   Thumb Code   146  gd32a50x_gpio.o(.text.gpio_output_options_set)
    handshake                                0x08009b45   Thumb Code    30  external_detection.o(.text.handshake)
    handshake_process                        0x08009b65   Thumb Code   328  external_detection.o(.text.handshake_process)
    i2c_address_config                       0x08009cad   Thumb Code    40  gd32a50x_i2c.o(.text.i2c_address_config)
    i2c_automatic_end_enable                 0x08009cd5   Thumb Code    18  gd32a50x_i2c.o(.text.i2c_automatic_end_enable)
    i2c_data_receive                         0x08009ce9   Thumb Code    14  gd32a50x_i2c.o(.text.i2c_data_receive)
    i2c_data_transmit                        0x08009cf9   Thumb Code    18  gd32a50x_i2c.o(.text.i2c_data_transmit)
    i2c_deinit                               0x08009d0d   Thumb Code    82  gd32a50x_i2c.o(.text.i2c_deinit)
    i2c_enable                               0x08009d61   Thumb Code    18  gd32a50x_i2c.o(.text.i2c_enable)
    i2c_flag_clear                           0x08009d75   Thumb Code    20  gd32a50x_i2c.o(.text.i2c_flag_clear)
    i2c_flag_get                             0x08009d89   Thumb Code    42  gd32a50x_i2c.o(.text.i2c_flag_get)
    i2c_interrupt_enable                     0x08009db5   Thumb Code    20  gd32a50x_i2c.o(.text.i2c_interrupt_enable)
    i2c_interrupt_flag_clear                 0x08009dc9   Thumb Code    30  gd32a50x_i2c.o(.text.i2c_interrupt_flag_clear)
    i2c_interrupt_flag_get                   0x08009de9   Thumb Code    94  gd32a50x_i2c.o(.text.i2c_interrupt_flag_get)
    i2c_master_addressing                    0x08009e49   Thumb Code    54  gd32a50x_i2c.o(.text.i2c_master_addressing)
    i2c_master_clock_config                  0x08009e81   Thumb Code    62  gd32a50x_i2c.o(.text.i2c_master_clock_config)
    i2c_start_on_bus                         0x08009ec1   Thumb Code    18  gd32a50x_i2c.o(.text.i2c_start_on_bus)
    i2c_timing_config                        0x08009ed5   Thumb Code    92  gd32a50x_i2c.o(.text.i2c_timing_config)
    i2c_transfer_byte_number_config          0x08009f31   Thumb Code    32  gd32a50x_i2c.o(.text.i2c_transfer_byte_number_config)
    main                                     0x08009f51   Thumb Code   256  main.o(.text.main)
    nvic_irq_disable                         0x0800a051   Thumb Code    20  gd32a50x_misc.o(.text.nvic_irq_disable)
    nvic_irq_enable                          0x0800a065   Thumb Code   298  gd32a50x_misc.o(.text.nvic_irq_enable)
    nvic_priority_group_set                  0x0800a191   Thumb Code    28  gd32a50x_misc.o(.text.nvic_priority_group_set)
    nvic_vector_table_set                    0x0800a1ad   Thumb Code    40  gd32a50x_misc.o(.text.nvic_vector_table_set)
    process_0x81                             0x0800a1d5   Thumb Code   174  control.o(.text.process_0x81)
    rcu_adc_clock_config                     0x0800a285   Thumb Code    44  gd32a50x_rcu.o(.text.rcu_adc_clock_config)
    rcu_deinit                               0x0800a2b1   Thumb Code   152  gd32a50x_rcu.o(.text.rcu_deinit)
    rcu_flag_get                             0x0800a349   Thumb Code    62  gd32a50x_rcu.o(.text.rcu_flag_get)
    rcu_osci_stab_wait                       0x0800a389   Thumb Code   476  gd32a50x_rcu.o(.text.rcu_osci_stab_wait)
    rcu_periph_clock_disable                 0x0800a565   Thumb Code    40  gd32a50x_rcu.o(.text.rcu_periph_clock_disable)
    rcu_periph_clock_enable                  0x0800a58d   Thumb Code    40  gd32a50x_rcu.o(.text.rcu_periph_clock_enable)
    rcu_periph_reset_disable                 0x0800a5b5   Thumb Code    40  gd32a50x_rcu.o(.text.rcu_periph_reset_disable)
    rcu_periph_reset_enable                  0x0800a5dd   Thumb Code    40  gd32a50x_rcu.o(.text.rcu_periph_reset_enable)
    readTemper                               0x0800a605   Thumb Code   104  ntc.o(.text.readTemper)
    spi_enable                               0x0800a6e1   Thumb Code    18  gd32a50x_spi.o(.text.spi_enable)
    spi_i2s_deinit                           0x0800a6f5   Thumb Code    82  gd32a50x_spi.o(.text.spi_i2s_deinit)
    spi_init                                 0x0800a749   Thumb Code   114  gd32a50x_spi.o(.text.spi_init)
    spi_nss_output_enable                    0x0800a7bd   Thumb Code    18  gd32a50x_spi.o(.text.spi_nss_output_enable)
    spi_struct_para_init                     0x0800a7d1   Thumb Code    38  gd32a50x_spi.o(.text.spi_struct_para_init)
    systick_config                           0x0800a919   Thumb Code    50  systick.o(.text.systick_config)
    timer_auto_reload_shadow_enable          0x0800a9e9   Thumb Code    18  gd32a50x_timer.o(.text.timer_auto_reload_shadow_enable)
    timer_channel_output_config              0x0800a9fd   Thumb Code   944  gd32a50x_timer.o(.text.timer_channel_output_config)
    timer_channel_output_mode_config         0x0800adad   Thumb Code   258  gd32a50x_timer.o(.text.timer_channel_output_mode_config)
    timer_channel_output_pulse_value_config  0x0800aeb1   Thumb Code   118  gd32a50x_timer.o(.text.timer_channel_output_pulse_value_config)
    timer_channel_output_shadow_config       0x0800af29   Thumb Code   258  gd32a50x_timer.o(.text.timer_channel_output_shadow_config)
    timer_channel_output_struct_para_init    0x0800b02d   Thumb Code    34  gd32a50x_timer.o(.text.timer_channel_output_struct_para_init)
    timer_deinit                             0x0800b051   Thumb Code   246  gd32a50x_timer.o(.text.timer_deinit)
    timer_enable                             0x0800b149   Thumb Code    18  gd32a50x_timer.o(.text.timer_enable)
    timer_init                               0x0800b15d   Thumb Code   288  gd32a50x_timer.o(.text.timer_init)
    timer_interrupt_enable                   0x0800b27d   Thumb Code    20  gd32a50x_timer.o(.text.timer_interrupt_enable)
    timer_interrupt_flag_clear               0x0800b291   Thumb Code    20  gd32a50x_timer.o(.text.timer_interrupt_flag_clear)
    timer_interrupt_flag_get                 0x0800b2a5   Thumb Code    58  gd32a50x_timer.o(.text.timer_interrupt_flag_get)
    timer_primary_output_config              0x0800b2e1   Thumb Code    46  gd32a50x_timer.o(.text.timer_primary_output_config)
    timer_struct_para_init                   0x0800b311   Thumb Code    38  gd32a50x_timer.o(.text.timer_struct_para_init)
    __0printf                                0x0800b339   Thumb Code    22  printfa.o(i.__0printf)
    __1printf                                0x0800b339   Thumb Code     0  printfa.o(i.__0printf)
    __2printf                                0x0800b339   Thumb Code     0  printfa.o(i.__0printf)
    __c89printf                              0x0800b339   Thumb Code     0  printfa.o(i.__0printf)
    printf                                   0x0800b339   Thumb Code     0  printfa.o(i.__0printf)
    __scatterload_copy                       0x0800b359   Thumb Code    14  handlers.o(i.__scatterload_copy)
    __scatterload_null                       0x0800b367   Thumb Code     2  handlers.o(i.__scatterload_null)
    __scatterload_zeroinit                   0x0800b369   Thumb Code    14  handlers.o(i.__scatterload_zeroinit)
    fputc                                    0x0800bc2b   Thumb Code    18  fputc.o(i.fputc)
    Std_Receive_Arr                          0x0800bc3c   Data          69  update.o(.rodata.Std_Receive_Arr)
    Std_Replay_Arr                           0x0800bc81   Data          98  update.o(.rodata.Std_Replay_Arr)
    Region$$Table$$Base                      0x0800bf44   Number         0  anon$$obj.o(Region$$Table)
    Region$$Table$$Limit                     0x0800bf64   Number         0  anon$$obj.o(Region$$Table)
    __stdout                                 0x20000000   Data           4  stdout.o(.data)
    BootloaderStatus                         0x20000004   Data           1  update.o(.data.BootloaderStatus)
    SystemCoreClock                          0x20000008   Data           4  system_gd32a50x.o(.data.SystemCoreClock)
    pBL_State                                0x2000000c   Data           4  update.o(.data.pBL_State)
    Adc_Value                                0x20000010   Data           2  ntc.o(.bss.Adc_Value)
    BackLightModeConfigure                   0x20000012   Data           3  writedataframe.o(.bss.BackLightModeConfigure)
    BackLightRequestStr                      0x20000015   Data           1  readdataframe.o(.bss.BackLightRequestStr)
    BackLightSwitchCmd                       0x20000016   Data           1  writedataframe.o(.bss.BackLightSwitchCmd)
    Backlight                                0x20000018   Data          10  backlight.o(.bss.Backlight)
    BootLoader_State                         0x20000028   Data           8  update.o(.bss.BootLoader_State)
    Counter_1ms                              0x20000030   Data          14  gd32a50x_it.o(.bss.Counter_1ms)
    ExtUpdateCmd_F1                          0x2000003e   Data         254  writedataframe.o(.bss.ExtUpdateCmd_F1)
    ExtUpdateCmd_F2                          0x2000013c   Data         254  writedataframe.o(.bss.ExtUpdateCmd_F2)
    ExtUpdateCmd_F3                          0x2000023a   Data         254  writedataframe.o(.bss.ExtUpdateCmd_F3)
    IO_Detection                             0x20000338   Data           1  external_detection.o(.bss.IO_Detection)
    IRQ_100ms                                0x2000033a   Data           2  gd32a50x_it.o(.bss.IRQ_100ms)
    JumpAddress                              0x2000033c   Data           4  update.o(.bss.JumpAddress)
    Jump_To_Bootloader                       0x20000340   Data           4  update.o(.bss.Jump_To_Bootloader)
    KeyStatusCmdStr                          0x20000344   Data           5  readdataframe.o(.bss.KeyStatusCmdStr)
    LCD_statusStr                            0x20000349   Data           1  readdataframe.o(.bss.LCD_statusStr)
    LcdDiagnosisCmdStr                       0x2000034a   Data           9  readdataframe.o(.bss.LcdDiagnosisCmdStr)
    LcdInformationCheck                      0x20000353   Data           1  writedataframe.o(.bss.LcdInformationCheck)
    LightSeneorValueStr                      0x20000354   Data           2  readdataframe.o(.bss.LightSeneorValueStr)
    MasterTransmitData                       0x20000356   Data         255  writedataframe.o(.bss.MasterTransmitData)
    OpenCloseLcd                             0x20000455   Data           1  writedataframe.o(.bss.OpenCloseLcd)
    Power                                    0x20000456   Data           4  power.o(.bss.Power)
    PowerOn_IO_State                         0x2000045a   Data           1  power.o(.bss.PowerOn_IO_State)
    ProductIDStr                             0x2000045b   Data           5  readdataframe.o(.bss.ProductIDStr)
    RequestLcdStatusCmdStr                   0x20000460   Data           8  readdataframe.o(.bss.RequestLcdStatusCmdStr)
    RequestTimestampCmdStr                   0x20000468   Data           1  readdataframe.o(.bss.RequestTimestampCmdStr)
    Resp_timeoutCmdStr                       0x20000469   Data           2  readdataframe.o(.bss.Resp_timeoutCmdStr)
    ScreenLitAfterStartup                    0x2000046b   Data           1  control.o(.bss.ScreenLitAfterStartup)
    SetFrameTimeoutValue                     0x2000046c   Data           2  writedataframe.o(.bss.SetFrameTimeoutValue)
    Std_ReadDataFrame_ID10                   0x2000046e   Data          16  readdataframe.o(.bss.Std_ReadDataFrame_ID10)
    Std_ReadDataFrame_ID11                   0x2000047e   Data          16  readdataframe.o(.bss.Std_ReadDataFrame_ID11)
    Std_ReadDataFrame_ID12                   0x2000048e   Data          16  readdataframe.o(.bss.Std_ReadDataFrame_ID12)
    Std_ReadDataFrame_ID13                   0x2000049e   Data          16  readdataframe.o(.bss.Std_ReadDataFrame_ID13)
    Std_ReadDataFrame_ID14                   0x200004ae   Data          16  readdataframe.o(.bss.Std_ReadDataFrame_ID14)
    Std_ReadDataFrame_ID15                   0x200004be   Data          16  readdataframe.o(.bss.Std_ReadDataFrame_ID15)
    Std_ReadDataFrame_ID16                   0x200004ce   Data          16  readdataframe.o(.bss.Std_ReadDataFrame_ID16)
    Std_ReadDataFrame_ID17                   0x200004de   Data          16  readdataframe.o(.bss.Std_ReadDataFrame_ID17)
    Std_ReadDataFrame_ID18                   0x200004ee   Data          16  readdataframe.o(.bss.Std_ReadDataFrame_ID18)
    Std_ReadDataFrame_ID1E                   0x200004fe   Data          16  readdataframe.o(.bss.Std_ReadDataFrame_ID1E)
    Std_ReadDataFrame_ID1F                   0x2000050e   Data          16  readdataframe.o(.bss.Std_ReadDataFrame_ID1F)
    Task100msflg                             0x2000051e   Data           1  gd32a50x_it.o(.bss.Task100msflg)
    TimeStamp                                0x2000051f   Data           4  writedataframe.o(.bss.TimeStamp)
    TouchChipResetCmd                        0x20000523   Data           1  writedataframe.o(.bss.TouchChipResetCmd)
    UpdateCmd                                0x20000524   Data           9  writedataframe.o(.bss.UpdateCmd)
    UpdateCmdStr                             0x2000052d   Data          13  readdataframe.o(.bss.UpdateCmdStr)
    Update_tI2cSlave                         0x2000053a   Data         314  update.o(.bss.Update_tI2cSlave)
    VersionStr                               0x20000674   Data          15  readdataframe.o(.bss.VersionStr)
    count                                    0x20000684   Data           2  gd32a50x_it.o(.bss.count)
    flag                                     0x2000068c   Data           1  control.o(.bss.flag)
    handshake_is_ok                          0x2000068d   Data           1  external_detection.o(.bss.handshake_is_ok)
    i5                                       0x2000068e   Data           1  gd32a50x_it.o(.bss.i5)
    i6                                       0x2000068f   Data           1  gd32a50x_it.o(.bss.i6)
    index                                    0x20000690   Data           1  external_detection.o(.bss.index)
    tI2cSlave                                0x20000692   Data         314  i2c_app.o(.bss.tI2cSlave)
    timeout_counter                          0x200007cc   Data           4  ntc.o(.bss.timeout_counter)
    __initial_sp                             0x20000fd0   Data           0  startup_gd32a50x.o(STACK)



==============================================================================

Memory Map of the image

  Image Entry point : 0x0800515d

  Load Region LR_IROM1 (Base: 0x08005000, Size: 0x00006f78, Max: 0x00040000, ABSOLUTE)

    Execution Region ER_IROM1 (Exec base: 0x08005000, Load base: 0x08005000, Size: 0x00006f64, Max: 0x00040000, ABSOLUTE)

    Exec Addr    Load Addr    Size         Type   Attr      Idx    E Section Name        Object

    0x08005000   0x08005000   0x0000015c   Data   RO         2150    RESET               startup_gd32a50x.o
    0x0800515c   0x0800515c   0x00000000   Code   RO         2157  * .ARM.Collect$$$$00000000  mc_w.l(entry.o)
    0x0800515c   0x0800515c   0x00000004   Code   RO         2196    .ARM.Collect$$$$00000001  mc_w.l(entry2.o)
    0x08005160   0x08005160   0x00000004   Code   RO         2199    .ARM.Collect$$$$00000004  mc_w.l(entry5.o)
    0x08005164   0x08005164   0x00000000   Code   RO         2201    .ARM.Collect$$$$00000008  mc_w.l(entry7b.o)
    0x08005164   0x08005164   0x00000000   Code   RO         2203    .ARM.Collect$$$$0000000A  mc_w.l(entry8b.o)
    0x08005164   0x08005164   0x00000008   Code   RO         2204    .ARM.Collect$$$$0000000B  mc_w.l(entry9a.o)
    0x0800516c   0x0800516c   0x00000000   Code   RO         2206    .ARM.Collect$$$$0000000D  mc_w.l(entry10a.o)
    0x0800516c   0x0800516c   0x00000000   Code   RO         2208    .ARM.Collect$$$$0000000F  mc_w.l(entry11a.o)
    0x0800516c   0x0800516c   0x00000004   Code   RO         2197    .ARM.Collect$$$$00002712  mc_w.l(entry2.o)
    0x08005170   0x08005170   0x00000050   Code   RO         2151    .text               startup_gd32a50x.o
    0x080051c0   0x080051c0   0x00000008   Code   RO         2160    .text               mc_w.l(siabs.o)
    0x080051c8   0x080051c8   0x00000024   Code   RO         2164    .text               mc_w.l(memcpya.o)
    0x080051ec   0x080051ec   0x0000002c   Code   RO         2224    .text               mc_w.l(uidiv.o)
    0x08005218   0x08005218   0x00000062   Code   RO         2226    .text               mc_w.l(uldiv.o)
    0x0800527a   0x0800527a   0x00000000   Code   RO         2228    .text               mc_w.l(iusefp.o)
    0x0800527a   0x0800527a   0x0000014e   Code   RO         2229    .text               mf_w.l(dadd.o)
    0x080053c8   0x080053c8   0x000000e4   Code   RO         2231    .text               mf_w.l(dmul.o)
    0x080054ac   0x080054ac   0x000000de   Code   RO         2233    .text               mf_w.l(ddiv.o)
    0x0800558a   0x0800558a   0x00000030   Code   RO         2235    .text               mf_w.l(dfixul.o)
    0x080055ba   0x080055ba   0x00000002   PAD
    0x080055bc   0x080055bc   0x00000030   Code   RO         2237    .text               mf_w.l(cdrcmple.o)
    0x080055ec   0x080055ec   0x00000024   Code   RO         2239    .text               mc_w.l(init.o)
    0x08005610   0x08005610   0x00000000   Code   RO         2241    .text               mc_w.l(semi.o)
    0x08005610   0x08005610   0x0000001e   Code   RO         2242    .text               mc_w.l(llshl.o)
    0x0800562e   0x0800562e   0x00000020   Code   RO         2244    .text               mc_w.l(llushr.o)
    0x0800564e   0x0800564e   0x00000024   Code   RO         2246    .text               mc_w.l(llsshr.o)
    0x08005672   0x08005672   0x00000000   Code   RO         2248    .text               mc_w.l(iusesemip.o)
    0x08005672   0x08005672   0x000000ba   Code   RO         2249    .text               mf_w.l(depilogue.o)
    0x0800572c   0x0800572c   0x000000fa   Code   RO          314    .text.Afio_Config   gpio_app.o
    0x08005826   0x08005826   0x00000002   PAD
    0x08005828   0x08005828   0x00000028   Code   RO          190    .text.AppInitialization  initialization.o
    0x08005850   0x08005850   0x00000022   Code   RO          432    .text.BackLightModeConfigureFun  writedataframe.o
    0x08005872   0x08005872   0x00000002   PAD
    0x08005874   0x08005874   0x00000016   Code   RO          440    .text.BackLightSwitchCmdFun  writedataframe.o
    0x0800588a   0x0800588a   0x00000002   PAD
    0x0800588c   0x0800588c   0x00000030   Code   RO          125    .text.Backlight_Brightness_Init  backlight.o
    0x080058bc   0x080058bc   0x00000004   Code   RO            8    .text.BusFault_Handler  gd32a50x_it.o
    0x080058c0   0x080058c0   0x00000068   Code   RO          422    .text.ChecksumCheck  writedataframe.o
    0x08005928   0x08005928   0x00000002   Code   RO           14    .text.DebugMon_Handler  gd32a50x_it.o
    0x0800592a   0x0800592a   0x00000002   PAD
    0x0800592c   0x0800592c   0x000000a0   Code   RO          444    .text.ExtUpdateCmd1Fun  writedataframe.o
    0x080059cc   0x080059cc   0x000000a0   Code   RO          446    .text.ExtUpdateCmd2Fun  writedataframe.o
    0x08005a6c   0x08005a6c   0x0000006c   Code   RO          448    .text.ExtUpdateCmd3Fun  writedataframe.o
    0x08005ad8   0x08005ad8   0x0000006e   Code   RO          426    .text.ExtWriteFrameDataWrite  writedataframe.o
    0x08005b46   0x08005b46   0x00000002   PAD
    0x08005b48   0x08005b48   0x0000016e   Code   RO          312    .text.Gpio_Config   gpio_app.o
    0x08005cb6   0x08005cb6   0x00000002   PAD
    0x08005cb8   0x08005cb8   0x00000004   Code   RO            4    .text.HardFault_Handler  gd32a50x_it.o
    0x08005cbc   0x08005cbc   0x00000196   Code   RO          284    .text.I2C0_ER_IRQHandler  i2c_app.o
    0x08005e52   0x08005e52   0x00000002   PAD
    0x08005e54   0x08005e54   0x000003c0   Code   RO          282    .text.I2C0_EV_IRQHandler  i2c_app.o
    0x08006214   0x08006214   0x00000196   Code   RO          288    .text.I2C1_ER_IRQHandler  i2c_app.o
    0x080063aa   0x080063aa   0x00000002   PAD
    0x080063ac   0x080063ac   0x000003c2   Code   RO          286    .text.I2C1_EV_IRQHandler  i2c_app.o
    0x0800676e   0x0800676e   0x00000002   PAD
    0x08006770   0x08006770   0x00000094   Code   RO          278    .text.I2C_BUS_Reset  i2c_app.o
    0x08006804   0x08006804   0x00000008   Code   RO          270    .text.I2C_Config    i2c_app.o
    0x0800680c   0x0800680c   0x0000004c   Code   RO          280    .text.I2C_GPIO_Reset  i2c_app.o
    0x08006858   0x08006858   0x00000038   Code   RO          268    .text.I2C_Gpio_Config  i2c_app.o
    0x08006890   0x08006890   0x00000030   Code   RO          272    .text.I2C_Master_Config  i2c_app.o
    0x080068c0   0x080068c0   0x0000006a   Code   RO          276    .text.I2C_Slave_Config  i2c_app.o
    0x0800692a   0x0800692a   0x00000002   PAD
    0x0800692c   0x0800692c   0x0000038c   Code   RO          201    .text.I2c1_MasterWriteMulBytes  max96752.o
    0x08006cb8   0x08006cb8   0x00000012   Code   RO          192    .text.Initialization  initialization.o
    0x08006cca   0x08006cca   0x00000002   PAD
    0x08006ccc   0x08006ccc   0x00000016   Code   RO          428    .text.LcdInformationCheckFun  writedataframe.o
    0x08006ce2   0x08006ce2   0x00000002   PAD
    0x08006ce4   0x08006ce4   0x00000120   Code   RO          203    .text.MAX96752_REG_Config  max96752.o
    0x08006e04   0x08006e04   0x00000016   Code   RO          300    .text.McuAdcInitialization  adc_app.o
    0x08006e1a   0x08006e1a   0x00000002   PAD
    0x08006e1c   0x08006e1c   0x0000000c   Code   RO          310    .text.McuGpioInitialization  gpio_app.o
    0x08006e28   0x08006e28   0x0000000c   Code   RO          266    .text.McuI2cInitialization  i2c_app.o
    0x08006e34   0x08006e34   0x00000020   Code   RO          188    .text.McuInitialization  initialization.o
    0x08006e54   0x08006e54   0x00000094   Code   RO          325    .text.McuRcuDeinit  rcu_app.o
    0x08006ee8   0x08006ee8   0x0000008c   Code   RO          323    .text.McuRcuInitialization  rcu_app.o
    0x08006f74   0x08006f74   0x00000008   Code   RO          344    .text.McuSpiInitialize  spi_app.o
    0x08006f7c   0x08006f7c   0x0000001c   Code   RO          366    .text.McuTimerInitialization  timer_app.o
    0x08006f98   0x08006f98   0x00000004   Code   RO            6    .text.MemManage_Handler  gd32a50x_it.o
    0x08006f9c   0x08006f9c   0x00000022   Code   RO          127    .text.Modify_PWM_Directly  backlight.o
    0x08006fbe   0x08006fbe   0x00000002   PAD
    0x08006fc0   0x08006fc0   0x00000002   Code   RO            2    .text.NMI_Handler   gd32a50x_it.o
    0x08006fc2   0x08006fc2   0x00000002   PAD
    0x08006fc4   0x08006fc4   0x00000044   Code   RO           90    .text.Notice_master_to_read  update.o
    0x08007008   0x08007008   0x00000016   Code   RO          438    .text.OpenCloseLcdFun  writedataframe.o
    0x0800701e   0x0800701e   0x00000002   PAD
    0x08007020   0x08007020   0x00000002   Code   RO           16    .text.PendSV_Handler  gd32a50x_it.o
    0x08007022   0x08007022   0x00000002   PAD
    0x08007024   0x08007024   0x0000013c   Code   RO          233    .text.PowerOn_Order  power.o
    0x08007160   0x08007160   0x0000001c   Code   RO          237    .text.PowerOn_Sequence  power.o
    0x0800717c   0x0800717c   0x00000164   Code   RO          377    .text.ReadCmdIdStrInit  readdataframe.o
    0x080072e0   0x080072e0   0x0000004e   Code   RO          381    .text.ReadFrameChecksumBuff  readdataframe.o
    0x0800732e   0x0800732e   0x00000002   PAD
    0x08007330   0x08007330   0x0000005a   Code   RO          379    .text.ReadFrameChecksumCount  readdataframe.o
    0x0800738a   0x0800738a   0x00000002   PAD
    0x0800738c   0x0800738c   0x0000032c   Code   RO          385    .text.ReadFrameTransmit  readdataframe.o
    0x080076b8   0x080076b8   0x000002e2   Code   RO          383    .text.ReadFrameWriteData  readdataframe.o
    0x0800799a   0x0800799a   0x00000002   PAD
    0x0800799c   0x0800799c   0x0000005e   Code   RO          334    .text.SPI_Master_Init  spi_app.o
    0x080079fa   0x080079fa   0x00000002   PAD
    0x080079fc   0x080079fc   0x00000002   Code   RO           12    .text.SVC_Handler   gd32a50x_it.o
    0x080079fe   0x080079fe   0x00000002   PAD
    0x08007a00   0x08007a00   0x0000001c   Code   RO          430    .text.SetFrameTimeoutValueFun  writedataframe.o
    0x08007a1c   0x08007a1c   0x000001f8   Code   RO          129    .text.SetTargetDutyCycle  backlight.o
    0x08007c14   0x08007c14   0x00000062   Code   RO          424    .text.StdWriteFrameDataWrite  writedataframe.o
    0x08007c76   0x08007c76   0x00000002   PAD
    0x08007c78   0x08007c78   0x00000052   Code   RO           53    .text.SysTick_Config  systick.o
    0x08007cca   0x08007cca   0x00000002   PAD
    0x08007ccc   0x08007ccc   0x00000038   Code   RO           18    .text.SysTick_Handler  gd32a50x_it.o
    0x08007d04   0x08007d04   0x0000014a   Code   RO          473    .text.SystemInit    system_gd32a50x.o
    0x08007e4e   0x08007e4e   0x00000002   PAD
    0x08007e50   0x08007e50   0x00000158   Code   RO           20    .text.TIMER1_IRQHandler  gd32a50x_it.o
    0x08007fa8   0x08007fa8   0x0000005c   Code   RO           22    .text.TIMER5_DAC_IRQHandler  gd32a50x_it.o
    0x08008004   0x08008004   0x00000094   Code   RO           24    .text.TIMER6_IRQHandler  gd32a50x_it.o
    0x08008098   0x08008098   0x00000028   Code   RO          436    .text.TimeStampFun  writedataframe.o
    0x080080c0   0x080080c0   0x000000a6   Code   RO          364    .text.Timer19_Generate_PWM_config  timer_app.o
    0x08008166   0x08008166   0x00000002   PAD
    0x08008168   0x08008168   0x0000005e   Code   RO          358    .text.Timer1_Generate_1ms_Interrupt  timer_app.o
    0x080081c6   0x080081c6   0x00000002   PAD
    0x080081c8   0x080081c8   0x00000056   Code   RO          360    .text.Timer5_Generate_2s_Interrupt  timer_app.o
    0x0800821e   0x0800821e   0x00000002   PAD
    0x08008220   0x08008220   0x00000052   Code   RO          362    .text.Timer6_Generate_1s_Interrupt  timer_app.o
    0x08008272   0x08008272   0x00000002   PAD
    0x08008274   0x08008274   0x00000016   Code   RO          434    .text.TouchChipResetCmdFun  writedataframe.o
    0x0800828a   0x0800828a   0x00000002   PAD
    0x0800828c   0x0800828c   0x00000102   Code   RO          131    .text.UpdateBacklightController  backlight.o
    0x0800838e   0x0800838e   0x00000002   PAD
    0x08008390   0x08008390   0x00000078   Code   RO          442    .text.UpdateCmdFun  writedataframe.o
    0x08008408   0x08008408   0x00000044   Code   RO          133    .text.Update_Brightness  backlight.o
    0x0800844c   0x0800844c   0x00000136   Code   RO           92    .text.Update_Process  update.o
    0x08008582   0x08008582   0x00000002   PAD
    0x08008584   0x08008584   0x00000136   Code   RO           98    .text.Updating      update.o
    0x080086ba   0x080086ba   0x00000002   PAD
    0x080086bc   0x080086bc   0x00000004   Code   RO           10    .text.UsageFault_Handler  gd32a50x_it.o
    0x080086c0   0x080086c0   0x00000364   Code   RO          450    .text.WriteFrameTransmit  writedataframe.o
    0x08008a24   0x08008a24   0x00000038   Code   RO         1439    .text.__NVIC_DisableIRQ  gd32a50x_misc.o
    0x08008a5c   0x08008a5c   0x00000042   Code   RO           55    .text.__NVIC_SetPriority  systick.o
    0x08008a9e   0x08008a9e   0x00000002   PAD
    0x08008aa0   0x08008aa0   0x00000088   Code   RO          298    .text.adc_NTC_config  adc_app.o
    0x08008b28   0x08008b28   0x0000003c   Code   RO          496    .text.adc_calibration_enable  gd32a50x_adc.o
    0x08008b64   0x08008b64   0x0000006e   Code   RO          518    .text.adc_channel_length_config  gd32a50x_adc.o
    0x08008bd2   0x08008bd2   0x00000002   PAD
    0x08008bd4   0x08008bd4   0x00000028   Code   RO          516    .text.adc_data_alignment_config  gd32a50x_adc.o
    0x08008bfc   0x08008bfc   0x00000052   Code   RO          490    .text.adc_deinit    gd32a50x_adc.o
    0x08008c4e   0x08008c4e   0x00000002   PAD
    0x08008c50   0x08008c50   0x0000001e   Code   RO          492    .text.adc_enable    gd32a50x_adc.o
    0x08008c6e   0x08008c6e   0x00000002   PAD
    0x08008c70   0x08008c70   0x00000078   Code   RO          526    .text.adc_external_trigger_config  gd32a50x_adc.o
    0x08008ce8   0x08008ce8   0x00000052   Code   RO          528    .text.adc_external_trigger_source_config  gd32a50x_adc.o
    0x08008d3a   0x08008d3a   0x00000002   PAD
    0x08008d3c   0x08008d3c   0x00000012   Code   RO          562    .text.adc_flag_clear  gd32a50x_adc.o
    0x08008d4e   0x08008d4e   0x00000002   PAD
    0x08008d50   0x08008d50   0x00000028   Code   RO          560    .text.adc_flag_get  gd32a50x_adc.o
    0x08008d78   0x08008d78   0x0000006c   Code   RO          221    .text.adc_mean_filter  ntc.o
    0x08008de4   0x08008de4   0x00000020   Code   RO          512    .text.adc_mode_config  gd32a50x_adc.o
    0x08008e04   0x08008e04   0x00000062   Code   RO          554    .text.adc_oversample_mode_config  gd32a50x_adc.o
    0x08008e66   0x08008e66   0x00000002   PAD
    0x08008e68   0x08008e68   0x00000016   Code   RO          556    .text.adc_oversample_mode_enable  gd32a50x_adc.o
    0x08008e7e   0x08008e7e   0x00000002   PAD
    0x08008e80   0x08008e80   0x00000174   Code   RO          520    .text.adc_regular_channel_config  gd32a50x_adc.o
    0x08008ff4   0x08008ff4   0x0000003a   Code   RO          530    .text.adc_software_trigger_enable  gd32a50x_adc.o
    0x0800902e   0x0800902e   0x00000002   PAD
    0x08009030   0x08009030   0x000000a6   Code   RO          514    .text.adc_special_function_config  gd32a50x_adc.o
    0x080090d6   0x080090d6   0x00000002   PAD
    0x080090d8   0x080090d8   0x0000004e   Code   RO           94    .text.compareArrays  update.o
    0x08009126   0x08009126   0x00000002   PAD
    0x08009128   0x08009128   0x0000009a   Code   RO           96    .text.cx            update.o
    0x080091c2   0x080091c2   0x00000002   PAD
    0x080091c4   0x080091c4   0x00000026   Code   RO           57    .text.delay_1ms     systick.o
    0x080091ea   0x080091ea   0x00000002   PAD
    0x080091ec   0x080091ec   0x00000020   Code   RO           59    .text.delay_decrement  systick.o
    0x0800920c   0x0800920c   0x0000005c   Code   RO         1072    .text.fmc_bank0_ready_wait  gd32a50x_fmc.o
    0x08009268   0x08009268   0x000000d2   Code   RO         1150    .text.fmc_bank0_state_get  gd32a50x_fmc.o
    0x0800933a   0x0800933a   0x00000002   PAD
    0x0800933c   0x0800933c   0x0000005c   Code   RO         1074    .text.fmc_bank1_ready_wait  gd32a50x_fmc.o
    0x08009398   0x08009398   0x000000d2   Code   RO         1152    .text.fmc_bank1_state_get  gd32a50x_fmc.o
    0x0800946a   0x0800946a   0x00000002   PAD
    0x0800946c   0x0800946c   0x000000d4   Code   RO         1086    .text.fmc_doubleword_program  gd32a50x_fmc.o
    0x08009540   0x08009540   0x0000004c   Code   RO           73    .text.fmc_erase_pages  fmc_app.o
    0x0800958c   0x0800958c   0x0000006e   Code   RO         1140    .text.fmc_flag_clear  gd32a50x_fmc.o
    0x080095fa   0x080095fa   0x00000002   PAD
    0x080095fc   0x080095fc   0x0000003c   Code   RO           71    .text.fmc_flags_clear  fmc_app.o
    0x08009638   0x08009638   0x00000022   Code   RO         1040    .text.fmc_lock      gd32a50x_fmc.o
    0x0800965a   0x0800965a   0x00000002   PAD
    0x0800965c   0x0800965c   0x000000d6   Code   RO         1076    .text.fmc_page_erase  gd32a50x_fmc.o
    0x08009732   0x08009732   0x00000002   PAD
    0x08009734   0x08009734   0x0000002c   Code   RO           75    .text.fmc_uint64_program  fmc_app.o
    0x08009760   0x08009760   0x00000062   Code   RO         1034    .text.fmc_unlock    gd32a50x_fmc.o
    0x080097c2   0x080097c2   0x00000002   PAD
    0x080097c4   0x080097c4   0x0000005c   Code   RO          219    .text.get_adc_value  ntc.o
    0x08009820   0x08009820   0x000000d4   Code   RO         1208    .text.gpio_af_set   gd32a50x_gpio.o
    0x080098f4   0x080098f4   0x00000010   Code   RO         1194    .text.gpio_bit_reset  gd32a50x_gpio.o
    0x08009904   0x08009904   0x00000010   Code   RO         1192    .text.gpio_bit_set  gd32a50x_gpio.o
    0x08009914   0x08009914   0x000000d4   Code   RO         1186    .text.gpio_deinit   gd32a50x_gpio.o
    0x080099e8   0x080099e8   0x0000002a   Code   RO         1200    .text.gpio_input_bit_get  gd32a50x_gpio.o
    0x08009a12   0x08009a12   0x00000002   PAD
    0x08009a14   0x08009a14   0x0000009c   Code   RO         1188    .text.gpio_mode_set  gd32a50x_gpio.o
    0x08009ab0   0x08009ab0   0x00000092   Code   RO         1190    .text.gpio_output_options_set  gd32a50x_gpio.o
    0x08009b42   0x08009b42   0x00000002   PAD
    0x08009b44   0x08009b44   0x0000001e   Code   RO          173    .text.handshake     external_detection.o
    0x08009b62   0x08009b62   0x00000002   PAD
    0x08009b64   0x08009b64   0x00000148   Code   RO          171    .text.handshake_process  external_detection.o
    0x08009cac   0x08009cac   0x00000028   Code   RO         1257    .text.i2c_address_config  gd32a50x_i2c.o
    0x08009cd4   0x08009cd4   0x00000012   Code   RO         1245    .text.i2c_automatic_end_enable  gd32a50x_i2c.o
    0x08009ce6   0x08009ce6   0x00000002   PAD
    0x08009ce8   0x08009ce8   0x0000000e   Code   RO         1287    .text.i2c_data_receive  gd32a50x_i2c.o
    0x08009cf6   0x08009cf6   0x00000002   PAD
    0x08009cf8   0x08009cf8   0x00000012   Code   RO         1285    .text.i2c_data_transmit  gd32a50x_i2c.o
    0x08009d0a   0x08009d0a   0x00000002   PAD
    0x08009d0c   0x08009d0c   0x00000052   Code   RO         1223    .text.i2c_deinit    gd32a50x_i2c.o
    0x08009d5e   0x08009d5e   0x00000002   PAD
    0x08009d60   0x08009d60   0x00000012   Code   RO         1277    .text.i2c_enable    gd32a50x_i2c.o
    0x08009d72   0x08009d72   0x00000002   PAD
    0x08009d74   0x08009d74   0x00000014   Code   RO         1335    .text.i2c_flag_clear  gd32a50x_i2c.o
    0x08009d88   0x08009d88   0x0000002a   Code   RO         1333    .text.i2c_flag_get  gd32a50x_i2c.o
    0x08009db2   0x08009db2   0x00000002   PAD
    0x08009db4   0x08009db4   0x00000014   Code   RO         1337    .text.i2c_interrupt_enable  gd32a50x_i2c.o
    0x08009dc8   0x08009dc8   0x0000001e   Code   RO         1343    .text.i2c_interrupt_flag_clear  gd32a50x_i2c.o
    0x08009de6   0x08009de6   0x00000002   PAD
    0x08009de8   0x08009de8   0x0000005e   Code   RO         1341    .text.i2c_interrupt_flag_get  gd32a50x_i2c.o
    0x08009e46   0x08009e46   0x00000002   PAD
    0x08009e48   0x08009e48   0x00000036   Code   RO         1235    .text.i2c_master_addressing  gd32a50x_i2c.o
    0x08009e7e   0x08009e7e   0x00000002   PAD
    0x08009e80   0x08009e80   0x0000003e   Code   RO         1233    .text.i2c_master_clock_config  gd32a50x_i2c.o
    0x08009ebe   0x08009ebe   0x00000002   PAD
    0x08009ec0   0x08009ec0   0x00000012   Code   RO         1281    .text.i2c_start_on_bus  gd32a50x_i2c.o
    0x08009ed2   0x08009ed2   0x00000002   PAD
    0x08009ed4   0x08009ed4   0x0000005c   Code   RO         1225    .text.i2c_timing_config  gd32a50x_i2c.o
    0x08009f30   0x08009f30   0x00000020   Code   RO         1293    .text.i2c_transfer_byte_number_config  gd32a50x_i2c.o
    0x08009f50   0x08009f50   0x00000100   Code   RO           40    .text.main          main.o
    0x0800a050   0x0800a050   0x00000014   Code   RO         1437    .text.nvic_irq_disable  gd32a50x_misc.o
    0x0800a064   0x0800a064   0x0000012a   Code   RO         1435    .text.nvic_irq_enable  gd32a50x_misc.o
    0x0800a18e   0x0800a18e   0x00000002   PAD
    0x0800a190   0x0800a190   0x0000001c   Code   RO         1433    .text.nvic_priority_group_set  gd32a50x_misc.o
    0x0800a1ac   0x0800a1ac   0x00000028   Code   RO         1445    .text.nvic_vector_table_set  gd32a50x_misc.o
    0x0800a1d4   0x0800a1d4   0x000000ae   Code   RO          143    .text.process_0x81  control.o
    0x0800a282   0x0800a282   0x00000002   PAD
    0x0800a284   0x0800a284   0x0000002c   Code   RO         1549    .text.rcu_adc_clock_config  gd32a50x_rcu.o
    0x0800a2b0   0x0800a2b0   0x00000098   Code   RO         1507    .text.rcu_deinit    gd32a50x_rcu.o
    0x0800a348   0x0800a348   0x0000003e   Code   RO         1559    .text.rcu_flag_get  gd32a50x_rcu.o
    0x0800a386   0x0800a386   0x00000002   PAD
    0x0800a388   0x0800a388   0x000001dc   Code   RO         1509    .text.rcu_osci_stab_wait  gd32a50x_rcu.o
    0x0800a564   0x0800a564   0x00000028   Code   RO         1513    .text.rcu_periph_clock_disable  gd32a50x_rcu.o
    0x0800a58c   0x0800a58c   0x00000028   Code   RO         1511    .text.rcu_periph_clock_enable  gd32a50x_rcu.o
    0x0800a5b4   0x0800a5b4   0x00000028   Code   RO         1517    .text.rcu_periph_reset_disable  gd32a50x_rcu.o
    0x0800a5dc   0x0800a5dc   0x00000028   Code   RO         1515    .text.rcu_periph_reset_enable  gd32a50x_rcu.o
    0x0800a604   0x0800a604   0x00000068   Code   RO          213    .text.readTemper    ntc.o
    0x0800a66c   0x0800a66c   0x00000072   Code   RO          215    .text.search_data   ntc.o
    0x0800a6de   0x0800a6de   0x00000002   PAD
    0x0800a6e0   0x0800a6e0   0x00000012   Code   RO         1655    .text.spi_enable    gd32a50x_spi.o
    0x0800a6f2   0x0800a6f2   0x00000002   PAD
    0x0800a6f4   0x0800a6f4   0x00000052   Code   RO         1649    .text.spi_i2s_deinit  gd32a50x_spi.o
    0x0800a746   0x0800a746   0x00000002   PAD
    0x0800a748   0x0800a748   0x00000072   Code   RO         1653    .text.spi_init      gd32a50x_spi.o
    0x0800a7ba   0x0800a7ba   0x00000002   PAD
    0x0800a7bc   0x0800a7bc   0x00000012   Code   RO         1667    .text.spi_nss_output_enable  gd32a50x_spi.o
    0x0800a7ce   0x0800a7ce   0x00000002   PAD
    0x0800a7d0   0x0800a7d0   0x00000026   Code   RO         1651    .text.spi_struct_para_init  gd32a50x_spi.o
    0x0800a7f6   0x0800a7f6   0x00000002   PAD
    0x0800a7f8   0x0800a7f8   0x00000116   Code   RO          479    .text.system_clock_100m_pll_irc8m  system_gd32a50x.o
    0x0800a90e   0x0800a90e   0x00000002   PAD
    0x0800a910   0x0800a910   0x00000008   Code   RO          475    .text.system_clock_config  system_gd32a50x.o
    0x0800a918   0x0800a918   0x00000032   Code   RO           51    .text.systick_config  systick.o
    0x0800a94a   0x0800a94a   0x00000002   PAD
    0x0800a94c   0x0800a94c   0x0000009c   Code   RO          217    .text.temper_calc   ntc.o
    0x0800a9e8   0x0800a9e8   0x00000012   Code   RO         1791    .text.timer_auto_reload_shadow_enable  gd32a50x_timer.o
    0x0800a9fa   0x0800a9fa   0x00000002   PAD
    0x0800a9fc   0x0800a9fc   0x000003b0   Code   RO         1851    .text.timer_channel_output_config  gd32a50x_timer.o
    0x0800adac   0x0800adac   0x00000102   Code   RO         1853    .text.timer_channel_output_mode_config  gd32a50x_timer.o
    0x0800aeae   0x0800aeae   0x00000002   PAD
    0x0800aeb0   0x0800aeb0   0x00000076   Code   RO         1855    .text.timer_channel_output_pulse_value_config  gd32a50x_timer.o
    0x0800af26   0x0800af26   0x00000002   PAD
    0x0800af28   0x0800af28   0x00000102   Code   RO         1857    .text.timer_channel_output_shadow_config  gd32a50x_timer.o
    0x0800b02a   0x0800b02a   0x00000002   PAD
    0x0800b02c   0x0800b02c   0x00000022   Code   RO         1849    .text.timer_channel_output_struct_para_init  gd32a50x_timer.o
    0x0800b04e   0x0800b04e   0x00000002   PAD
    0x0800b050   0x0800b050   0x000000f6   Code   RO         1781    .text.timer_deinit  gd32a50x_timer.o
    0x0800b146   0x0800b146   0x00000002   PAD
    0x0800b148   0x0800b148   0x00000012   Code   RO         1787    .text.timer_enable  gd32a50x_timer.o
    0x0800b15a   0x0800b15a   0x00000002   PAD
    0x0800b15c   0x0800b15c   0x00000120   Code   RO         1785    .text.timer_init    gd32a50x_timer.o
    0x0800b27c   0x0800b27c   0x00000014   Code   RO         1949    .text.timer_interrupt_enable  gd32a50x_timer.o
    0x0800b290   0x0800b290   0x00000014   Code   RO         1955    .text.timer_interrupt_flag_clear  gd32a50x_timer.o
    0x0800b2a4   0x0800b2a4   0x0000003a   Code   RO         1953    .text.timer_interrupt_flag_get  gd32a50x_timer.o
    0x0800b2de   0x0800b2de   0x00000002   PAD
    0x0800b2e0   0x0800b2e0   0x0000002e   Code   RO         1847    .text.timer_primary_output_config  gd32a50x_timer.o
    0x0800b30e   0x0800b30e   0x00000002   PAD
    0x0800b310   0x0800b310   0x00000026   Code   RO         1783    .text.timer_struct_para_init  gd32a50x_timer.o
    0x0800b336   0x0800b336   0x00000002   PAD
    0x0800b338   0x0800b338   0x00000020   Code   RO         2169    i.__0printf         mc_w.l(printfa.o)
    0x0800b358   0x0800b358   0x0000000e   Code   RO         2253    i.__scatterload_copy  mc_w.l(handlers.o)
    0x0800b366   0x0800b366   0x00000002   Code   RO         2254    i.__scatterload_null  mc_w.l(handlers.o)
    0x0800b368   0x0800b368   0x0000000e   Code   RO         2255    i.__scatterload_zeroinit  mc_w.l(handlers.o)
    0x0800b376   0x0800b376   0x00000002   PAD
    0x0800b378   0x0800b378   0x00000184   Code   RO         2176    i._fp_digits        mc_w.l(printfa.o)
    0x0800b4fc   0x0800b4fc   0x000006dc   Code   RO         2177    i._printf_core      mc_w.l(printfa.o)
    0x0800bbd8   0x0800bbd8   0x00000024   Code   RO         2178    i._printf_post_padding  mc_w.l(printfa.o)
    0x0800bbfc   0x0800bbfc   0x0000002e   Code   RO         2179    i._printf_pre_padding  mc_w.l(printfa.o)
    0x0800bc2a   0x0800bc2a   0x00000012   Code   RO         2210    i.fputc             mc_w.l(fputc.o)
    0x0800bc3c   0x0800bc3c   0x00000045   Data   RO          108    .rodata.Std_Receive_Arr  update.o
    0x0800bc81   0x0800bc81   0x00000062   Data   RO          109    .rodata.Std_Replay_Arr  update.o
    0x0800bce3   0x0800bce3   0x00000001   PAD
    0x0800bce4   0x0800bce4   0x0000017e   Data   RO          225    .rodata.ntc_adc     ntc.o
    0x0800be62   0x0800be62   0x000000e2   Data   RO          205    .rodata.str1.1      max96752.o
    0x0800bf44   0x0800bf44   0x00000020   Data   RO         2252    Region$$Table       anon$$obj.o


    Execution Region RW_IRAM1 (Exec base: 0x20000000, Load base: 0x0800bf68, Size: 0x00000fd0, Max: 0x00008000, ABSOLUTE)

    Exec Addr    Load Addr    Size         Type   Attr      Idx    E Section Name        Object

    0x20000000   0x0800bf68   0x00000004   Data   RW         2214    .data               mc_w.l(stdout.o)
    0x20000004   0x0800bf6c   0x00000001   Data   RW          111    .data.BootloaderStatus  update.o
    0x20000005   0x0800bf6d   0x00000003   PAD
    0x20000008   0x0800bf70   0x00000004   Data   RW          481    .data.SystemCoreClock  system_gd32a50x.o
    0x2000000c   0x0800bf74   0x00000004   Data   RW          114    .data.pBL_State     update.o
    0x20000010        -       0x00000002   Zero   RW          224    .bss.Adc_Value      ntc.o
    0x20000012        -       0x00000003   Zero   RW          455    .bss.BackLightModeConfigure  writedataframe.o
    0x20000015        -       0x00000001   Zero   RW          401    .bss.BackLightRequestStr  readdataframe.o
    0x20000016        -       0x00000001   Zero   RW          459    .bss.BackLightSwitchCmd  writedataframe.o
    0x20000017   0x0800bf78   0x00000001   PAD
    0x20000018        -       0x0000000a   Zero   RW          135    .bss.Backlight      backlight.o
    0x20000022   0x0800bf78   0x00000006   PAD
    0x20000028        -       0x00000008   Zero   RW          110    .bss.BootLoader_State  update.o
    0x20000030        -       0x0000000e   Zero   RW           30    .bss.Counter_1ms    gd32a50x_it.o
    0x2000003e        -       0x000000fe   Zero   RW          461    .bss.ExtUpdateCmd_F1  writedataframe.o
    0x2000013c        -       0x000000fe   Zero   RW          462    .bss.ExtUpdateCmd_F2  writedataframe.o
    0x2000023a        -       0x000000fe   Zero   RW          463    .bss.ExtUpdateCmd_F3  writedataframe.o
    0x20000338        -       0x00000001   Zero   RW          178    .bss.IO_Detection   external_detection.o
    0x20000339   0x0800bf78   0x00000001   PAD
    0x2000033a        -       0x00000002   Zero   RW           28    .bss.IRQ_100ms      gd32a50x_it.o
    0x2000033c        -       0x00000004   Zero   RW          112    .bss.JumpAddress    update.o
    0x20000340        -       0x00000004   Zero   RW          116    .bss.Jump_To_Bootloader  update.o
    0x20000344        -       0x00000005   Zero   RW          409    .bss.KeyStatusCmdStr  readdataframe.o
    0x20000349        -       0x00000001   Zero   RW          400    .bss.LCD_statusStr  readdataframe.o
    0x2000034a        -       0x00000009   Zero   RW          406    .bss.LcdDiagnosisCmdStr  readdataframe.o
    0x20000353        -       0x00000001   Zero   RW          453    .bss.LcdInformationCheck  writedataframe.o
    0x20000354        -       0x00000002   Zero   RW          410    .bss.LightSeneorValueStr  readdataframe.o
    0x20000356        -       0x000000ff   Zero   RW          452    .bss.MasterTransmitData  writedataframe.o
    0x20000455        -       0x00000001   Zero   RW          458    .bss.OpenCloseLcd   writedataframe.o
    0x20000456        -       0x00000004   Zero   RW          244    .bss.Power          power.o
    0x2000045a        -       0x00000001   Zero   RW          242    .bss.PowerOn_IO_State  power.o
    0x2000045b        -       0x00000005   Zero   RW          404    .bss.ProductIDStr   readdataframe.o
    0x20000460        -       0x00000008   Zero   RW          403    .bss.RequestLcdStatusCmdStr  readdataframe.o
    0x20000468        -       0x00000001   Zero   RW          408    .bss.RequestTimestampCmdStr  readdataframe.o
    0x20000469        -       0x00000002   Zero   RW          402    .bss.Resp_timeoutCmdStr  readdataframe.o
    0x2000046b        -       0x00000001   Zero   RW          148    .bss.ScreenLitAfterStartup  control.o
    0x2000046c        -       0x00000002   Zero   RW          454    .bss.SetFrameTimeoutValue  writedataframe.o
    0x2000046e        -       0x00000010   Zero   RW          387    .bss.Std_ReadDataFrame_ID10  readdataframe.o
    0x2000047e        -       0x00000010   Zero   RW          388    .bss.Std_ReadDataFrame_ID11  readdataframe.o
    0x2000048e        -       0x00000010   Zero   RW          389    .bss.Std_ReadDataFrame_ID12  readdataframe.o
    0x2000049e        -       0x00000010   Zero   RW          390    .bss.Std_ReadDataFrame_ID13  readdataframe.o
    0x200004ae        -       0x00000010   Zero   RW          391    .bss.Std_ReadDataFrame_ID14  readdataframe.o
    0x200004be        -       0x00000010   Zero   RW          392    .bss.Std_ReadDataFrame_ID15  readdataframe.o
    0x200004ce        -       0x00000010   Zero   RW          393    .bss.Std_ReadDataFrame_ID16  readdataframe.o
    0x200004de        -       0x00000010   Zero   RW          394    .bss.Std_ReadDataFrame_ID17  readdataframe.o
    0x200004ee        -       0x00000010   Zero   RW          395    .bss.Std_ReadDataFrame_ID18  readdataframe.o
    0x200004fe        -       0x00000010   Zero   RW          396    .bss.Std_ReadDataFrame_ID1E  readdataframe.o
    0x2000050e        -       0x00000010   Zero   RW          397    .bss.Std_ReadDataFrame_ID1F  readdataframe.o
    0x2000051e        -       0x00000001   Zero   RW           27    .bss.Task100msflg   gd32a50x_it.o
    0x2000051f        -       0x00000004   Zero   RW          457    .bss.TimeStamp      writedataframe.o
    0x20000523        -       0x00000001   Zero   RW          456    .bss.TouchChipResetCmd  writedataframe.o
    0x20000524        -       0x00000009   Zero   RW          460    .bss.UpdateCmd      writedataframe.o
    0x2000052d        -       0x0000000d   Zero   RW          407    .bss.UpdateCmdStr   readdataframe.o
    0x2000053a        -       0x0000013a   Zero   RW          113    .bss.Update_tI2cSlave  update.o
    0x20000674        -       0x0000000f   Zero   RW          405    .bss.VersionStr     readdataframe.o
    0x20000683   0x0800bf78   0x00000001   PAD
    0x20000684        -       0x00000002   Zero   RW           26    .bss.count          gd32a50x_it.o
    0x20000686   0x0800bf78   0x00000002   PAD
    0x20000688        -       0x00000004   Zero   RW           61    .bss.delay          systick.o
    0x2000068c        -       0x00000001   Zero   RW          145    .bss.flag           control.o
    0x2000068d        -       0x00000001   Zero   RW          180    .bss.handshake_is_ok  external_detection.o
    0x2000068e        -       0x00000001   Zero   RW           31    .bss.i5             gd32a50x_it.o
    0x2000068f        -       0x00000001   Zero   RW           32    .bss.i6             gd32a50x_it.o
    0x20000690        -       0x00000001   Zero   RW          179    .bss.index          external_detection.o
    0x20000691   0x0800bf78   0x00000001   PAD
    0x20000692        -       0x0000013a   Zero   RW          290    .bss.tI2cSlave      i2c_app.o
    0x200007cc        -       0x00000004   Zero   RW          223    .bss.timeout_counter  ntc.o
    0x200007d0        -       0x00000800   Zero   RW         2148    STACK               startup_gd32a50x.o


==============================================================================

Image component sizes


      Code (inc. data)   RO Data    RW Data    ZI Data      Debug   Object Name

       158          0          0          0          0        796   adc_app.o
       912          4          0          0         10       2304   backlight.o
       174          0          0          0          2       2891   control.o
       358          0          0          0          3       3214   external_detection.o
       180          0          0          0          0       2990   fmc_app.o
      1330          0          0          0          0       8941   gd32a50x_adc.o
      1272          0          0          0          0      15391   gd32a50x_fmc.o
       800          0          0          0          0       4393   gd32a50x_gpio.o
       654          0          0          0          0      10106   gd32a50x_i2c.o
       664          0          0          0         21       4057   gd32a50x_it.o
       442          0          0          0          0       5722   gd32a50x_misc.o
       894          0          0          0          0      12203   gd32a50x_rcu.o
       270          0          0          0          0       8185   gd32a50x_spi.o
      2364         68          0          0          0      22309   gd32a50x_timer.o
       628          0          0          0          0        840   gpio_app.o
      3188          0          0          0        314       6045   i2c_app.o
        90          0          0          0          0        630   initialization.o
       256          0          0          0          0       2457   main.o
      1196         20        226          0          0       2009   max96752.o
       574          0        382          0          6       2230   ntc.o
       344          8          0          0          5       1900   power.o
       288          0          0          0          0       1424   rcu_app.o
      2074         62          0          0        238       7292   readdataframe.o
       102          0          0          0          0       2668   spi_app.o
        80         18        348          0       2048        952   startup_gd32a50x.o
       616          0          0          4          0       2976   system_gd32a50x.o
       268          0          0          0          4       4651   systick.o
       456          0          0          0          0       4236   timer_app.o
       920          0        167          5        330       7494   update.o
      1918          0          0          0       1039       8320   writedataframe.o

    ----------------------------------------------------------------------
     23644        180       1156         12       4032     159626   Object Totals
         0          0         32          0          0          0   (incl. Generated)
       174          0          1          3         12          0   (incl. Padding)

    ----------------------------------------------------------------------

      Code (inc. data)   RO Data    RW Data    ZI Data      Debug   Library Member Name

         0          0          0          0          0          0   entry.o
         0          0          0          0          0          0   entry10a.o
         0          0          0          0          0          0   entry11a.o
         8          4          0          0          0          0   entry2.o
         4          0          0          0          0          0   entry5.o
         0          0          0          0          0          0   entry7b.o
         0          0          0          0          0          0   entry8b.o
         8          4          0          0          0          0   entry9a.o
        18          0          0          0          0         80   fputc.o
        30          0          0          0          0          0   handlers.o
        36          8          0          0          0         68   init.o
         0          0          0          0          0          0   iusefp.o
         0          0          0          0          0          0   iusesemip.o
        30          0          0          0          0         68   llshl.o
        36          0          0          0          0         68   llsshr.o
        32          0          0          0          0         68   llushr.o
        36          0          0          0          0         68   memcpya.o
      2258         90          0          0          0        452   printfa.o
         0          0          0          0          0          0   semi.o
         8          0          0          0          0         68   siabs.o
         0          0          0          4          0          0   stdout.o
        44          0          0          0          0         80   uidiv.o
        98          0          0          0          0         92   uldiv.o
        48          0          0          0          0         68   cdrcmple.o
       334          0          0          0          0        148   dadd.o
       222          0          0          0          0        100   ddiv.o
       186          0          0          0          0        176   depilogue.o
        48          0          0          0          0         68   dfixul.o
       228          0          0          0          0         96   dmul.o

    ----------------------------------------------------------------------
      3716        106          0          4          0       1768   Library Totals
         4          0          0          0          0          0   (incl. Padding)

    ----------------------------------------------------------------------

      Code (inc. data)   RO Data    RW Data    ZI Data      Debug   Library Name

      2646        106          0          4          0       1112   mc_w.l
      1066          0          0          0          0        656   mf_w.l

    ----------------------------------------------------------------------
      3716        106          0          4          0       1768   Library Totals

    ----------------------------------------------------------------------

==============================================================================


      Code (inc. data)   RO Data    RW Data    ZI Data      Debug   

     27360        286       1156         16       4032     160154   Grand Totals
     27360        286       1156         16       4032     160154   ELF Image Totals
     27360        286       1156         16          0          0   ROM Totals

==============================================================================

    Total RO  Size (Code + RO Data)                28516 (  27.85kB)
    Total RW  Size (RW Data + ZI Data)              4048 (   3.95kB)
    Total ROM Size (Code + RO Data + RW Data)      28532 (  27.86kB)

==============================================================================

